<?xml version="1.0" encoding="ISO-8859-1" ?>
<link_info>
   <banner>MSP430 Linker PC v21.6.0.LTS</banner>
   <copyright>Copyright (c) 2003-2018 Texas Instruments Incorporated</copyright>
   <link_time>0x62fdf39a</link_time>
   <link_errors>0x0</link_errors>
   <output_file>HelloWorld.out</output_file>
   <entry_point>
      <name>_c_int00_noargs</name>
      <address>0xd5f6</address>
   </entry_point>
   <input_file_list>
      <input_file id="fl-2">
         <path>.\</path>
         <kind>object</kind>
         <file>hello.obj</file>
         <name>hello.obj</name>
      </input_file>
      <input_file id="fl-8">
         <kind>object</kind>
         <file>&lt;internal&gt;</file>
         <name>&lt;internal&gt;</name>
      </input_file>
      <input_file id="fl-23">
         <path>C:\ti\ccs1120\ccs\tools\compiler\ti-cgt-msp430_21.6.0.LTS\lib\</path>
         <kind>archive</kind>
         <file>rts430x_lc_sd_eabi.lib</file>
         <name>printf.c.obj</name>
      </input_file>
      <input_file id="fl-24">
         <path>C:\ti\ccs1120\ccs\tools\compiler\ti-cgt-msp430_21.6.0.LTS\lib\</path>
         <kind>archive</kind>
         <file>rts430x_lc_sd_eabi.lib</file>
         <name>_printfi.c.obj</name>
      </input_file>
      <input_file id="fl-25">
         <path>C:\ti\ccs1120\ccs\tools\compiler\ti-cgt-msp430_21.6.0.LTS\lib\</path>
         <kind>archive</kind>
         <file>rts430x_lc_sd_eabi.lib</file>
         <name>fputc.c.obj</name>
      </input_file>
      <input_file id="fl-26">
         <path>C:\ti\ccs1120\ccs\tools\compiler\ti-cgt-msp430_21.6.0.LTS\lib\</path>
         <kind>archive</kind>
         <file>rts430x_lc_sd_eabi.lib</file>
         <name>fputs.c.obj</name>
      </input_file>
      <input_file id="fl-27">
         <path>C:\ti\ccs1120\ccs\tools\compiler\ti-cgt-msp430_21.6.0.LTS\lib\</path>
         <kind>archive</kind>
         <file>rts430x_lc_sd_eabi.lib</file>
         <name>_io_perm.c.obj</name>
      </input_file>
      <input_file id="fl-28">
         <path>C:\ti\ccs1120\ccs\tools\compiler\ti-cgt-msp430_21.6.0.LTS\lib\</path>
         <kind>archive</kind>
         <file>rts430x_lc_sd_eabi.lib</file>
         <name>setvbuf.c.obj</name>
      </input_file>
      <input_file id="fl-29">
         <path>C:\ti\ccs1120\ccs\tools\compiler\ti-cgt-msp430_21.6.0.LTS\lib\</path>
         <kind>archive</kind>
         <file>rts430x_lc_sd_eabi.lib</file>
         <name>div16u.asm.obj</name>
      </input_file>
      <input_file id="fl-2a">
         <path>C:\ti\ccs1120\ccs\tools\compiler\ti-cgt-msp430_21.6.0.LTS\lib\</path>
         <kind>archive</kind>
         <file>rts430x_lc_sd_eabi.lib</file>
         <name>div32u.asm.obj</name>
      </input_file>
      <input_file id="fl-2b">
         <path>C:\ti\ccs1120\ccs\tools\compiler\ti-cgt-msp430_21.6.0.LTS\lib\</path>
         <kind>archive</kind>
         <file>rts430x_lc_sd_eabi.lib</file>
         <name>int41.asm.obj</name>
      </input_file>
      <input_file id="fl-2c">
         <path>C:\ti\ccs1120\ccs\tools\compiler\ti-cgt-msp430_21.6.0.LTS\lib\</path>
         <kind>archive</kind>
         <file>rts430x_lc_sd_eabi.lib</file>
         <name>int42.asm.obj</name>
      </input_file>
      <input_file id="fl-2d">
         <path>C:\ti\ccs1120\ccs\tools\compiler\ti-cgt-msp430_21.6.0.LTS\lib\</path>
         <kind>archive</kind>
         <file>rts430x_lc_sd_eabi.lib</file>
         <name>int43.asm.obj</name>
      </input_file>
      <input_file id="fl-2e">
         <path>C:\ti\ccs1120\ccs\tools\compiler\ti-cgt-msp430_21.6.0.LTS\lib\</path>
         <kind>archive</kind>
         <file>rts430x_lc_sd_eabi.lib</file>
         <name>int44.asm.obj</name>
      </input_file>
      <input_file id="fl-2f">
         <path>C:\ti\ccs1120\ccs\tools\compiler\ti-cgt-msp430_21.6.0.LTS\lib\</path>
         <kind>archive</kind>
         <file>rts430x_lc_sd_eabi.lib</file>
         <name>int45.asm.obj</name>
      </input_file>
      <input_file id="fl-30">
         <path>C:\ti\ccs1120\ccs\tools\compiler\ti-cgt-msp430_21.6.0.LTS\lib\</path>
         <kind>archive</kind>
         <file>rts430x_lc_sd_eabi.lib</file>
         <name>int46.asm.obj</name>
      </input_file>
      <input_file id="fl-31">
         <path>C:\ti\ccs1120\ccs\tools\compiler\ti-cgt-msp430_21.6.0.LTS\lib\</path>
         <kind>archive</kind>
         <file>rts430x_lc_sd_eabi.lib</file>
         <name>int47.asm.obj</name>
      </input_file>
      <input_file id="fl-32">
         <path>C:\ti\ccs1120\ccs\tools\compiler\ti-cgt-msp430_21.6.0.LTS\lib\</path>
         <kind>archive</kind>
         <file>rts430x_lc_sd_eabi.lib</file>
         <name>int48.asm.obj</name>
      </input_file>
      <input_file id="fl-33">
         <path>C:\ti\ccs1120\ccs\tools\compiler\ti-cgt-msp430_21.6.0.LTS\lib\</path>
         <kind>archive</kind>
         <file>rts430x_lc_sd_eabi.lib</file>
         <name>int49.asm.obj</name>
      </input_file>
      <input_file id="fl-34">
         <path>C:\ti\ccs1120\ccs\tools\compiler\ti-cgt-msp430_21.6.0.LTS\lib\</path>
         <kind>archive</kind>
         <file>rts430x_lc_sd_eabi.lib</file>
         <name>int50.asm.obj</name>
      </input_file>
      <input_file id="fl-35">
         <path>C:\ti\ccs1120\ccs\tools\compiler\ti-cgt-msp430_21.6.0.LTS\lib\</path>
         <kind>archive</kind>
         <file>rts430x_lc_sd_eabi.lib</file>
         <name>int51.asm.obj</name>
      </input_file>
      <input_file id="fl-36">
         <path>C:\ti\ccs1120\ccs\tools\compiler\ti-cgt-msp430_21.6.0.LTS\lib\</path>
         <kind>archive</kind>
         <file>rts430x_lc_sd_eabi.lib</file>
         <name>int52.asm.obj</name>
      </input_file>
      <input_file id="fl-37">
         <path>C:\ti\ccs1120\ccs\tools\compiler\ti-cgt-msp430_21.6.0.LTS\lib\</path>
         <kind>archive</kind>
         <file>rts430x_lc_sd_eabi.lib</file>
         <name>int53.asm.obj</name>
      </input_file>
      <input_file id="fl-38">
         <path>C:\ti\ccs1120\ccs\tools\compiler\ti-cgt-msp430_21.6.0.LTS\lib\</path>
         <kind>archive</kind>
         <file>rts430x_lc_sd_eabi.lib</file>
         <name>int54.asm.obj</name>
      </input_file>
      <input_file id="fl-39">
         <path>C:\ti\ccs1120\ccs\tools\compiler\ti-cgt-msp430_21.6.0.LTS\lib\</path>
         <kind>archive</kind>
         <file>rts430x_lc_sd_eabi.lib</file>
         <name>int55.asm.obj</name>
      </input_file>
      <input_file id="fl-3a">
         <path>C:\ti\ccs1120\ccs\tools\compiler\ti-cgt-msp430_21.6.0.LTS\lib\</path>
         <kind>archive</kind>
         <file>rts430x_lc_sd_eabi.lib</file>
         <name>int56.asm.obj</name>
      </input_file>
      <input_file id="fl-3b">
         <path>C:\ti\ccs1120\ccs\tools\compiler\ti-cgt-msp430_21.6.0.LTS\lib\</path>
         <kind>archive</kind>
         <file>rts430x_lc_sd_eabi.lib</file>
         <name>int57.asm.obj</name>
      </input_file>
      <input_file id="fl-3c">
         <path>C:\ti\ccs1120\ccs\tools\compiler\ti-cgt-msp430_21.6.0.LTS\lib\</path>
         <kind>archive</kind>
         <file>rts430x_lc_sd_eabi.lib</file>
         <name>int58.asm.obj</name>
      </input_file>
      <input_file id="fl-3d">
         <path>C:\ti\ccs1120\ccs\tools\compiler\ti-cgt-msp430_21.6.0.LTS\lib\</path>
         <kind>archive</kind>
         <file>rts430x_lc_sd_eabi.lib</file>
         <name>isr_trap.asm.obj</name>
      </input_file>
      <input_file id="fl-3e">
         <path>C:\ti\ccs1120\ccs\tools\compiler\ti-cgt-msp430_21.6.0.LTS\lib\</path>
         <kind>archive</kind>
         <file>rts430x_lc_sd_eabi.lib</file>
         <name>mult16.asm.obj</name>
      </input_file>
      <input_file id="fl-3f">
         <path>C:\ti\ccs1120\ccs\tools\compiler\ti-cgt-msp430_21.6.0.LTS\lib\</path>
         <kind>archive</kind>
         <file>rts430x_lc_sd_eabi.lib</file>
         <name>mult16_f5hw.asm.obj</name>
      </input_file>
      <input_file id="fl-40">
         <path>C:\ti\ccs1120\ccs\tools\compiler\ti-cgt-msp430_21.6.0.LTS\lib\</path>
         <kind>archive</kind>
         <file>rts430x_lc_sd_eabi.lib</file>
         <name>mult1632_f5hw.asm.obj</name>
      </input_file>
      <input_file id="fl-41">
         <path>C:\ti\ccs1120\ccs\tools\compiler\ti-cgt-msp430_21.6.0.LTS\lib\</path>
         <kind>archive</kind>
         <file>rts430x_lc_sd_eabi.lib</file>
         <name>mult32_f5hw.asm.obj</name>
      </input_file>
      <input_file id="fl-42">
         <path>C:\ti\ccs1120\ccs\tools\compiler\ti-cgt-msp430_21.6.0.LTS\lib\</path>
         <kind>archive</kind>
         <file>rts430x_lc_sd_eabi.lib</file>
         <name>mult3264_f5hw.asm.obj</name>
      </input_file>
      <input_file id="fl-43">
         <path>C:\ti\ccs1120\ccs\tools\compiler\ti-cgt-msp430_21.6.0.LTS\lib\</path>
         <kind>archive</kind>
         <file>rts430x_lc_sd_eabi.lib</file>
         <name>mult64_f5hw.asm.obj</name>
      </input_file>
      <input_file id="fl-44">
         <path>C:\ti\ccs1120\ccs\tools\compiler\ti-cgt-msp430_21.6.0.LTS\lib\</path>
         <kind>archive</kind>
         <file>rts430x_lc_sd_eabi.lib</file>
         <name>boot.c.obj</name>
      </input_file>
      <input_file id="fl-45">
         <path>C:\ti\ccs1120\ccs\tools\compiler\ti-cgt-msp430_21.6.0.LTS\lib\</path>
         <kind>archive</kind>
         <file>rts430x_lc_sd_eabi.lib</file>
         <name>autoinit.c.obj</name>
      </input_file>
      <input_file id="fl-46">
         <path>C:\ti\ccs1120\ccs\tools\compiler\ti-cgt-msp430_21.6.0.LTS\lib\</path>
         <kind>archive</kind>
         <file>rts430x_lc_sd_eabi.lib</file>
         <name>copy_zero_init.c.obj</name>
      </input_file>
      <input_file id="fl-47">
         <path>C:\ti\ccs1120\ccs\tools\compiler\ti-cgt-msp430_21.6.0.LTS\lib\</path>
         <kind>archive</kind>
         <file>rts430x_lc_sd_eabi.lib</file>
         <name>exit_gvars.c.obj</name>
      </input_file>
      <input_file id="fl-48">
         <path>C:\ti\ccs1120\ccs\tools\compiler\ti-cgt-msp430_21.6.0.LTS\lib\</path>
         <kind>archive</kind>
         <file>rts430x_lc_sd_eabi.lib</file>
         <name>cpy_tbl.c.obj</name>
      </input_file>
      <input_file id="fl-49">
         <path>C:\ti\ccs1120\ccs\tools\compiler\ti-cgt-msp430_21.6.0.LTS\lib\</path>
         <kind>archive</kind>
         <file>rts430x_lc_sd_eabi.lib</file>
         <name>mpu_init.c.obj</name>
      </input_file>
      <input_file id="fl-4a">
         <path>C:\ti\ccs1120\ccs\tools\compiler\ti-cgt-msp430_21.6.0.LTS\lib\</path>
         <kind>archive</kind>
         <file>rts430x_lc_sd_eabi.lib</file>
         <name>lsr64.c.obj</name>
      </input_file>
      <input_file id="fl-4b">
         <path>C:\ti\ccs1120\ccs\tools\compiler\ti-cgt-msp430_21.6.0.LTS\lib\</path>
         <kind>archive</kind>
         <file>rts430x_lc_sd_eabi.lib</file>
         <name>div64u.c.obj</name>
      </input_file>
      <input_file id="fl-4c">
         <path>C:\ti\ccs1120\ccs\tools\compiler\ti-cgt-msp430_21.6.0.LTS\lib\</path>
         <kind>archive</kind>
         <file>rts430x_lc_sd_eabi.lib</file>
         <name>pre_init.c.obj</name>
      </input_file>
      <input_file id="fl-4d">
         <path>C:\ti\ccs1120\ccs\tools\compiler\ti-cgt-msp430_21.6.0.LTS\lib\</path>
         <kind>archive</kind>
         <file>rts430x_lc_sd_eabi.lib</file>
         <name>startup.c.obj</name>
      </input_file>
      <input_file id="fl-4e">
         <path>C:\ti\ccs1120\ccs\tools\compiler\ti-cgt-msp430_21.6.0.LTS\lib\</path>
         <kind>archive</kind>
         <file>rts430x_lc_sd_eabi.lib</file>
         <name>copy_decompress_none.c.obj</name>
      </input_file>
      <input_file id="fl-4f">
         <path>C:\ti\ccs1120\ccs\tools\compiler\ti-cgt-msp430_21.6.0.LTS\lib\</path>
         <kind>archive</kind>
         <file>rts430x_lc_sd_eabi.lib</file>
         <name>copy_decompress_lzss.c.obj</name>
      </input_file>
      <input_file id="fl-50">
         <path>C:\ti\ccs1120\ccs\tools\compiler\ti-cgt-msp430_21.6.0.LTS\lib\</path>
         <kind>archive</kind>
         <file>rts430x_lc_sd_eabi.lib</file>
         <name>cmpd.c.obj</name>
      </input_file>
      <input_file id="fl-51">
         <path>C:\ti\ccs1120\ccs\tools\compiler\ti-cgt-msp430_21.6.0.LTS\lib\</path>
         <kind>archive</kind>
         <file>rts430x_lc_sd_eabi.lib</file>
         <name>divd.c.obj</name>
      </input_file>
      <input_file id="fl-52">
         <path>C:\ti\ccs1120\ccs\tools\compiler\ti-cgt-msp430_21.6.0.LTS\lib\</path>
         <kind>archive</kind>
         <file>rts430x_lc_sd_eabi.lib</file>
         <name>fixdi.c.obj</name>
      </input_file>
      <input_file id="fl-53">
         <path>C:\ti\ccs1120\ccs\tools\compiler\ti-cgt-msp430_21.6.0.LTS\lib\</path>
         <kind>archive</kind>
         <file>rts430x_lc_sd_eabi.lib</file>
         <name>fixdli.c.obj</name>
      </input_file>
      <input_file id="fl-54">
         <path>C:\ti\ccs1120\ccs\tools\compiler\ti-cgt-msp430_21.6.0.LTS\lib\</path>
         <kind>archive</kind>
         <file>rts430x_lc_sd_eabi.lib</file>
         <name>fltid.c.obj</name>
      </input_file>
      <input_file id="fl-55">
         <path>C:\ti\ccs1120\ccs\tools\compiler\ti-cgt-msp430_21.6.0.LTS\lib\</path>
         <kind>archive</kind>
         <file>rts430x_lc_sd_eabi.lib</file>
         <name>fltlid.c.obj</name>
      </input_file>
      <input_file id="fl-56">
         <path>C:\ti\ccs1120\ccs\tools\compiler\ti-cgt-msp430_21.6.0.LTS\lib\</path>
         <kind>archive</kind>
         <file>rts430x_lc_sd_eabi.lib</file>
         <name>frcdivd.c.obj</name>
      </input_file>
      <input_file id="fl-57">
         <path>C:\ti\ccs1120\ccs\tools\compiler\ti-cgt-msp430_21.6.0.LTS\lib\</path>
         <kind>archive</kind>
         <file>rts430x_lc_sd_eabi.lib</file>
         <name>mpyd.c.obj</name>
      </input_file>
      <input_file id="fl-58">
         <path>C:\ti\ccs1120\ccs\tools\compiler\ti-cgt-msp430_21.6.0.LTS\lib\</path>
         <kind>archive</kind>
         <file>rts430x_lc_sd_eabi.lib</file>
         <name>negd.c.obj</name>
      </input_file>
      <input_file id="fl-59">
         <path>C:\ti\ccs1120\ccs\tools\compiler\ti-cgt-msp430_21.6.0.LTS\lib\</path>
         <kind>archive</kind>
         <file>rts430x_lc_sd_eabi.lib</file>
         <name>subd.c.obj</name>
      </input_file>
      <input_file id="fl-5a">
         <path>C:\ti\ccs1120\ccs\tools\compiler\ti-cgt-msp430_21.6.0.LTS\lib\</path>
         <kind>archive</kind>
         <file>rts430x_lc_sd_eabi.lib</file>
         <name>exit.c.obj</name>
      </input_file>
      <input_file id="fl-5b">
         <path>C:\ti\ccs1120\ccs\tools\compiler\ti-cgt-msp430_21.6.0.LTS\lib\</path>
         <kind>archive</kind>
         <file>rts430x_lc_sd_eabi.lib</file>
         <name>_lock.c.obj</name>
      </input_file>
      <input_file id="fl-5c">
         <path>C:\ti\ccs1120\ccs\tools\compiler\ti-cgt-msp430_21.6.0.LTS\lib\</path>
         <kind>archive</kind>
         <file>rts430x_lc_sd_eabi.lib</file>
         <name>_ltoa.c.obj</name>
      </input_file>
      <input_file id="fl-5d">
         <path>C:\ti\ccs1120\ccs\tools\compiler\ti-cgt-msp430_21.6.0.LTS\lib\</path>
         <kind>archive</kind>
         <file>rts430x_lc_sd_eabi.lib</file>
         <name>args_main.c.obj</name>
      </input_file>
      <input_file id="fl-5e">
         <path>C:\ti\ccs1120\ccs\tools\compiler\ti-cgt-msp430_21.6.0.LTS\lib\</path>
         <kind>archive</kind>
         <file>rts430x_lc_sd_eabi.lib</file>
         <name>atoi.c.obj</name>
      </input_file>
      <input_file id="fl-5f">
         <path>C:\ti\ccs1120\ccs\tools\compiler\ti-cgt-msp430_21.6.0.LTS\lib\</path>
         <kind>archive</kind>
         <file>rts430x_lc_sd_eabi.lib</file>
         <name>ctype.c.obj</name>
      </input_file>
      <input_file id="fl-60">
         <path>C:\ti\ccs1120\ccs\tools\compiler\ti-cgt-msp430_21.6.0.LTS\lib\</path>
         <kind>archive</kind>
         <file>rts430x_lc_sd_eabi.lib</file>
         <name>defs.c.obj</name>
      </input_file>
      <input_file id="fl-61">
         <path>C:\ti\ccs1120\ccs\tools\compiler\ti-cgt-msp430_21.6.0.LTS\lib\</path>
         <kind>archive</kind>
         <file>rts430x_lc_sd_eabi.lib</file>
         <name>memccpy.c.obj</name>
      </input_file>
      <input_file id="fl-62">
         <path>C:\ti\ccs1120\ccs\tools\compiler\ti-cgt-msp430_21.6.0.LTS\lib\</path>
         <kind>archive</kind>
         <file>rts430x_lc_sd_eabi.lib</file>
         <name>memchr.c.obj</name>
      </input_file>
      <input_file id="fl-63">
         <path>C:\ti\ccs1120\ccs\tools\compiler\ti-cgt-msp430_21.6.0.LTS\lib\</path>
         <kind>archive</kind>
         <file>rts430x_lc_sd_eabi.lib</file>
         <name>memcpy.c.obj</name>
      </input_file>
      <input_file id="fl-64">
         <path>C:\ti\ccs1120\ccs\tools\compiler\ti-cgt-msp430_21.6.0.LTS\lib\</path>
         <kind>archive</kind>
         <file>rts430x_lc_sd_eabi.lib</file>
         <name>memory.c.obj</name>
      </input_file>
      <input_file id="fl-65">
         <path>C:\ti\ccs1120\ccs\tools\compiler\ti-cgt-msp430_21.6.0.LTS\lib\</path>
         <kind>archive</kind>
         <file>rts430x_lc_sd_eabi.lib</file>
         <name>memset.c.obj</name>
      </input_file>
      <input_file id="fl-66">
         <path>C:\ti\ccs1120\ccs\tools\compiler\ti-cgt-msp430_21.6.0.LTS\lib\</path>
         <kind>archive</kind>
         <file>rts430x_lc_sd_eabi.lib</file>
         <name>strchr.c.obj</name>
      </input_file>
      <input_file id="fl-67">
         <path>C:\ti\ccs1120\ccs\tools\compiler\ti-cgt-msp430_21.6.0.LTS\lib\</path>
         <kind>archive</kind>
         <file>rts430x_lc_sd_eabi.lib</file>
         <name>strlen.c.obj</name>
      </input_file>
      <input_file id="fl-68">
         <path>C:\ti\ccs1120\ccs\tools\compiler\ti-cgt-msp430_21.6.0.LTS\lib\</path>
         <kind>archive</kind>
         <file>rts430x_lc_sd_eabi.lib</file>
         <name>toupper.c.obj</name>
      </input_file>
      <input_file id="fl-69">
         <path>C:\ti\ccs1120\ccs\tools\compiler\ti-cgt-msp430_21.6.0.LTS\lib\</path>
         <kind>archive</kind>
         <file>rts430x_lc_sd_eabi.lib</file>
         <name>write.c.obj</name>
      </input_file>
      <input_file id="fl-6a">
         <path>C:\ti\ccs1120\ccs\tools\compiler\ti-cgt-msp430_21.6.0.LTS\lib\</path>
         <kind>archive</kind>
         <file>rts430x_lc_sd_eabi.lib</file>
         <name>host_device.c.obj</name>
      </input_file>
      <input_file id="fl-6b">
         <path>C:\ti\ccs1120\ccs\tools\compiler\ti-cgt-msp430_21.6.0.LTS\lib\</path>
         <kind>archive</kind>
         <file>rts430x_lc_sd_eabi.lib</file>
         <name>errno.c.obj</name>
      </input_file>
      <input_file id="fl-6c">
         <path>C:\ti\ccs1120\ccs\tools\compiler\ti-cgt-msp430_21.6.0.LTS\lib\</path>
         <kind>archive</kind>
         <file>rts430x_lc_sd_eabi.lib</file>
         <name>abs.c.obj</name>
      </input_file>
      <input_file id="fl-6d">
         <path>C:\ti\ccs1120\ccs\tools\compiler\ti-cgt-msp430_21.6.0.LTS\lib\</path>
         <kind>archive</kind>
         <file>rts430x_lc_sd_eabi.lib</file>
         <name>wcslen.c.obj</name>
      </input_file>
      <input_file id="fl-6e">
         <path>C:\ti\ccs1120\ccs\tools\compiler\ti-cgt-msp430_21.6.0.LTS\lib\</path>
         <kind>archive</kind>
         <file>rts430x_lc_sd_eabi.lib</file>
         <name>s_frexp.c.obj</name>
      </input_file>
      <input_file id="fl-6f">
         <path>C:\ti\ccs1120\ccs\tools\compiler\ti-cgt-msp430_21.6.0.LTS\lib\</path>
         <kind>archive</kind>
         <file>rts430x_lc_sd_eabi.lib</file>
         <name>s_scalbn.c.obj</name>
      </input_file>
      <input_file id="fl-70">
         <path>C:\ti\ccs1120\ccs\tools\compiler\ti-cgt-msp430_21.6.0.LTS\lib\</path>
         <kind>archive</kind>
         <file>rts430x_lc_sd_eabi.lib</file>
         <name>fflush.c.obj</name>
      </input_file>
      <input_file id="fl-71">
         <path>C:\ti\ccs1120\ccs\tools\compiler\ti-cgt-msp430_21.6.0.LTS\lib\</path>
         <kind>archive</kind>
         <file>rts430x_lc_sd_eabi.lib</file>
         <name>fopen.c.obj</name>
      </input_file>
      <input_file id="fl-72">
         <path>C:\ti\ccs1120\ccs\tools\compiler\ti-cgt-msp430_21.6.0.LTS\lib\</path>
         <kind>archive</kind>
         <file>rts430x_lc_sd_eabi.lib</file>
         <name>fseek.c.obj</name>
      </input_file>
      <input_file id="fl-73">
         <path>C:\ti\ccs1120\ccs\tools\compiler\ti-cgt-msp430_21.6.0.LTS\lib\</path>
         <kind>archive</kind>
         <file>rts430x_lc_sd_eabi.lib</file>
         <name>asr32.asm.obj</name>
      </input_file>
      <input_file id="fl-74">
         <path>C:\ti\ccs1120\ccs\tools\compiler\ti-cgt-msp430_21.6.0.LTS\lib\</path>
         <kind>archive</kind>
         <file>rts430x_lc_sd_eabi.lib</file>
         <name>div32s.asm.obj</name>
      </input_file>
      <input_file id="fl-75">
         <path>C:\ti\ccs1120\ccs\tools\compiler\ti-cgt-msp430_21.6.0.LTS\lib\</path>
         <kind>archive</kind>
         <file>rts430x_lc_sd_eabi.lib</file>
         <name>cpy_util.asm.obj</name>
      </input_file>
      <input_file id="fl-76">
         <path>C:\ti\ccs1120\ccs\tools\compiler\ti-cgt-msp430_21.6.0.LTS\lib\</path>
         <kind>archive</kind>
         <file>rts430x_lc_sd_eabi.lib</file>
         <name>lsl32.asm.obj</name>
      </input_file>
      <input_file id="fl-77">
         <path>C:\ti\ccs1120\ccs\tools\compiler\ti-cgt-msp430_21.6.0.LTS\lib\</path>
         <kind>archive</kind>
         <file>rts430x_lc_sd_eabi.lib</file>
         <name>lsr32.asm.obj</name>
      </input_file>
      <input_file id="fl-78">
         <path>C:\ti\ccs1120\ccs\tools\compiler\ti-cgt-msp430_21.6.0.LTS\lib\</path>
         <kind>archive</kind>
         <file>rts430x_lc_sd_eabi.lib</file>
         <name>mult32.asm.obj</name>
      </input_file>
      <input_file id="fl-79">
         <path>C:\ti\ccs1120\ccs\tools\compiler\ti-cgt-msp430_21.6.0.LTS\lib\</path>
         <kind>archive</kind>
         <file>rts430x_lc_sd_eabi.lib</file>
         <name>lsl64.c.obj</name>
      </input_file>
      <input_file id="fl-7a">
         <path>C:\ti\ccs1120\ccs\tools\compiler\ti-cgt-msp430_21.6.0.LTS\lib\</path>
         <kind>archive</kind>
         <file>rts430x_lc_sd_eabi.lib</file>
         <name>addd.c.obj</name>
      </input_file>
      <input_file id="fl-7b">
         <path>C:\ti\ccs1120\ccs\tools\compiler\ti-cgt-msp430_21.6.0.LTS\lib\</path>
         <kind>archive</kind>
         <file>rts430x_lc_sd_eabi.lib</file>
         <name>frcmpyd.c.obj</name>
      </input_file>
      <input_file id="fl-7c">
         <path>C:\ti\ccs1120\ccs\tools\compiler\ti-cgt-msp430_21.6.0.LTS\lib\</path>
         <kind>archive</kind>
         <file>rts430x_lc_sd_eabi.lib</file>
         <name>hostclose.c.obj</name>
      </input_file>
      <input_file id="fl-7d">
         <path>C:\ti\ccs1120\ccs\tools\compiler\ti-cgt-msp430_21.6.0.LTS\lib\</path>
         <kind>archive</kind>
         <file>rts430x_lc_sd_eabi.lib</file>
         <name>hostlseek.c.obj</name>
      </input_file>
      <input_file id="fl-7e">
         <path>C:\ti\ccs1120\ccs\tools\compiler\ti-cgt-msp430_21.6.0.LTS\lib\</path>
         <kind>archive</kind>
         <file>rts430x_lc_sd_eabi.lib</file>
         <name>hostopen.c.obj</name>
      </input_file>
      <input_file id="fl-7f">
         <path>C:\ti\ccs1120\ccs\tools\compiler\ti-cgt-msp430_21.6.0.LTS\lib\</path>
         <kind>archive</kind>
         <file>rts430x_lc_sd_eabi.lib</file>
         <name>hostread.c.obj</name>
      </input_file>
      <input_file id="fl-80">
         <path>C:\ti\ccs1120\ccs\tools\compiler\ti-cgt-msp430_21.6.0.LTS\lib\</path>
         <kind>archive</kind>
         <file>rts430x_lc_sd_eabi.lib</file>
         <name>hostrename.c.obj</name>
      </input_file>
      <input_file id="fl-81">
         <path>C:\ti\ccs1120\ccs\tools\compiler\ti-cgt-msp430_21.6.0.LTS\lib\</path>
         <kind>archive</kind>
         <file>rts430x_lc_sd_eabi.lib</file>
         <name>hostunlink.c.obj</name>
      </input_file>
      <input_file id="fl-82">
         <path>C:\ti\ccs1120\ccs\tools\compiler\ti-cgt-msp430_21.6.0.LTS\lib\</path>
         <kind>archive</kind>
         <file>rts430x_lc_sd_eabi.lib</file>
         <name>hostwrite.c.obj</name>
      </input_file>
      <input_file id="fl-83">
         <path>C:\ti\ccs1120\ccs\tools\compiler\ti-cgt-msp430_21.6.0.LTS\lib\</path>
         <kind>archive</kind>
         <file>rts430x_lc_sd_eabi.lib</file>
         <name>trgmsg.c.obj</name>
      </input_file>
      <input_file id="fl-84">
         <path>C:\ti\ccs1120\ccs\tools\compiler\ti-cgt-msp430_21.6.0.LTS\lib\</path>
         <kind>archive</kind>
         <file>rts430x_lc_sd_eabi.lib</file>
         <name>open.c.obj</name>
      </input_file>
      <input_file id="fl-85">
         <path>C:\ti\ccs1120\ccs\tools\compiler\ti-cgt-msp430_21.6.0.LTS\lib\</path>
         <kind>archive</kind>
         <file>rts430x_lc_sd_eabi.lib</file>
         <name>lseek.c.obj</name>
      </input_file>
      <input_file id="fl-86">
         <path>C:\ti\ccs1120\ccs\tools\compiler\ti-cgt-msp430_21.6.0.LTS\lib\</path>
         <kind>archive</kind>
         <file>rts430x_lc_sd_eabi.lib</file>
         <name>s_copysign.c.obj</name>
      </input_file>
      <input_file id="fl-87">
         <path>C:\ti\ccs1120\ccs\tools\compiler\ti-cgt-msp430_21.6.0.LTS\lib\</path>
         <kind>archive</kind>
         <file>rts430x_lc_sd_eabi.lib</file>
         <name>fclose.c.obj</name>
      </input_file>
      <input_file id="fl-88">
         <path>C:\ti\ccs1120\ccs\tools\compiler\ti-cgt-msp430_21.6.0.LTS\lib\</path>
         <kind>archive</kind>
         <file>rts430x_lc_sd_eabi.lib</file>
         <name>getdevice.c.obj</name>
      </input_file>
      <input_file id="fl-89">
         <path>C:\ti\ccs1120\ccs\tools\compiler\ti-cgt-msp430_21.6.0.LTS\lib\</path>
         <kind>archive</kind>
         <file>rts430x_lc_sd_eabi.lib</file>
         <name>mult3264.asm.obj</name>
      </input_file>
      <input_file id="fl-8a">
         <path>C:\ti\ccs1120\ccs\tools\compiler\ti-cgt-msp430_21.6.0.LTS\lib\</path>
         <kind>archive</kind>
         <file>rts430x_lc_sd_eabi.lib</file>
         <name>mult64.asm.obj</name>
      </input_file>
      <input_file id="fl-8b">
         <path>C:\ti\ccs1120\ccs\tools\compiler\ti-cgt-msp430_21.6.0.LTS\lib\</path>
         <kind>archive</kind>
         <file>rts430x_lc_sd_eabi.lib</file>
         <name>asr64.c.obj</name>
      </input_file>
      <input_file id="fl-8c">
         <path>C:\ti\ccs1120\ccs\tools\compiler\ti-cgt-msp430_21.6.0.LTS\lib\</path>
         <kind>archive</kind>
         <file>rts430x_lc_sd_eabi.lib</file>
         <name>strcmp.c.obj</name>
      </input_file>
      <input_file id="fl-8d">
         <path>C:\ti\ccs1120\ccs\tools\compiler\ti-cgt-msp430_21.6.0.LTS\lib\</path>
         <kind>archive</kind>
         <file>rts430x_lc_sd_eabi.lib</file>
         <name>strcpy.c.obj</name>
      </input_file>
      <input_file id="fl-8e">
         <path>C:\ti\ccs1120\ccs\tools\compiler\ti-cgt-msp430_21.6.0.LTS\lib\</path>
         <kind>archive</kind>
         <file>rts430x_lc_sd_eabi.lib</file>
         <name>strncpy.c.obj</name>
      </input_file>
      <input_file id="fl-8f">
         <path>C:\ti\ccs1120\ccs\tools\compiler\ti-cgt-msp430_21.6.0.LTS\lib\</path>
         <kind>archive</kind>
         <file>rts430x_lc_sd_eabi.lib</file>
         <name>remove.c.obj</name>
      </input_file>
      <input_file id="fl-90">
         <path>C:\ti\ccs1120\ccs\tools\compiler\ti-cgt-msp430_21.6.0.LTS\lib\</path>
         <kind>archive</kind>
         <file>rts430x_lc_sd_eabi.lib</file>
         <name>close.c.obj</name>
      </input_file>
      <input_file id="fl-91">
         <path>C:\ti\ccs1120\ccs\tools\compiler\ti-cgt-msp430_21.6.0.LTS\lib\</path>
         <kind>archive</kind>
         <file>rts430x_lc_sd_eabi.lib</file>
         <name>mult1632.asm.obj</name>
      </input_file>
      <input_file id="fl-92">
         <path>C:\ti\ccs1120\ccs\tools\compiler\ti-cgt-msp430_21.6.0.LTS\lib\</path>
         <kind>archive</kind>
         <file>rts430x_lc_sd_eabi.lib</file>
         <name>unlink.c.obj</name>
      </input_file>
   </input_file_list>
   <object_component_list>
      <object_component id="oc-643">
         <name>.cinit..data.load</name>
         <load_address>0xc400</load_address>
         <run_address>0xc400</run_address>
         <size>0x134</size>
      </object_component>
      <object_component id="oc-640">
         <name>__TI_handler_table</name>
         <load_address>0xc536</load_address>
         <run_address>0xc536</run_address>
         <size>0xc</size>
      </object_component>
      <object_component id="oc-642">
         <name>.cinit..bss.load</name>
         <load_address>0xc542</load_address>
         <run_address>0xc542</run_address>
         <size>0x6</size>
      </object_component>
      <object_component id="oc-641">
         <name>__TI_cinit_table</name>
         <load_address>0xc548</load_address>
         <run_address>0xc548</run_address>
         <size>0x10</size>
      </object_component>
      <object_component id="oc-5d8">
         <name>.binit</name>
         <load_address>0xc558</load_address>
         <run_address>0xc558</run_address>
         <size>0x0</size>
      </object_component>
      <object_component id="oc-42a">
         <name>.const:.string</name>
         <load_address>0xc558</load_address>
         <run_address>0xc558</run_address>
         <size>0x26</size>
         <input_file_ref idref="fl-24"/>
      </object_component>
      <object_component id="oc-307">
         <name>.const:.string</name>
         <load_address>0xc57e</load_address>
         <run_address>0xc57e</run_address>
         <size>0x6</size>
         <input_file_ref idref="fl-2"/>
      </object_component>
      <object_component id="oc-3b9">
         <name>.text:__TI_printfi_minimal:_setfield___TI_printfi_minimal</name>
         <load_address>0xc584</load_address>
         <run_address>0xc584</run_address>
         <size>0x10e</size>
         <input_file_ref idref="fl-24"/>
      </object_component>
      <object_component id="oc-4e4">
         <name>.text:aligned_alloc</name>
         <load_address>0xc692</load_address>
         <run_address>0xc692</run_address>
         <size>0xf0</size>
         <input_file_ref idref="fl-64"/>
      </object_component>
      <object_component id="oc-68">
         <name>.text:decompress:lzss:__TI_decompress_lzss</name>
         <load_address>0xc782</load_address>
         <run_address>0xc782</run_address>
         <size>0xee</size>
         <input_file_ref idref="fl-4f"/>
      </object_component>
      <object_component id="oc-360">
         <name>.text:__TI_printfi_minimal:__TI_printfi_minimal</name>
         <load_address>0xc870</load_address>
         <run_address>0xc870</run_address>
         <size>0xe2</size>
         <input_file_ref idref="fl-24"/>
      </object_component>
      <object_component id="oc-3a5">
         <name>.text:fputs</name>
         <load_address>0xc952</load_address>
         <run_address>0xc952</run_address>
         <size>0xde</size>
         <input_file_ref idref="fl-26"/>
      </object_component>
      <object_component id="oc-491">
         <name>.text:free</name>
         <load_address>0xca30</load_address>
         <run_address>0xca30</run_address>
         <size>0xd2</size>
         <input_file_ref idref="fl-64"/>
      </object_component>
      <object_component id="oc-45b">
         <name>.text:setvbuf</name>
         <load_address>0xcb02</load_address>
         <run_address>0xcb02</run_address>
         <size>0xcc</size>
         <input_file_ref idref="fl-28"/>
      </object_component>
      <object_component id="oc-42b">
         <name>.text:__TI_printfi_minimal:_pproc_diouxp___TI_printfi_minimal</name>
         <load_address>0xcbce</load_address>
         <run_address>0xcbce</run_address>
         <size>0xc4</size>
         <input_file_ref idref="fl-24"/>
      </object_component>
      <object_component id="oc-3ac">
         <name>.text:fputc</name>
         <load_address>0xcc92</load_address>
         <run_address>0xcc92</run_address>
         <size>0x8c</size>
         <input_file_ref idref="fl-25"/>
      </object_component>
      <object_component id="oc-50f">
         <name>.text:HOSTlseek</name>
         <load_address>0xcd1e</load_address>
         <run_address>0xcd1e</run_address>
         <size>0x82</size>
         <input_file_ref idref="fl-7d"/>
      </object_component>
      <object_component id="oc-401">
         <name>.text:__TI_wrt_ok</name>
         <load_address>0xcda0</load_address>
         <run_address>0xcda0</run_address>
         <size>0x7a</size>
         <input_file_ref idref="fl-27"/>
      </object_component>
      <object_component id="oc-51b">
         <name>.text:HOSTrename</name>
         <load_address>0xce1a</load_address>
         <run_address>0xce1a</run_address>
         <size>0x6a</size>
         <input_file_ref idref="fl-80"/>
      </object_component>
      <object_component id="oc-333">
         <name>.text:__TI_auto_init_nobinit_nopinit_hold_wdt:__TI_auto_init_nobinit_nopinit_hold_wdt</name>
         <load_address>0xce84</load_address>
         <run_address>0xce84</run_address>
         <size>0x6a</size>
         <input_file_ref idref="fl-45"/>
      </object_component>
      <object_component id="oc-455">
         <name>.text:fseeko</name>
         <load_address>0xceee</load_address>
         <run_address>0xceee</run_address>
         <size>0x6a</size>
         <input_file_ref idref="fl-72"/>
      </object_component>
      <object_component id="oc-4eb">
         <name>.text:__TI_closefile</name>
         <load_address>0xcf58</load_address>
         <run_address>0xcf58</run_address>
         <size>0x68</size>
         <input_file_ref idref="fl-87"/>
      </object_component>
      <object_component id="oc-534">
         <name>.text:split</name>
         <load_address>0xcfc0</load_address>
         <run_address>0xcfc0</run_address>
         <size>0x68</size>
         <input_file_ref idref="fl-64"/>
      </object_component>
      <object_component id="oc-4f7">
         <name>.text:HOSTopen</name>
         <load_address>0xd028</load_address>
         <run_address>0xd028</run_address>
         <size>0x64</size>
         <input_file_ref idref="fl-7e"/>
      </object_component>
      <object_component id="oc-40d">
         <name>.text:__TI_doflush</name>
         <load_address>0xd08c</load_address>
         <run_address>0xd08c</run_address>
         <size>0x62</size>
         <input_file_ref idref="fl-70"/>
      </object_component>
      <object_component id="oc-509">
         <name>.text:HOSTwrite</name>
         <load_address>0xd0ee</load_address>
         <run_address>0xd0ee</run_address>
         <size>0x60</size>
         <input_file_ref idref="fl-82"/>
      </object_component>
      <object_component id="oc-503">
         <name>.text:HOSTread</name>
         <load_address>0xd14e</load_address>
         <run_address>0xd14e</run_address>
         <size>0x5e</size>
         <input_file_ref idref="fl-7f"/>
      </object_component>
      <object_component id="oc-57a">
         <name>.text:getdevice</name>
         <load_address>0xd1ac</load_address>
         <run_address>0xd1ac</run_address>
         <size>0x54</size>
         <input_file_ref idref="fl-88"/>
      </object_component>
      <object_component id="oc-53b">
         <name>.text:close</name>
         <load_address>0xd200</load_address>
         <run_address>0xd200</run_address>
         <size>0x4a</size>
         <input_file_ref idref="fl-90"/>
      </object_component>
      <object_component id="oc-315">
         <name>.text:exit</name>
         <load_address>0xd24a</load_address>
         <run_address>0xd24a</run_address>
         <size>0x48</size>
         <input_file_ref idref="fl-5a"/>
      </object_component>
      <object_component id="oc-4fd">
         <name>.text:HOSTclose</name>
         <load_address>0xd292</load_address>
         <run_address>0xd292</run_address>
         <size>0x46</size>
         <input_file_ref idref="fl-7c"/>
      </object_component>
      <object_component id="oc-515">
         <name>.text:HOSTunlink</name>
         <load_address>0xd2d8</load_address>
         <run_address>0xd2d8</run_address>
         <size>0x42</size>
         <input_file_ref idref="fl-81"/>
      </object_component>
      <object_component id="oc-271">
         <name>.text:__memcpy_far</name>
         <load_address>0xd31a</load_address>
         <run_address>0xd31a</run_address>
         <size>0x40</size>
         <input_file_ref idref="fl-75"/>
      </object_component>
      <object_component id="oc-308">
         <name>.text:printf</name>
         <load_address>0xd35a</load_address>
         <run_address>0xd35a</run_address>
         <size>0x40</size>
         <input_file_ref idref="fl-23"/>
      </object_component>
      <object_component id="oc-282">
         <name>.text:decompress:ZI:__TI_zero_init_nomemset:__TI_zero_init_nomemset</name>
         <load_address>0xd39a</load_address>
         <run_address>0xd39a</run_address>
         <size>0x3e</size>
         <input_file_ref idref="fl-46"/>
      </object_component>
      <object_component id="oc-562">
         <name>.text:l_lsl_const</name>
         <load_address>0xd3d8</load_address>
         <run_address>0xd3d8</run_address>
         <size>0x3e</size>
         <input_file_ref idref="fl-76"/>
      </object_component>
      <object_component id="oc-6e">
         <name>.text:decompress:none:__TI_decompress_none</name>
         <load_address>0xd416</load_address>
         <run_address>0xd416</run_address>
         <size>0x3c</size>
         <input_file_ref idref="fl-4e"/>
      </object_component>
      <object_component id="oc-49d">
         <name>.text:__TI_cleanup</name>
         <load_address>0xd452</load_address>
         <run_address>0xd452</run_address>
         <size>0x32</size>
         <input_file_ref idref="fl-71"/>
      </object_component>
      <object_component id="oc-54f">
         <name>.text:__TI_writemsg</name>
         <load_address>0xd484</load_address>
         <run_address>0xd484</run_address>
         <size>0x2e</size>
         <input_file_ref idref="fl-83"/>
      </object_component>
      <object_component id="oc-5a9">
         <name>.text:finddevice</name>
         <load_address>0xd4b2</load_address>
         <run_address>0xd4b2</run_address>
         <size>0x2e</size>
         <input_file_ref idref="fl-88"/>
      </object_component>
      <object_component id="oc-555">
         <name>.text:__TI_readmsg</name>
         <load_address>0xd4e0</load_address>
         <run_address>0xd4e0</run_address>
         <size>0x2c</size>
         <input_file_ref idref="fl-83"/>
      </object_component>
      <object_component id="oc-5a3">
         <name>.text:strncpy</name>
         <load_address>0xd50c</load_address>
         <run_address>0xd50c</run_address>
         <size>0x2c</size>
         <input_file_ref idref="fl-8e"/>
      </object_component>
      <object_component id="oc-542">
         <name>.text:unlink</name>
         <load_address>0xd538</load_address>
         <run_address>0xd538</run_address>
         <size>0x2a</size>
         <input_file_ref idref="fl-92"/>
      </object_component>
      <object_component id="oc-4dd">
         <name>.text:free_list_insert</name>
         <load_address>0xd562</load_address>
         <run_address>0xd562</run_address>
         <size>0x28</size>
         <input_file_ref idref="fl-64"/>
      </object_component>
      <object_component id="oc-484">
         <name>.text:lseek</name>
         <load_address>0xd58a</load_address>
         <run_address>0xd58a</run_address>
         <size>0x26</size>
         <input_file_ref idref="fl-85"/>
      </object_component>
      <object_component id="oc-413">
         <name>.text:write</name>
         <load_address>0xd5b0</load_address>
         <run_address>0xd5b0</run_address>
         <size>0x24</size>
         <input_file_ref idref="fl-69"/>
      </object_component>
      <object_component id="oc-431">
         <name>.text:memccpy</name>
         <load_address>0xd5d4</load_address>
         <run_address>0xd5d4</run_address>
         <size>0x22</size>
         <input_file_ref idref="fl-61"/>
      </object_component>
      <object_component id="oc-294">
         <name>.text:_isr:_c_int00_noargs</name>
         <load_address>0xd5f6</load_address>
         <run_address>0xd5f6</run_address>
         <size>0x1c</size>
         <input_file_ref idref="fl-44"/>
      </object_component>
      <object_component id="oc-4d7">
         <name>.text:free_list_remove</name>
         <load_address>0xd612</load_address>
         <run_address>0xd612</run_address>
         <size>0x1c</size>
         <input_file_ref idref="fl-64"/>
      </object_component>
      <object_component id="oc-59d">
         <name>.text:strchr</name>
         <load_address>0xd62e</load_address>
         <run_address>0xd62e</run_address>
         <size>0x1a</size>
         <input_file_ref idref="fl-66"/>
      </object_component>
      <object_component id="oc-3ea">
         <name>.text</name>
         <load_address>0xd648</load_address>
         <run_address>0xd648</run_address>
         <size>0x18</size>
         <input_file_ref idref="fl-3f"/>
      </object_component>
      <object_component id="oc-5c2">
         <name>.text:strcmp</name>
         <load_address>0xd660</load_address>
         <run_address>0xd660</run_address>
         <size>0x18</size>
         <input_file_ref idref="fl-8c"/>
      </object_component>
      <object_component id="oc-2d9">
         <name>.text:main</name>
         <load_address>0xd678</load_address>
         <run_address>0xd678</run_address>
         <size>0x16</size>
         <input_file_ref idref="fl-2"/>
      </object_component>
      <object_component id="oc-474">
         <name>.text</name>
         <load_address>0xd68e</load_address>
         <run_address>0xd68e</run_address>
         <size>0x16</size>
         <input_file_ref idref="fl-29"/>
      </object_component>
      <object_component id="oc-407">
         <name>.text:memchr</name>
         <load_address>0xd6a4</load_address>
         <run_address>0xd6a4</run_address>
         <size>0x14</size>
         <input_file_ref idref="fl-62"/>
      </object_component>
      <object_component id="oc-424">
         <name>.text:memset</name>
         <load_address>0xd6b8</load_address>
         <run_address>0xd6b8</run_address>
         <size>0x14</size>
         <input_file_ref idref="fl-65"/>
      </object_component>
      <object_component id="oc-3ef">
         <name>.text:memcpy</name>
         <load_address>0xd6cc</load_address>
         <run_address>0xd6cc</run_address>
         <size>0x12</size>
         <input_file_ref idref="fl-63"/>
      </object_component>
      <object_component id="oc-56b">
         <name>.text:strcpy</name>
         <load_address>0xd6de</load_address>
         <run_address>0xd6de</run_address>
         <size>0x10</size>
         <input_file_ref idref="fl-8d"/>
      </object_component>
      <object_component id="oc-3b3">
         <name>.text:strlen</name>
         <load_address>0xd6ee</load_address>
         <run_address>0xd6ee</run_address>
         <size>0xe</size>
         <input_file_ref idref="fl-67"/>
      </object_component>
      <object_component id="oc-27d">
         <name>.text:_isr:__TI_ISR_TRAP</name>
         <load_address>0xd6fc</load_address>
         <run_address>0xd6fc</run_address>
         <size>0x8</size>
         <input_file_ref idref="fl-3d"/>
      </object_component>
      <object_component id="oc-497">
         <name>.text:malloc</name>
         <load_address>0xd704</load_address>
         <run_address>0xd704</run_address>
         <size>0x8</size>
         <input_file_ref idref="fl-64"/>
      </object_component>
      <object_component id="oc-35a">
         <name>.text:_outc</name>
         <load_address>0xd70c</load_address>
         <run_address>0xd70c</run_address>
         <size>0x6</size>
         <input_file_ref idref="fl-23"/>
      </object_component>
      <object_component id="oc-30f">
         <name>.text:abort</name>
         <load_address>0xd712</load_address>
         <run_address>0xd712</run_address>
         <size>0x6</size>
         <input_file_ref idref="fl-5a"/>
      </object_component>
      <object_component id="oc-354">
         <name>.text:_outs</name>
         <load_address>0xd718</load_address>
         <run_address>0xd718</run_address>
         <size>0x4</size>
         <input_file_ref idref="fl-23"/>
      </object_component>
      <object_component id="oc-2d3">
         <name>.text:_system_pre_init</name>
         <load_address>0xd71c</load_address>
         <run_address>0xd71c</run_address>
         <size>0x4</size>
         <input_file_ref idref="fl-4c"/>
      </object_component>
      <object_component id="oc-398">
         <name>.text:_nop</name>
         <load_address>0xd720</load_address>
         <run_address>0xd720</run_address>
         <size>0x2</size>
         <input_file_ref idref="fl-5b"/>
      </object_component>
      <object_component id="oc-377">
         <name>.text:_system_post_cinit</name>
         <load_address>0xd722</load_address>
         <run_address>0xd722</run_address>
         <size>0x2</size>
         <input_file_ref idref="fl-4d"/>
      </object_component>
      <object_component id="oc-52c">
         <name>.bss</name>
         <uninitialized>true</uninitialized>
         <run_address>0x254e</run_address>
         <size>0x2</size>
         <input_file_ref idref="fl-64"/>
      </object_component>
      <object_component id="oc-541">
         <name>.common:__TI_tmpnams</name>
         <uninitialized>true</uninitialized>
         <run_address>0x24a6</run_address>
         <size>0xa0</size>
      </object_component>
      <object_component id="oc-54c">
         <name>.common:parmbuf</name>
         <uninitialized>true</uninitialized>
         <run_address>0x2546</run_address>
         <size>0x8</size>
      </object_component>
      <object_component id="oc-372">
         <name>.data:__TI_cleanup_ptr</name>
         <load_address>0x2370</load_address>
         <run_address>0x2370</run_address>
         <size>0x4</size>
         <input_file_ref idref="fl-47"/>
      </object_component>
      <object_component id="oc-36f">
         <name>.data:__TI_dtors_ptr</name>
         <load_address>0x2374</load_address>
         <run_address>0x2374</run_address>
         <size>0x4</size>
         <input_file_ref idref="fl-47"/>
      </object_component>
      <object_component id="oc-36c">
         <name>.data</name>
         <load_address>0x2382</load_address>
         <run_address>0x2382</run_address>
         <size>0x2</size>
         <input_file_ref idref="fl-5a"/>
      </object_component>
      <object_component id="oc-34e">
         <name>.data:_lock</name>
         <load_address>0x2378</load_address>
         <run_address>0x2378</run_address>
         <size>0x4</size>
         <input_file_ref idref="fl-5b"/>
      </object_component>
      <object_component id="oc-366">
         <name>.data:_unlock</name>
         <load_address>0x237c</load_address>
         <run_address>0x237c</run_address>
         <size>0x4</size>
         <input_file_ref idref="fl-5b"/>
      </object_component>
      <object_component id="oc-351">
         <name>.data:_ftable</name>
         <load_address>0x22d0</load_address>
         <run_address>0x22d0</run_address>
         <size>0x78</size>
         <input_file_ref idref="fl-60"/>
      </object_component>
      <object_component id="oc-4f1">
         <name>.data</name>
         <load_address>0x2380</load_address>
         <run_address>0x2380</run_address>
         <size>0x2</size>
         <input_file_ref idref="fl-60"/>
      </object_component>
      <object_component id="oc-531">
         <name>.data</name>
         <load_address>0x2384</load_address>
         <run_address>0x2384</run_address>
         <size>0x2</size>
         <input_file_ref idref="fl-64"/>
      </object_component>
      <object_component id="oc-4b0">
         <name>.data:_device</name>
         <load_address>0x2258</load_address>
         <run_address>0x2258</run_address>
         <size>0x78</size>
         <input_file_ref idref="fl-6a"/>
      </object_component>
      <object_component id="oc-467">
         <name>.data:_stream</name>
         <load_address>0x2348</load_address>
         <run_address>0x2348</run_address>
         <size>0x28</size>
         <input_file_ref idref="fl-6a"/>
      </object_component>
      <object_component id="oc-586">
         <name>.cio</name>
         <uninitialized>true</uninitialized>
         <run_address>0x2386</run_address>
         <size>0x120</size>
         <input_file_ref idref="fl-83"/>
      </object_component>
      <object_component id="oc-263">
         <name>.sysmem</name>
         <uninitialized>true</uninitialized>
         <run_address>0x2000</run_address>
         <size>0x8</size>
         <input_file_ref idref="fl-64"/>
      </object_component>
      <object_component id="oc-645">
         <name>.sysmem</name>
         <uninitialized>true</uninitialized>
         <run_address>0x2000</run_address>
         <size>0x0</size>
      </object_component>
      <object_component id="oc-25f">
         <name>.stack</name>
         <uninitialized>true</uninitialized>
         <run_address>0x2f60</run_address>
         <size>0x2</size>
         <input_file_ref idref="fl-44"/>
      </object_component>
      <object_component id="oc-644">
         <name>.stack</name>
         <uninitialized>true</uninitialized>
         <run_address>0x2f60</run_address>
         <size>0x0</size>
      </object_component>
      <object_component id="oc-74">
         <name>.int41</name>
         <load_address>0xffda</load_address>
         <run_address>0xffda</run_address>
         <size>0x2</size>
         <input_file_ref idref="fl-2b"/>
      </object_component>
      <object_component id="oc-75">
         <name>.int42</name>
         <load_address>0xffdc</load_address>
         <run_address>0xffdc</run_address>
         <size>0x2</size>
         <input_file_ref idref="fl-2c"/>
      </object_component>
      <object_component id="oc-76">
         <name>.int43</name>
         <load_address>0xffde</load_address>
         <run_address>0xffde</run_address>
         <size>0x2</size>
         <input_file_ref idref="fl-2d"/>
      </object_component>
      <object_component id="oc-77">
         <name>.int44</name>
         <load_address>0xffe0</load_address>
         <run_address>0xffe0</run_address>
         <size>0x2</size>
         <input_file_ref idref="fl-2e"/>
      </object_component>
      <object_component id="oc-78">
         <name>.int45</name>
         <load_address>0xffe2</load_address>
         <run_address>0xffe2</run_address>
         <size>0x2</size>
         <input_file_ref idref="fl-2f"/>
      </object_component>
      <object_component id="oc-79">
         <name>.int46</name>
         <load_address>0xffe4</load_address>
         <run_address>0xffe4</run_address>
         <size>0x2</size>
         <input_file_ref idref="fl-30"/>
      </object_component>
      <object_component id="oc-7a">
         <name>.int47</name>
         <load_address>0xffe6</load_address>
         <run_address>0xffe6</run_address>
         <size>0x2</size>
         <input_file_ref idref="fl-31"/>
      </object_component>
      <object_component id="oc-7b">
         <name>.int48</name>
         <load_address>0xffe8</load_address>
         <run_address>0xffe8</run_address>
         <size>0x2</size>
         <input_file_ref idref="fl-32"/>
      </object_component>
      <object_component id="oc-7c">
         <name>.int49</name>
         <load_address>0xffea</load_address>
         <run_address>0xffea</run_address>
         <size>0x2</size>
         <input_file_ref idref="fl-33"/>
      </object_component>
      <object_component id="oc-7d">
         <name>.int50</name>
         <load_address>0xffec</load_address>
         <run_address>0xffec</run_address>
         <size>0x2</size>
         <input_file_ref idref="fl-34"/>
      </object_component>
      <object_component id="oc-7e">
         <name>.int51</name>
         <load_address>0xffee</load_address>
         <run_address>0xffee</run_address>
         <size>0x2</size>
         <input_file_ref idref="fl-35"/>
      </object_component>
      <object_component id="oc-7f">
         <name>.int52</name>
         <load_address>0xfff0</load_address>
         <run_address>0xfff0</run_address>
         <size>0x2</size>
         <input_file_ref idref="fl-36"/>
      </object_component>
      <object_component id="oc-80">
         <name>.int53</name>
         <load_address>0xfff2</load_address>
         <run_address>0xfff2</run_address>
         <size>0x2</size>
         <input_file_ref idref="fl-37"/>
      </object_component>
      <object_component id="oc-81">
         <name>.int54</name>
         <load_address>0xfff4</load_address>
         <run_address>0xfff4</run_address>
         <size>0x2</size>
         <input_file_ref idref="fl-38"/>
      </object_component>
      <object_component id="oc-82">
         <name>.int55</name>
         <load_address>0xfff6</load_address>
         <run_address>0xfff6</run_address>
         <size>0x2</size>
         <input_file_ref idref="fl-39"/>
      </object_component>
      <object_component id="oc-83">
         <name>.int56</name>
         <load_address>0xfff8</load_address>
         <run_address>0xfff8</run_address>
         <size>0x2</size>
         <input_file_ref idref="fl-3a"/>
      </object_component>
      <object_component id="oc-84">
         <name>.int57</name>
         <load_address>0xfffa</load_address>
         <run_address>0xfffa</run_address>
         <size>0x2</size>
         <input_file_ref idref="fl-3b"/>
      </object_component>
      <object_component id="oc-85">
         <name>.int58</name>
         <load_address>0xfffc</load_address>
         <run_address>0xfffc</run_address>
         <size>0x2</size>
         <input_file_ref idref="fl-3c"/>
      </object_component>
      <object_component id="oc-262">
         <name>.reset</name>
         <load_address>0xfffe</load_address>
         <run_address>0xfffe</run_address>
         <size>0x2</size>
         <input_file_ref idref="fl-44"/>
      </object_component>
      <object_component id="oc-481">
         <name>.debug_info</name>
         <load_address>0x0</load_address>
         <run_address>0x0</run_address>
         <size>0x1c1</size>
         <input_file_ref idref="fl-2"/>
      </object_component>
      <object_component id="oc-2da">
         <name>.debug_info</name>
         <load_address>0x1c1</load_address>
         <run_address>0x1c1</run_address>
         <size>0x12d</size>
         <input_file_ref idref="fl-2"/>
      </object_component>
      <object_component id="oc-4ce">
         <name>.debug_info</name>
         <load_address>0x2ee</load_address>
         <run_address>0x2ee</run_address>
         <size>0x26b</size>
         <input_file_ref idref="fl-2"/>
      </object_component>
      <object_component id="oc-26c">
         <name>.debug_info</name>
         <load_address>0x559</load_address>
         <run_address>0x559</run_address>
         <size>0x84</size>
         <input_file_ref idref="fl-2"/>
      </object_component>
      <object_component id="oc-444">
         <name>.debug_info</name>
         <load_address>0x5dd</load_address>
         <run_address>0x5dd</run_address>
         <size>0x282</size>
         <input_file_ref idref="fl-2"/>
      </object_component>
      <object_component id="oc-3c1">
         <name>.debug_info</name>
         <load_address>0x85f</load_address>
         <run_address>0x85f</run_address>
         <size>0x2c</size>
         <input_file_ref idref="fl-2"/>
      </object_component>
      <object_component id="oc-36a">
         <name>.debug_info</name>
         <load_address>0x88b</load_address>
         <run_address>0x88b</run_address>
         <size>0x2bd</size>
         <input_file_ref idref="fl-23"/>
      </object_component>
      <object_component id="oc-35e">
         <name>.debug_info</name>
         <load_address>0xb48</load_address>
         <run_address>0xb48</run_address>
         <size>0x162</size>
         <input_file_ref idref="fl-23"/>
      </object_component>
      <object_component id="oc-357">
         <name>.debug_info</name>
         <load_address>0xcaa</load_address>
         <run_address>0xcaa</run_address>
         <size>0x166</size>
         <input_file_ref idref="fl-23"/>
      </object_component>
      <object_component id="oc-30c">
         <name>.debug_info</name>
         <load_address>0xe10</load_address>
         <run_address>0xe10</run_address>
         <size>0x184</size>
         <input_file_ref idref="fl-23"/>
      </object_component>
      <object_component id="oc-3cf">
         <name>.debug_info</name>
         <load_address>0xf94</load_address>
         <run_address>0xf94</run_address>
         <size>0xb2</size>
         <input_file_ref idref="fl-23"/>
      </object_component>
      <object_component id="oc-3c0">
         <name>.debug_info</name>
         <load_address>0x1046</load_address>
         <run_address>0x1046</run_address>
         <size>0x434</size>
         <input_file_ref idref="fl-24"/>
      </object_component>
      <object_component id="oc-42c">
         <name>.debug_info</name>
         <load_address>0x147a</load_address>
         <run_address>0x147a</run_address>
         <size>0x2d3</size>
         <input_file_ref idref="fl-24"/>
      </object_component>
      <object_component id="oc-3ba">
         <name>.debug_info</name>
         <load_address>0x174d</load_address>
         <run_address>0x174d</run_address>
         <size>0x2dc</size>
         <input_file_ref idref="fl-24"/>
      </object_component>
      <object_component id="oc-361">
         <name>.debug_info</name>
         <load_address>0x1a29</load_address>
         <run_address>0x1a29</run_address>
         <size>0x33d</size>
         <input_file_ref idref="fl-24"/>
      </object_component>
      <object_component id="oc-3c6">
         <name>.debug_info</name>
         <load_address>0x1d66</load_address>
         <run_address>0x1d66</run_address>
         <size>0x86</size>
         <input_file_ref idref="fl-24"/>
      </object_component>
      <object_component id="oc-47a">
         <name>.debug_info</name>
         <load_address>0x1dec</load_address>
         <run_address>0x1dec</run_address>
         <size>0xa1</size>
         <input_file_ref idref="fl-24"/>
      </object_component>
      <object_component id="oc-43f">
         <name>.debug_info</name>
         <load_address>0x1e8d</load_address>
         <run_address>0x1e8d</run_address>
         <size>0x39</size>
         <input_file_ref idref="fl-24"/>
      </object_component>
      <object_component id="oc-43a">
         <name>.debug_info</name>
         <load_address>0x1ec6</load_address>
         <run_address>0x1ec6</run_address>
         <size>0x2c</size>
         <input_file_ref idref="fl-24"/>
      </object_component>
      <object_component id="oc-525">
         <name>.debug_info</name>
         <load_address>0x1ef2</load_address>
         <run_address>0x1ef2</run_address>
         <size>0x7a</size>
         <input_file_ref idref="fl-24"/>
      </object_component>
      <object_component id="oc-4c5">
         <name>.debug_info</name>
         <load_address>0x1f6c</load_address>
         <run_address>0x1f6c</run_address>
         <size>0x46</size>
         <input_file_ref idref="fl-24"/>
      </object_component>
      <object_component id="oc-421">
         <name>.debug_info</name>
         <load_address>0x1fb2</load_address>
         <run_address>0x1fb2</run_address>
         <size>0x25b</size>
         <input_file_ref idref="fl-25"/>
      </object_component>
      <object_component id="oc-3ad">
         <name>.debug_info</name>
         <load_address>0x220d</load_address>
         <run_address>0x220d</run_address>
         <size>0x1d0</size>
         <input_file_ref idref="fl-25"/>
      </object_component>
      <object_component id="oc-41a">
         <name>.debug_info</name>
         <load_address>0x23dd</load_address>
         <run_address>0x23dd</run_address>
         <size>0x2d4</size>
         <input_file_ref idref="fl-26"/>
      </object_component>
      <object_component id="oc-3a6">
         <name>.debug_info</name>
         <load_address>0x26b1</load_address>
         <run_address>0x26b1</run_address>
         <size>0x2c7</size>
         <input_file_ref idref="fl-26"/>
      </object_component>
      <object_component id="oc-41b">
         <name>.debug_info</name>
         <load_address>0x2978</load_address>
         <run_address>0x2978</run_address>
         <size>0x2c</size>
         <input_file_ref idref="fl-26"/>
      </object_component>
      <object_component id="oc-462">
         <name>.debug_info</name>
         <load_address>0x29a4</load_address>
         <run_address>0x29a4</run_address>
         <size>0x1d8</size>
         <input_file_ref idref="fl-27"/>
      </object_component>
      <object_component id="oc-404">
         <name>.debug_info</name>
         <load_address>0x2b7c</load_address>
         <run_address>0x2b7c</run_address>
         <size>0x196</size>
         <input_file_ref idref="fl-27"/>
      </object_component>
      <object_component id="oc-4a5">
         <name>.debug_info</name>
         <load_address>0x2d12</load_address>
         <run_address>0x2d12</run_address>
         <size>0xbf</size>
         <input_file_ref idref="fl-27"/>
      </object_component>
      <object_component id="oc-4a4">
         <name>.debug_info</name>
         <load_address>0x2dd1</load_address>
         <run_address>0x2dd1</run_address>
         <size>0x24c</size>
         <input_file_ref idref="fl-28"/>
      </object_component>
      <object_component id="oc-45c">
         <name>.debug_info</name>
         <load_address>0x301d</load_address>
         <run_address>0x301d</run_address>
         <size>0x1fe</size>
         <input_file_ref idref="fl-28"/>
      </object_component>
      <object_component id="oc-475">
         <name>.debug_info</name>
         <load_address>0x321b</load_address>
         <run_address>0x321b</run_address>
         <size>0x121</size>
         <input_file_ref idref="fl-29"/>
      </object_component>
      <object_component id="oc-27e">
         <name>.debug_info</name>
         <load_address>0x333c</load_address>
         <run_address>0x333c</run_address>
         <size>0x10f</size>
         <input_file_ref idref="fl-3d"/>
      </object_component>
      <object_component id="oc-3ec">
         <name>.debug_info</name>
         <load_address>0x344b</load_address>
         <run_address>0x344b</run_address>
         <size>0x130</size>
         <input_file_ref idref="fl-3f"/>
      </object_component>
      <object_component id="oc-260">
         <name>.debug_info</name>
         <load_address>0x357b</load_address>
         <run_address>0x357b</run_address>
         <size>0x100</size>
         <input_file_ref idref="fl-44"/>
      </object_component>
      <object_component id="oc-296">
         <name>.debug_info</name>
         <load_address>0x367b</load_address>
         <run_address>0x367b</run_address>
         <size>0x17a</size>
         <input_file_ref idref="fl-44"/>
      </object_component>
      <object_component id="oc-37e">
         <name>.debug_info</name>
         <load_address>0x37f5</load_address>
         <run_address>0x37f5</run_address>
         <size>0x409</size>
         <input_file_ref idref="fl-45"/>
      </object_component>
      <object_component id="oc-334">
         <name>.debug_info</name>
         <load_address>0x3bfe</load_address>
         <run_address>0x3bfe</run_address>
         <size>0x216</size>
         <input_file_ref idref="fl-45"/>
      </object_component>
      <object_component id="oc-3e0">
         <name>.debug_info</name>
         <load_address>0x3e14</load_address>
         <run_address>0x3e14</run_address>
         <size>0x39</size>
         <input_file_ref idref="fl-45"/>
      </object_component>
      <object_component id="oc-3f7">
         <name>.debug_info</name>
         <load_address>0x3e4d</load_address>
         <run_address>0x3e4d</run_address>
         <size>0x2c</size>
         <input_file_ref idref="fl-45"/>
      </object_component>
      <object_component id="oc-389">
         <name>.debug_info</name>
         <load_address>0x3e79</load_address>
         <run_address>0x3e79</run_address>
         <size>0x2c</size>
         <input_file_ref idref="fl-45"/>
      </object_component>
      <object_component id="oc-3e5">
         <name>.debug_info</name>
         <load_address>0x3ea5</load_address>
         <run_address>0x3ea5</run_address>
         <size>0xcd</size>
         <input_file_ref idref="fl-45"/>
      </object_component>
      <object_component id="oc-283">
         <name>.debug_info</name>
         <load_address>0x3f72</load_address>
         <run_address>0x3f72</run_address>
         <size>0x1d3</size>
         <input_file_ref idref="fl-46"/>
      </object_component>
      <object_component id="oc-2cd">
         <name>.debug_info</name>
         <load_address>0x4145</load_address>
         <run_address>0x4145</run_address>
         <size>0x46</size>
         <input_file_ref idref="fl-46"/>
      </object_component>
      <object_component id="oc-3d8">
         <name>.debug_info</name>
         <load_address>0x418b</load_address>
         <run_address>0x418b</run_address>
         <size>0x103</size>
         <input_file_ref idref="fl-47"/>
      </object_component>
      <object_component id="oc-373">
         <name>.debug_info</name>
         <load_address>0x428e</load_address>
         <run_address>0x428e</run_address>
         <size>0x11a</size>
         <input_file_ref idref="fl-47"/>
      </object_component>
      <object_component id="oc-370">
         <name>.debug_info</name>
         <load_address>0x43a8</load_address>
         <run_address>0x43a8</run_address>
         <size>0x116</size>
         <input_file_ref idref="fl-47"/>
      </object_component>
      <object_component id="oc-2d4">
         <name>.debug_info</name>
         <load_address>0x44be</load_address>
         <run_address>0x44be</run_address>
         <size>0x153</size>
         <input_file_ref idref="fl-4c"/>
      </object_component>
      <object_component id="oc-378">
         <name>.debug_info</name>
         <load_address>0x4611</load_address>
         <run_address>0x4611</run_address>
         <size>0x150</size>
         <input_file_ref idref="fl-4d"/>
      </object_component>
      <object_component id="oc-27c">
         <name>.debug_info</name>
         <load_address>0x4761</load_address>
         <run_address>0x4761</run_address>
         <size>0x1da</size>
         <input_file_ref idref="fl-4e"/>
      </object_component>
      <object_component id="oc-71">
         <name>.debug_info</name>
         <load_address>0x493b</load_address>
         <run_address>0x493b</run_address>
         <size>0x1f2</size>
         <input_file_ref idref="fl-4e"/>
      </object_component>
      <object_component id="oc-277">
         <name>.debug_info</name>
         <load_address>0x4b2d</load_address>
         <run_address>0x4b2d</run_address>
         <size>0x46</size>
         <input_file_ref idref="fl-4e"/>
      </object_component>
      <object_component id="oc-6c">
         <name>.debug_info</name>
         <load_address>0x4b73</load_address>
         <run_address>0x4b73</run_address>
         <size>0x2b8</size>
         <input_file_ref idref="fl-4f"/>
      </object_component>
      <object_component id="oc-301">
         <name>.debug_info</name>
         <load_address>0x4e2b</load_address>
         <run_address>0x4e2b</run_address>
         <size>0x46</size>
         <input_file_ref idref="fl-4f"/>
      </object_component>
      <object_component id="oc-2c3">
         <name>.debug_info</name>
         <load_address>0x4e71</load_address>
         <run_address>0x4e71</run_address>
         <size>0x39</size>
         <input_file_ref idref="fl-4f"/>
      </object_component>
      <object_component id="oc-267">
         <name>.debug_info</name>
         <load_address>0x4eaa</load_address>
         <run_address>0x4eaa</run_address>
         <size>0x60</size>
         <input_file_ref idref="fl-4f"/>
      </object_component>
      <object_component id="oc-376">
         <name>.debug_info</name>
         <load_address>0x4f0a</load_address>
         <run_address>0x4f0a</run_address>
         <size>0x22e</size>
         <input_file_ref idref="fl-5a"/>
      </object_component>
      <object_component id="oc-36d">
         <name>.debug_info</name>
         <load_address>0x5138</load_address>
         <run_address>0x5138</run_address>
         <size>0x132</size>
         <input_file_ref idref="fl-5a"/>
      </object_component>
      <object_component id="oc-312">
         <name>.debug_info</name>
         <load_address>0x526a</load_address>
         <run_address>0x526a</run_address>
         <size>0x122</size>
         <input_file_ref idref="fl-5a"/>
      </object_component>
      <object_component id="oc-316">
         <name>.debug_info</name>
         <load_address>0x538c</load_address>
         <run_address>0x538c</run_address>
         <size>0x197</size>
         <input_file_ref idref="fl-5a"/>
      </object_component>
      <object_component id="oc-3a0">
         <name>.debug_info</name>
         <load_address>0x5523</load_address>
         <run_address>0x5523</run_address>
         <size>0x163</size>
         <input_file_ref idref="fl-5b"/>
      </object_component>
      <object_component id="oc-34f">
         <name>.debug_info</name>
         <load_address>0x5686</load_address>
         <run_address>0x5686</run_address>
         <size>0xff</size>
         <input_file_ref idref="fl-5b"/>
      </object_component>
      <object_component id="oc-367">
         <name>.debug_info</name>
         <load_address>0x5785</load_address>
         <run_address>0x5785</run_address>
         <size>0x103</size>
         <input_file_ref idref="fl-5b"/>
      </object_component>
      <object_component id="oc-399">
         <name>.debug_info</name>
         <load_address>0x5888</load_address>
         <run_address>0x5888</run_address>
         <size>0x12e</size>
         <input_file_ref idref="fl-5b"/>
      </object_component>
      <object_component id="oc-3a3">
         <name>.debug_info</name>
         <load_address>0x59b6</load_address>
         <run_address>0x59b6</run_address>
         <size>0x13e</size>
         <input_file_ref idref="fl-60"/>
      </object_component>
      <object_component id="oc-352">
         <name>.debug_info</name>
         <load_address>0x5af4</load_address>
         <run_address>0x5af4</run_address>
         <size>0x102</size>
         <input_file_ref idref="fl-60"/>
      </object_component>
      <object_component id="oc-4f2">
         <name>.debug_info</name>
         <load_address>0x5bf6</load_address>
         <run_address>0x5bf6</run_address>
         <size>0x10a</size>
         <input_file_ref idref="fl-60"/>
      </object_component>
      <object_component id="oc-480">
         <name>.debug_info</name>
         <load_address>0x5d00</load_address>
         <run_address>0x5d00</run_address>
         <size>0x17f</size>
         <input_file_ref idref="fl-61"/>
      </object_component>
      <object_component id="oc-435">
         <name>.debug_info</name>
         <load_address>0x5e7f</load_address>
         <run_address>0x5e7f</run_address>
         <size>0x1b8</size>
         <input_file_ref idref="fl-61"/>
      </object_component>
      <object_component id="oc-464">
         <name>.debug_info</name>
         <load_address>0x6037</load_address>
         <run_address>0x6037</run_address>
         <size>0x178</size>
         <input_file_ref idref="fl-62"/>
      </object_component>
      <object_component id="oc-40b">
         <name>.debug_info</name>
         <load_address>0x61af</load_address>
         <run_address>0x61af</run_address>
         <size>0x250</size>
         <input_file_ref idref="fl-62"/>
      </object_component>
      <object_component id="oc-44d">
         <name>.debug_info</name>
         <load_address>0x63ff</load_address>
         <run_address>0x63ff</run_address>
         <size>0x181</size>
         <input_file_ref idref="fl-63"/>
      </object_component>
      <object_component id="oc-3f1">
         <name>.debug_info</name>
         <load_address>0x6580</load_address>
         <run_address>0x6580</run_address>
         <size>0x17a</size>
         <input_file_ref idref="fl-63"/>
      </object_component>
      <object_component id="oc-2c2">
         <name>.debug_info</name>
         <load_address>0x66fa</load_address>
         <run_address>0x66fa</run_address>
         <size>0x22a</size>
         <input_file_ref idref="fl-64"/>
      </object_component>
      <object_component id="oc-264">
         <name>.debug_info</name>
         <load_address>0x6924</load_address>
         <run_address>0x6924</run_address>
         <size>0x10c</size>
         <input_file_ref idref="fl-64"/>
      </object_component>
      <object_component id="oc-532">
         <name>.debug_info</name>
         <load_address>0x6a30</load_address>
         <run_address>0x6a30</run_address>
         <size>0x11f</size>
         <input_file_ref idref="fl-64"/>
      </object_component>
      <object_component id="oc-52d">
         <name>.debug_info</name>
         <load_address>0x6b4f</load_address>
         <run_address>0x6b4f</run_address>
         <size>0x105</size>
         <input_file_ref idref="fl-64"/>
      </object_component>
      <object_component id="oc-498">
         <name>.debug_info</name>
         <load_address>0x6c54</load_address>
         <run_address>0x6c54</run_address>
         <size>0x168</size>
         <input_file_ref idref="fl-64"/>
      </object_component>
      <object_component id="oc-4d8">
         <name>.debug_info</name>
         <load_address>0x6dbc</load_address>
         <run_address>0x6dbc</run_address>
         <size>0x18e</size>
         <input_file_ref idref="fl-64"/>
      </object_component>
      <object_component id="oc-4de">
         <name>.debug_info</name>
         <load_address>0x6f4a</load_address>
         <run_address>0x6f4a</run_address>
         <size>0x19f</size>
         <input_file_ref idref="fl-64"/>
      </object_component>
      <object_component id="oc-492">
         <name>.debug_info</name>
         <load_address>0x70e9</load_address>
         <run_address>0x70e9</run_address>
         <size>0x203</size>
         <input_file_ref idref="fl-64"/>
      </object_component>
      <object_component id="oc-535">
         <name>.debug_info</name>
         <load_address>0x72ec</load_address>
         <run_address>0x72ec</run_address>
         <size>0x1db</size>
         <input_file_ref idref="fl-64"/>
      </object_component>
      <object_component id="oc-4e5">
         <name>.debug_info</name>
         <load_address>0x74c7</load_address>
         <run_address>0x74c7</run_address>
         <size>0x273</size>
         <input_file_ref idref="fl-64"/>
      </object_component>
      <object_component id="oc-2fc">
         <name>.debug_info</name>
         <load_address>0x773a</load_address>
         <run_address>0x773a</run_address>
         <size>0xb2</size>
         <input_file_ref idref="fl-64"/>
      </object_component>
      <object_component id="oc-2f7">
         <name>.debug_info</name>
         <load_address>0x77ec</load_address>
         <run_address>0x77ec</run_address>
         <size>0x2c</size>
         <input_file_ref idref="fl-64"/>
      </object_component>
      <object_component id="oc-473">
         <name>.debug_info</name>
         <load_address>0x7818</load_address>
         <run_address>0x7818</run_address>
         <size>0x16d</size>
         <input_file_ref idref="fl-65"/>
      </object_component>
      <object_component id="oc-425">
         <name>.debug_info</name>
         <load_address>0x7985</load_address>
         <run_address>0x7985</run_address>
         <size>0x275</size>
         <input_file_ref idref="fl-65"/>
      </object_component>
      <object_component id="oc-5bf">
         <name>.debug_info</name>
         <load_address>0x7bfa</load_address>
         <run_address>0x7bfa</run_address>
         <size>0x172</size>
         <input_file_ref idref="fl-66"/>
      </object_component>
      <object_component id="oc-59e">
         <name>.debug_info</name>
         <load_address>0x7d6c</load_address>
         <run_address>0x7d6c</run_address>
         <size>0x268</size>
         <input_file_ref idref="fl-66"/>
      </object_component>
      <object_component id="oc-423">
         <name>.debug_info</name>
         <load_address>0x7fd4</load_address>
         <run_address>0x7fd4</run_address>
         <size>0x162</size>
         <input_file_ref idref="fl-67"/>
      </object_component>
      <object_component id="oc-3b5">
         <name>.debug_info</name>
         <load_address>0x8136</load_address>
         <run_address>0x8136</run_address>
         <size>0x230</size>
         <input_file_ref idref="fl-67"/>
      </object_component>
      <object_component id="oc-46b">
         <name>.debug_info</name>
         <load_address>0x8366</load_address>
         <run_address>0x8366</run_address>
         <size>0x26f</size>
         <input_file_ref idref="fl-69"/>
      </object_component>
      <object_component id="oc-417">
         <name>.debug_info</name>
         <load_address>0x85d5</load_address>
         <run_address>0x85d5</run_address>
         <size>0x189</size>
         <input_file_ref idref="fl-69"/>
      </object_component>
      <object_component id="oc-4b8">
         <name>.debug_info</name>
         <load_address>0x875e</load_address>
         <run_address>0x875e</run_address>
         <size>0x120</size>
         <input_file_ref idref="fl-69"/>
      </object_component>
      <object_component id="oc-4bd">
         <name>.debug_info</name>
         <load_address>0x887e</load_address>
         <run_address>0x887e</run_address>
         <size>0x2c</size>
         <input_file_ref idref="fl-69"/>
      </object_component>
      <object_component id="oc-4b5">
         <name>.debug_info</name>
         <load_address>0x88aa</load_address>
         <run_address>0x88aa</run_address>
         <size>0x337</size>
         <input_file_ref idref="fl-6a"/>
      </object_component>
      <object_component id="oc-4b1">
         <name>.debug_info</name>
         <load_address>0x8be1</load_address>
         <run_address>0x8be1</run_address>
         <size>0x109</size>
         <input_file_ref idref="fl-6a"/>
      </object_component>
      <object_component id="oc-468">
         <name>.debug_info</name>
         <load_address>0x8cea</load_address>
         <run_address>0x8cea</run_address>
         <size>0x109</size>
         <input_file_ref idref="fl-6a"/>
      </object_component>
      <object_component id="oc-466">
         <name>.debug_info</name>
         <load_address>0x8df3</load_address>
         <run_address>0x8df3</run_address>
         <size>0x21f</size>
         <input_file_ref idref="fl-70"/>
      </object_component>
      <object_component id="oc-40f">
         <name>.debug_info</name>
         <load_address>0x9012</load_address>
         <run_address>0x9012</run_address>
         <size>0x184</size>
         <input_file_ref idref="fl-70"/>
[...]
         <value>0x55b</value>
      </symbol>
      <symbol id="sm-1c5">
         <name>UCB0ADDRX</name>
         <value>0x55c</value>
      </symbol>
      <symbol id="sm-1c6">
         <name>UCB0ADDRX_L</name>
         <value>0x55c</value>
      </symbol>
      <symbol id="sm-1c7">
         <name>UCB0ADDRX_H</name>
         <value>0x55d</value>
      </symbol>
      <symbol id="sm-1c8">
         <name>UCB0ADDMASK</name>
         <value>0x55e</value>
      </symbol>
      <symbol id="sm-1c9">
         <name>UCB0ADDMASK_L</name>
         <value>0x55e</value>
      </symbol>
      <symbol id="sm-1ca">
         <name>UCB0ADDMASK_H</name>
         <value>0x55f</value>
      </symbol>
      <symbol id="sm-1cb">
         <name>UCB0I2CSA</name>
         <value>0x560</value>
      </symbol>
      <symbol id="sm-1cc">
         <name>UCB0I2CSA_L</name>
         <value>0x560</value>
      </symbol>
      <symbol id="sm-1cd">
         <name>UCB0I2CSA_H</name>
         <value>0x561</value>
      </symbol>
      <symbol id="sm-1ce">
         <name>UCB0IE</name>
         <value>0x56a</value>
      </symbol>
      <symbol id="sm-1cf">
         <name>UCB0IE_L</name>
         <value>0x56a</value>
      </symbol>
      <symbol id="sm-1d0">
         <name>UCB0IE_H</name>
         <value>0x56b</value>
      </symbol>
      <symbol id="sm-1d1">
         <name>UCB0IFG</name>
         <value>0x56c</value>
      </symbol>
      <symbol id="sm-1d2">
         <name>UCB0IFG_L</name>
         <value>0x56c</value>
      </symbol>
      <symbol id="sm-1d3">
         <name>UCB0IFG_H</name>
         <value>0x56d</value>
      </symbol>
      <symbol id="sm-1d4">
         <name>UCB0IV</name>
         <value>0x56e</value>
      </symbol>
      <symbol id="sm-1d5">
         <name>WDTCTL</name>
         <value>0x1cc</value>
      </symbol>
      <symbol id="sm-1d6">
         <name>WDTCTL_L</name>
         <value>0x1cc</value>
      </symbol>
      <symbol id="sm-1d7">
         <name>WDTCTL_H</name>
         <value>0x1cd</value>
      </symbol>
      <symbol id="sm-1d8">
         <name>__TI_CINIT_Base</name>
         <value>0xc548</value>
      </symbol>
      <symbol id="sm-1d9">
         <name>__TI_CINIT_Limit</name>
         <value>0xc558</value>
      </symbol>
      <symbol id="sm-1da">
         <name>__TI_CINIT_Warm</name>
         <value>0xc558</value>
      </symbol>
      <symbol id="sm-1db">
         <name>__TI_Handler_Table_Base</name>
         <value>0xc536</value>
      </symbol>
      <symbol id="sm-1dc">
         <name>__TI_Handler_Table_Limit</name>
         <value>0xc542</value>
      </symbol>
      <symbol id="sm-1dd">
         <name>__STACK_SIZE</name>
         <value>0xa0</value>
      </symbol>
      <symbol id="sm-1de">
         <name>__STACK_END</name>
         <value>0x3000</value>
      </symbol>
      <symbol id="sm-1df">
         <name>__SYSMEM_SIZE</name>
         <value>0x258</value>
      </symbol>
      <symbol id="sm-1e0">
         <name>__c_args__</name>
         <value>0xffffffff</value>
      </symbol>
      <symbol id="sm-1e1">
         <name>__TI_pprof_out_hndl</name>
         <value>0xffffffff</value>
      </symbol>
      <symbol id="sm-1e2">
         <name>__TI_prof_data_start</name>
         <value>0xffffffff</value>
      </symbol>
      <symbol id="sm-1e3">
         <name>__TI_prof_data_size</name>
         <value>0xffffffff</value>
      </symbol>
      <symbol id="sm-25d">
         <name>main</name>
         <value>0xd678</value>
         <object_component_ref idref="oc-2d9"/>
      </symbol>
      <symbol id="sm-280">
         <name>printf</name>
         <value>0xd35a</value>
         <object_component_ref idref="oc-308"/>
      </symbol>
      <symbol id="sm-2de">
         <name>__TI_printfi_minimal</name>
         <value>0xc870</value>
         <object_component_ref idref="oc-360"/>
      </symbol>
      <symbol id="sm-2f1">
         <name>putc</name>
         <value>0xcc92</value>
         <object_component_ref idref="oc-3ac"/>
      </symbol>
      <symbol id="sm-2f2">
         <name>fputc</name>
         <value>0xcc92</value>
         <object_component_ref idref="oc-3ac"/>
      </symbol>
      <symbol id="sm-30f">
         <name>fputs</name>
         <value>0xc952</value>
         <object_component_ref idref="oc-3a5"/>
      </symbol>
      <symbol id="sm-327">
         <name>__TI_wrt_ok</name>
         <value>0xcda0</value>
         <object_component_ref idref="oc-401"/>
      </symbol>
      <symbol id="sm-33f">
         <name>setvbuf</name>
         <value>0xcb02</value>
         <object_component_ref idref="oc-45b"/>
      </symbol>
      <symbol id="sm-349">
         <name>__mspabi_remu</name>
         <value>0xd68e</value>
         <object_component_ref idref="oc-474"/>
      </symbol>
      <symbol id="sm-34a">
         <name>__mspabi_divu</name>
         <value>0xd68e</value>
         <object_component_ref idref="oc-474"/>
      </symbol>
      <symbol id="sm-34e">
         <name>__TI_int41</name>
         <value>0xffda</value>
         <object_component_ref idref="oc-74"/>
      </symbol>
      <symbol id="sm-351">
         <name>__TI_int42</name>
         <value>0xffdc</value>
         <object_component_ref idref="oc-75"/>
      </symbol>
      <symbol id="sm-354">
         <name>__TI_int43</name>
         <value>0xffde</value>
         <object_component_ref idref="oc-76"/>
      </symbol>
      <symbol id="sm-357">
         <name>__TI_int44</name>
         <value>0xffe0</value>
         <object_component_ref idref="oc-77"/>
      </symbol>
      <symbol id="sm-35a">
         <name>__TI_int45</name>
         <value>0xffe2</value>
         <object_component_ref idref="oc-78"/>
      </symbol>
      <symbol id="sm-35d">
         <name>__TI_int46</name>
         <value>0xffe4</value>
         <object_component_ref idref="oc-79"/>
      </symbol>
      <symbol id="sm-360">
         <name>__TI_int47</name>
         <value>0xffe6</value>
         <object_component_ref idref="oc-7a"/>
      </symbol>
      <symbol id="sm-363">
         <name>__TI_int48</name>
         <value>0xffe8</value>
         <object_component_ref idref="oc-7b"/>
      </symbol>
      <symbol id="sm-366">
         <name>__TI_int49</name>
         <value>0xffea</value>
         <object_component_ref idref="oc-7c"/>
      </symbol>
      <symbol id="sm-369">
         <name>__TI_int50</name>
         <value>0xffec</value>
         <object_component_ref idref="oc-7d"/>
      </symbol>
      <symbol id="sm-36c">
         <name>__TI_int51</name>
         <value>0xffee</value>
         <object_component_ref idref="oc-7e"/>
      </symbol>
      <symbol id="sm-36f">
         <name>__TI_int52</name>
         <value>0xfff0</value>
         <object_component_ref idref="oc-7f"/>
      </symbol>
      <symbol id="sm-372">
         <name>__TI_int53</name>
         <value>0xfff2</value>
         <object_component_ref idref="oc-80"/>
      </symbol>
      <symbol id="sm-375">
         <name>__TI_int54</name>
         <value>0xfff4</value>
         <object_component_ref idref="oc-81"/>
      </symbol>
      <symbol id="sm-378">
         <name>__TI_int55</name>
         <value>0xfff6</value>
         <object_component_ref idref="oc-82"/>
      </symbol>
      <symbol id="sm-37b">
         <name>__TI_int56</name>
         <value>0xfff8</value>
         <object_component_ref idref="oc-83"/>
      </symbol>
      <symbol id="sm-37e">
         <name>__TI_int57</name>
         <value>0xfffa</value>
         <object_component_ref idref="oc-84"/>
      </symbol>
      <symbol id="sm-381">
         <name>__TI_int58</name>
         <value>0xfffc</value>
         <object_component_ref idref="oc-85"/>
      </symbol>
      <symbol id="sm-389">
         <name>__TI_ISR_TRAP</name>
         <value>0xd6fc</value>
         <object_component_ref idref="oc-27d"/>
      </symbol>
      <symbol id="sm-392">
         <name>__mspabi_mpyi_f5hw</name>
         <value>0xd648</value>
         <object_component_ref idref="oc-3ea"/>
      </symbol>
      <symbol id="sm-3a6">
         <name>_stack</name>
         <value>0x2f60</value>
         <object_component_ref idref="oc-25f"/>
      </symbol>
      <symbol id="sm-3a7">
         <name>_c_int00_noargs</name>
         <value>0xd5f6</value>
         <object_component_ref idref="oc-294"/>
      </symbol>
      <symbol id="sm-3a8">
         <name>_reset_vector</name>
         <value>0xfffe</value>
         <object_component_ref idref="oc-262"/>
      </symbol>
      <symbol id="sm-3ca">
         <name>__TI_auto_init_nobinit_nopinit_hold_wdt</name>
         <value>0xce84</value>
         <object_component_ref idref="oc-333"/>
      </symbol>
      <symbol id="sm-3da">
         <name>__TI_zero_init_nomemset</name>
         <value>0xd39a</value>
         <object_component_ref idref="oc-282"/>
      </symbol>
      <symbol id="sm-3e9">
         <name>__TI_dtors_ptr</name>
         <value>0x2374</value>
         <object_component_ref idref="oc-36f"/>
      </symbol>
      <symbol id="sm-3ea">
         <name>__TI_cleanup_ptr</name>
         <value>0x2370</value>
         <object_component_ref idref="oc-372"/>
      </symbol>
      <symbol id="sm-3f7">
         <name>_system_pre_init</name>
         <value>0xd71c</value>
         <object_component_ref idref="oc-2d3"/>
      </symbol>
      <symbol id="sm-400">
         <name>_system_post_cinit</name>
         <value>0xd722</value>
         <object_component_ref idref="oc-377"/>
      </symbol>
      <symbol id="sm-411">
         <name>__TI_decompress_none</name>
         <value>0xd416</value>
         <object_component_ref idref="oc-6e"/>
      </symbol>
      <symbol id="sm-432">
         <name>__TI_decompress_lzss</name>
         <value>0xc782</value>
         <object_component_ref idref="oc-68"/>
      </symbol>
      <symbol id="sm-459">
         <name>C$$EXIT</name>
         <value>0xd712</value>
         <object_component_ref idref="oc-30f"/>
      </symbol>
      <symbol id="sm-45a">
         <name>abort</name>
         <value>0xd712</value>
         <object_component_ref idref="oc-30f"/>
      </symbol>
      <symbol id="sm-45b">
         <name>__TI_enable_exit_profile_output</name>
         <value>0x2382</value>
         <object_component_ref idref="oc-36c"/>
      </symbol>
      <symbol id="sm-45c">
         <name>exit</name>
         <value>0xd24a</value>
         <object_component_ref idref="oc-315"/>
      </symbol>
      <symbol id="sm-472">
         <name>_nop</name>
         <value>0xd720</value>
         <object_component_ref idref="oc-398"/>
      </symbol>
      <symbol id="sm-473">
         <name>_lock</name>
         <value>0x2378</value>
         <object_component_ref idref="oc-34e"/>
      </symbol>
      <symbol id="sm-474">
         <name>_unlock</name>
         <value>0x237c</value>
         <object_component_ref idref="oc-366"/>
      </symbol>
      <symbol id="sm-488">
         <name>__TI_tmpnams</name>
         <value>0x24a6</value>
      </symbol>
      <symbol id="sm-489">
         <name>_ftable</name>
         <value>0x22d0</value>
         <object_component_ref idref="oc-351"/>
      </symbol>
      <symbol id="sm-48a">
         <name>__TI_ft_end</name>
         <value>0x2380</value>
         <object_component_ref idref="oc-4f1"/>
      </symbol>
      <symbol id="sm-499">
         <name>memccpy</name>
         <value>0xd5d4</value>
         <object_component_ref idref="oc-431"/>
      </symbol>
      <symbol id="sm-4a8">
         <name>memchr</name>
         <value>0xd6a4</value>
         <object_component_ref idref="oc-407"/>
      </symbol>
      <symbol id="sm-4b6">
         <name>memcpy</name>
         <value>0xd6cc</value>
         <object_component_ref idref="oc-3ef"/>
      </symbol>
      <symbol id="sm-534">
         <name>_sys_memory</name>
         <value>0x2000</value>
         <object_component_ref idref="oc-263"/>
      </symbol>
      <symbol id="sm-535">
         <name>free</name>
         <value>0xca30</value>
         <object_component_ref idref="oc-491"/>
      </symbol>
      <symbol id="sm-536">
         <name>memalign</name>
         <value>0xc692</value>
         <object_component_ref idref="oc-4e4"/>
      </symbol>
      <symbol id="sm-537">
         <name>malloc</name>
         <value>0xd704</value>
         <object_component_ref idref="oc-497"/>
      </symbol>
      <symbol id="sm-538">
         <name>aligned_alloc</name>
         <value>0xc692</value>
         <object_component_ref idref="oc-4e4"/>
      </symbol>
      <symbol id="sm-546">
         <name>memset</name>
         <value>0xd6b8</value>
         <object_component_ref idref="oc-424"/>
      </symbol>
      <symbol id="sm-555">
         <name>strchr</name>
         <value>0xd62e</value>
         <object_component_ref idref="oc-59d"/>
      </symbol>
      <symbol id="sm-562">
         <name>strlen</name>
         <value>0xd6ee</value>
         <object_component_ref idref="oc-3b3"/>
      </symbol>
      <symbol id="sm-57a">
         <name>write</name>
         <value>0xd5b0</value>
         <object_component_ref idref="oc-413"/>
      </symbol>
      <symbol id="sm-589">
         <name>_stream</name>
         <value>0x2348</value>
         <object_component_ref idref="oc-467"/>
      </symbol>
      <symbol id="sm-58a">
         <name>_device</name>
         <value>0x2258</value>
         <object_component_ref idref="oc-4b0"/>
      </symbol>
      <symbol id="sm-5a0">
         <name>__TI_doflush</name>
         <value>0xd08c</value>
         <object_component_ref idref="oc-40d"/>
      </symbol>
      <symbol id="sm-5ac">
         <name>__TI_cleanup</name>
         <value>0xd452</value>
         <object_component_ref idref="oc-49d"/>
      </symbol>
      <symbol id="sm-5c1">
         <name>fseeko</name>
         <value>0xceee</value>
         <object_component_ref idref="oc-455"/>
      </symbol>
      <symbol id="sm-5c2">
         <name>fseek</name>
         <value>0xceee</value>
         <object_component_ref idref="oc-455"/>
      </symbol>
      <symbol id="sm-5cf">
         <name>__memcpy_far</name>
         <value>0xd31a</value>
         <object_component_ref idref="oc-271"/>
      </symbol>
      <symbol id="sm-5d7">
         <name>__mspabi_slll_9</name>
         <value>0xd3f0</value>
         <object_component_ref idref="oc-562"/>
      </symbol>
      <symbol id="sm-5d8">
         <name>__mspabi_slll_8</name>
         <value>0xd3f4</value>
         <object_component_ref idref="oc-562"/>
      </symbol>
      <symbol id="sm-5d9">
         <name>__mspabi_slll_7</name>
         <value>0xd3f8</value>
         <object_component_ref idref="oc-562"/>
      </symbol>
      <symbol id="sm-5da">
         <name>__mspabi_slll_6</name>
         <value>0xd3fc</value>
         <object_component_ref idref="oc-562"/>
      </symbol>
      <symbol id="sm-5db">
         <name>__mspabi_slll_5</name>
         <value>0xd400</value>
         <object_component_ref idref="oc-562"/>
      </symbol>
      <symbol id="sm-5dc">
         <name>__mspabi_slll_4</name>
         <value>0xd404</value>
         <object_component_ref idref="oc-562"/>
      </symbol>
      <symbol id="sm-5dd">
         <name>__mspabi_slll_3</name>
         <value>0xd408</value>
         <object_component_ref idref="oc-562"/>
      </symbol>
      <symbol id="sm-5de">
         <name>__mspabi_slll_2</name>
         <value>0xd40c</value>
         <object_component_ref idref="oc-562"/>
      </symbol>
      <symbol id="sm-5df">
         <name>__mspabi_slll_1</name>
         <value>0xd410</value>
         <object_component_ref idref="oc-562"/>
      </symbol>
      <symbol id="sm-5e0">
         <name>__mspabi_slll_15</name>
         <value>0xd3d8</value>
         <object_component_ref idref="oc-562"/>
      </symbol>
      <symbol id="sm-5e1">
         <name>__mspabi_slll_14</name>
         <value>0xd3dc</value>
         <object_component_ref idref="oc-562"/>
      </symbol>
      <symbol id="sm-5e2">
         <name>__mspabi_slll_13</name>
         <value>0xd3e0</value>
         <object_component_ref idref="oc-562"/>
      </symbol>
      <symbol id="sm-5e3">
         <name>__mspabi_slll_12</name>
         <value>0xd3e4</value>
         <object_component_ref idref="oc-562"/>
      </symbol>
      <symbol id="sm-5e4">
         <name>__mspabi_slll_11</name>
         <value>0xd3e8</value>
         <object_component_ref idref="oc-562"/>
      </symbol>
      <symbol id="sm-5e5">
         <name>__mspabi_slll_10</name>
         <value>0xd3ec</value>
         <object_component_ref idref="oc-562"/>
      </symbol>
      <symbol id="sm-5f6">
         <name>HOSTclose</name>
         <value>0xd292</value>
         <object_component_ref idref="oc-4fd"/>
      </symbol>
      <symbol id="sm-602">
         <name>HOSTlseek</name>
         <value>0xcd1e</value>
         <object_component_ref idref="oc-50f"/>
      </symbol>
      <symbol id="sm-610">
         <name>parmbuf</name>
         <value>0x2546</value>
      </symbol>
      <symbol id="sm-611">
         <name>HOSTopen</name>
         <value>0xd028</value>
         <object_component_ref idref="oc-4f7"/>
      </symbol>
      <symbol id="sm-61e">
         <name>HOSTread</name>
         <value>0xd14e</value>
         <object_component_ref idref="oc-503"/>
      </symbol>
      <symbol id="sm-62a">
         <name>HOSTrename</name>
         <value>0xce1a</value>
         <object_component_ref idref="oc-51b"/>
      </symbol>
      <symbol id="sm-636">
         <name>HOSTunlink</name>
         <value>0xd2d8</value>
         <object_component_ref idref="oc-515"/>
      </symbol>
      <symbol id="sm-643">
         <name>HOSTwrite</name>
         <value>0xd0ee</value>
         <object_component_ref idref="oc-509"/>
      </symbol>
      <symbol id="sm-661">
         <name>__TI_readmsg</name>
         <value>0xd4e0</value>
         <object_component_ref idref="oc-555"/>
      </symbol>
      <symbol id="sm-662">
         <name>C$$IO$$</name>
         <value>0xd4ae</value>
         <object_component_ref idref="oc-54f"/>
      </symbol>
      <symbol id="sm-663">
         <name>_CIOBUF_</name>
         <value>0x2386</value>
         <object_component_ref idref="oc-586"/>
      </symbol>
      <symbol id="sm-664">
         <name>__TI_writemsg</name>
         <value>0xd484</value>
         <object_component_ref idref="oc-54f"/>
      </symbol>
      <symbol id="sm-672">
         <name>lseek</name>
         <value>0xd58a</value>
         <object_component_ref idref="oc-484"/>
      </symbol>
      <symbol id="sm-684">
         <name>__TI_closefile</name>
         <value>0xcf58</value>
         <object_component_ref idref="oc-4eb"/>
      </symbol>
      <symbol id="sm-6a8">
         <name>finddevice</name>
         <value>0xd4b2</value>
         <object_component_ref idref="oc-5a9"/>
      </symbol>
      <symbol id="sm-6a9">
         <name>getdevice</name>
         <value>0xd1ac</value>
         <object_component_ref idref="oc-57a"/>
      </symbol>
      <symbol id="sm-6ba">
         <name>strcmp</name>
         <value>0xd660</value>
         <object_component_ref idref="oc-5c2"/>
      </symbol>
      <symbol id="sm-6c7">
         <name>strcpy</name>
         <value>0xd6de</value>
         <object_component_ref idref="oc-56b"/>
      </symbol>
      <symbol id="sm-6d7">
         <name>strncpy</name>
         <value>0xd50c</value>
         <object_component_ref idref="oc-5a3"/>
      </symbol>
      <symbol id="sm-6ea">
         <name>close</name>
         <value>0xd200</value>
         <object_component_ref idref="oc-53b"/>
      </symbol>
      <symbol id="sm-6f7">
         <name>unlink</name>
         <value>0xd538</value>
         <object_component_ref idref="oc-542"/>
      </symbol>
      <symbol id="sm-6fb">
         <name>remove</name>
         <value>0xd538</value>
      </symbol>
   </symbol_table>
   <title>Link successful</title>
</link_info>
