<?xml version="1.0" encoding="ISO-8859-1" ?>
<link_info>
   <banner>MSP430 Linker PC v21.6.0.LTS</banner>
   <copyright>Copyright (c) 2003-2018 Texas Instruments Incorporated</copyright>
   <link_time>0x62da8b94</link_time>
   <link_errors>0x0</link_errors>
   <output_file>SmartStartUp.out</output_file>
   <entry_point>
      <name>_c_int00_noargs</name>
      <address>0xe374</address>
   </entry_point>
   <input_file_list>
      <input_file id="fl-2">
         <path>.\</path>
         <kind>object</kind>
         <file>SmartStartUp_main.obj</file>
         <name>SmartStartUp_main.obj</name>
      </input_file>
      <input_file id="fl-3">
         <path>.\</path>
         <kind>object</kind>
         <file>sensirion_common.obj</file>
         <name>sensirion_common.obj</name>
      </input_file>
      <input_file id="fl-4">
         <path>.\</path>
         <kind>object</kind>
         <file>sensirion_i2c.obj</file>
         <name>sensirion_i2c.obj</name>
      </input_file>
      <input_file id="fl-5">
         <path>.\</path>
         <kind>object</kind>
         <file>sensirion_i2c_hal.obj</file>
         <name>sensirion_i2c_hal.obj</name>
      </input_file>
      <input_file id="fl-6">
         <path>.\</path>
         <kind>object</kind>
         <file>stc3x_i2c.obj</file>
         <name>stc3x_i2c.obj</name>
      </input_file>
      <input_file id="fl-c">
         <kind>object</kind>
         <file>&lt;internal&gt;</file>
         <name>&lt;internal&gt;</name>
      </input_file>
      <input_file id="fl-27">
         <path>C:\ti\ccs1120\ccs\tools\compiler\ti-cgt-msp430_21.6.0.LTS\lib\</path>
         <kind>archive</kind>
         <file>rts430x_lc_sd_eabi.lib</file>
         <name>int41.asm.obj</name>
      </input_file>
      <input_file id="fl-28">
         <path>C:\ti\ccs1120\ccs\tools\compiler\ti-cgt-msp430_21.6.0.LTS\lib\</path>
         <kind>archive</kind>
         <file>rts430x_lc_sd_eabi.lib</file>
         <name>int42.asm.obj</name>
      </input_file>
      <input_file id="fl-29">
         <path>C:\ti\ccs1120\ccs\tools\compiler\ti-cgt-msp430_21.6.0.LTS\lib\</path>
         <kind>archive</kind>
         <file>rts430x_lc_sd_eabi.lib</file>
         <name>int43.asm.obj</name>
      </input_file>
      <input_file id="fl-2a">
         <path>C:\ti\ccs1120\ccs\tools\compiler\ti-cgt-msp430_21.6.0.LTS\lib\</path>
         <kind>archive</kind>
         <file>rts430x_lc_sd_eabi.lib</file>
         <name>int45.asm.obj</name>
      </input_file>
      <input_file id="fl-2b">
         <path>C:\ti\ccs1120\ccs\tools\compiler\ti-cgt-msp430_21.6.0.LTS\lib\</path>
         <kind>archive</kind>
         <file>rts430x_lc_sd_eabi.lib</file>
         <name>int46.asm.obj</name>
      </input_file>
      <input_file id="fl-2c">
         <path>C:\ti\ccs1120\ccs\tools\compiler\ti-cgt-msp430_21.6.0.LTS\lib\</path>
         <kind>archive</kind>
         <file>rts430x_lc_sd_eabi.lib</file>
         <name>int47.asm.obj</name>
      </input_file>
      <input_file id="fl-2d">
         <path>C:\ti\ccs1120\ccs\tools\compiler\ti-cgt-msp430_21.6.0.LTS\lib\</path>
         <kind>archive</kind>
         <file>rts430x_lc_sd_eabi.lib</file>
         <name>int48.asm.obj</name>
      </input_file>
      <input_file id="fl-2e">
         <path>C:\ti\ccs1120\ccs\tools\compiler\ti-cgt-msp430_21.6.0.LTS\lib\</path>
         <kind>archive</kind>
         <file>rts430x_lc_sd_eabi.lib</file>
         <name>int49.asm.obj</name>
      </input_file>
      <input_file id="fl-2f">
         <path>C:\ti\ccs1120\ccs\tools\compiler\ti-cgt-msp430_21.6.0.LTS\lib\</path>
         <kind>archive</kind>
         <file>rts430x_lc_sd_eabi.lib</file>
         <name>int50.asm.obj</name>
      </input_file>
      <input_file id="fl-30">
         <path>C:\ti\ccs1120\ccs\tools\compiler\ti-cgt-msp430_21.6.0.LTS\lib\</path>
         <kind>archive</kind>
         <file>rts430x_lc_sd_eabi.lib</file>
         <name>int51.asm.obj</name>
      </input_file>
      <input_file id="fl-31">
         <path>C:\ti\ccs1120\ccs\tools\compiler\ti-cgt-msp430_21.6.0.LTS\lib\</path>
         <kind>archive</kind>
         <file>rts430x_lc_sd_eabi.lib</file>
         <name>int52.asm.obj</name>
      </input_file>
      <input_file id="fl-32">
         <path>C:\ti\ccs1120\ccs\tools\compiler\ti-cgt-msp430_21.6.0.LTS\lib\</path>
         <kind>archive</kind>
         <file>rts430x_lc_sd_eabi.lib</file>
         <name>int53.asm.obj</name>
      </input_file>
      <input_file id="fl-33">
         <path>C:\ti\ccs1120\ccs\tools\compiler\ti-cgt-msp430_21.6.0.LTS\lib\</path>
         <kind>archive</kind>
         <file>rts430x_lc_sd_eabi.lib</file>
         <name>int55.asm.obj</name>
      </input_file>
      <input_file id="fl-34">
         <path>C:\ti\ccs1120\ccs\tools\compiler\ti-cgt-msp430_21.6.0.LTS\lib\</path>
         <kind>archive</kind>
         <file>rts430x_lc_sd_eabi.lib</file>
         <name>int57.asm.obj</name>
      </input_file>
      <input_file id="fl-35">
         <path>C:\ti\ccs1120\ccs\tools\compiler\ti-cgt-msp430_21.6.0.LTS\lib\</path>
         <kind>archive</kind>
         <file>rts430x_lc_sd_eabi.lib</file>
         <name>int58.asm.obj</name>
      </input_file>
      <input_file id="fl-36">
         <path>C:\ti\ccs1120\ccs\tools\compiler\ti-cgt-msp430_21.6.0.LTS\lib\</path>
         <kind>archive</kind>
         <file>rts430x_lc_sd_eabi.lib</file>
         <name>isr_trap.asm.obj</name>
      </input_file>
      <input_file id="fl-37">
         <path>C:\ti\ccs1120\ccs\tools\compiler\ti-cgt-msp430_21.6.0.LTS\lib\</path>
         <kind>archive</kind>
         <file>rts430x_lc_sd_eabi.lib</file>
         <name>lsl32.asm.obj</name>
      </input_file>
      <input_file id="fl-38">
         <path>C:\ti\ccs1120\ccs\tools\compiler\ti-cgt-msp430_21.6.0.LTS\lib\</path>
         <kind>archive</kind>
         <file>rts430x_lc_sd_eabi.lib</file>
         <name>mult16.asm.obj</name>
      </input_file>
      <input_file id="fl-39">
         <path>C:\ti\ccs1120\ccs\tools\compiler\ti-cgt-msp430_21.6.0.LTS\lib\</path>
         <kind>archive</kind>
         <file>rts430x_lc_sd_eabi.lib</file>
         <name>mult16_f5hw.asm.obj</name>
      </input_file>
      <input_file id="fl-3a">
         <path>C:\ti\ccs1120\ccs\tools\compiler\ti-cgt-msp430_21.6.0.LTS\lib\</path>
         <kind>archive</kind>
         <file>rts430x_lc_sd_eabi.lib</file>
         <name>mult1632_f5hw.asm.obj</name>
      </input_file>
      <input_file id="fl-3b">
         <path>C:\ti\ccs1120\ccs\tools\compiler\ti-cgt-msp430_21.6.0.LTS\lib\</path>
         <kind>archive</kind>
         <file>rts430x_lc_sd_eabi.lib</file>
         <name>mult32_f5hw.asm.obj</name>
      </input_file>
      <input_file id="fl-3c">
         <path>C:\ti\ccs1120\ccs\tools\compiler\ti-cgt-msp430_21.6.0.LTS\lib\</path>
         <kind>archive</kind>
         <file>rts430x_lc_sd_eabi.lib</file>
         <name>mult3264_f5hw.asm.obj</name>
      </input_file>
      <input_file id="fl-3d">
         <path>C:\ti\ccs1120\ccs\tools\compiler\ti-cgt-msp430_21.6.0.LTS\lib\</path>
         <kind>archive</kind>
         <file>rts430x_lc_sd_eabi.lib</file>
         <name>mult64_f5hw.asm.obj</name>
      </input_file>
      <input_file id="fl-3e">
         <path>C:\ti\ccs1120\ccs\tools\compiler\ti-cgt-msp430_21.6.0.LTS\lib\</path>
         <kind>archive</kind>
         <file>rts430x_lc_sd_eabi.lib</file>
         <name>boot.c.obj</name>
      </input_file>
      <input_file id="fl-3f">
         <path>C:\ti\ccs1120\ccs\tools\compiler\ti-cgt-msp430_21.6.0.LTS\lib\</path>
         <kind>archive</kind>
         <file>rts430x_lc_sd_eabi.lib</file>
         <name>autoinit.c.obj</name>
      </input_file>
      <input_file id="fl-40">
         <path>C:\ti\ccs1120\ccs\tools\compiler\ti-cgt-msp430_21.6.0.LTS\lib\</path>
         <kind>archive</kind>
         <file>rts430x_lc_sd_eabi.lib</file>
         <name>copy_zero_init.c.obj</name>
      </input_file>
      <input_file id="fl-41">
         <path>C:\ti\ccs1120\ccs\tools\compiler\ti-cgt-msp430_21.6.0.LTS\lib\</path>
         <kind>archive</kind>
         <file>rts430x_lc_sd_eabi.lib</file>
         <name>cpy_tbl.c.obj</name>
      </input_file>
      <input_file id="fl-42">
         <path>C:\ti\ccs1120\ccs\tools\compiler\ti-cgt-msp430_21.6.0.LTS\lib\</path>
         <kind>archive</kind>
         <file>rts430x_lc_sd_eabi.lib</file>
         <name>mpu_init.c.obj</name>
      </input_file>
      <input_file id="fl-43">
         <path>C:\ti\ccs1120\ccs\tools\compiler\ti-cgt-msp430_21.6.0.LTS\lib\</path>
         <kind>archive</kind>
         <file>rts430x_lc_sd_eabi.lib</file>
         <name>pre_init.c.obj</name>
      </input_file>
      <input_file id="fl-44">
         <path>C:\ti\ccs1120\ccs\tools\compiler\ti-cgt-msp430_21.6.0.LTS\lib\</path>
         <kind>archive</kind>
         <file>rts430x_lc_sd_eabi.lib</file>
         <name>startup.c.obj</name>
      </input_file>
      <input_file id="fl-45">
         <path>C:\ti\ccs1120\ccs\tools\compiler\ti-cgt-msp430_21.6.0.LTS\lib\</path>
         <kind>archive</kind>
         <file>rts430x_lc_sd_eabi.lib</file>
         <name>copy_decompress_none.c.obj</name>
      </input_file>
      <input_file id="fl-46">
         <path>C:\ti\ccs1120\ccs\tools\compiler\ti-cgt-msp430_21.6.0.LTS\lib\</path>
         <kind>archive</kind>
         <file>rts430x_lc_sd_eabi.lib</file>
         <name>copy_decompress_lzss.c.obj</name>
      </input_file>
      <input_file id="fl-47">
         <path>C:\ti\ccs1120\ccs\tools\compiler\ti-cgt-msp430_21.6.0.LTS\lib\</path>
         <kind>archive</kind>
         <file>rts430x_lc_sd_eabi.lib</file>
         <name>divd.c.obj</name>
      </input_file>
      <input_file id="fl-48">
         <path>C:\ti\ccs1120\ccs\tools\compiler\ti-cgt-msp430_21.6.0.LTS\lib\</path>
         <kind>archive</kind>
         <file>rts430x_lc_sd_eabi.lib</file>
         <name>fltud.c.obj</name>
      </input_file>
      <input_file id="fl-49">
         <path>C:\ti\ccs1120\ccs\tools\compiler\ti-cgt-msp430_21.6.0.LTS\lib\</path>
         <kind>archive</kind>
         <file>rts430x_lc_sd_eabi.lib</file>
         <name>fltuld.c.obj</name>
      </input_file>
      <input_file id="fl-4a">
         <path>C:\ti\ccs1120\ccs\tools\compiler\ti-cgt-msp430_21.6.0.LTS\lib\</path>
         <kind>archive</kind>
         <file>rts430x_lc_sd_eabi.lib</file>
         <name>frcdivd.c.obj</name>
      </input_file>
      <input_file id="fl-4b">
         <path>C:\ti\ccs1120\ccs\tools\compiler\ti-cgt-msp430_21.6.0.LTS\lib\</path>
         <kind>archive</kind>
         <file>rts430x_lc_sd_eabi.lib</file>
         <name>mpyd.c.obj</name>
      </input_file>
      <input_file id="fl-4c">
         <path>C:\ti\ccs1120\ccs\tools\compiler\ti-cgt-msp430_21.6.0.LTS\lib\</path>
         <kind>archive</kind>
         <file>rts430x_lc_sd_eabi.lib</file>
         <name>subd.c.obj</name>
      </input_file>
      <input_file id="fl-4d">
         <path>C:\ti\ccs1120\ccs\tools\compiler\ti-cgt-msp430_21.6.0.LTS\lib\</path>
         <kind>archive</kind>
         <file>rts430x_lc_sd_eabi.lib</file>
         <name>exit.c.obj</name>
      </input_file>
      <input_file id="fl-4e">
         <path>C:\ti\ccs1120\ccs\tools\compiler\ti-cgt-msp430_21.6.0.LTS\lib\</path>
         <kind>archive</kind>
         <file>rts430x_lc_sd_eabi.lib</file>
         <name>_lock.c.obj</name>
      </input_file>
      <input_file id="fl-4f">
         <path>C:\ti\ccs1120\ccs\tools\compiler\ti-cgt-msp430_21.6.0.LTS\lib\</path>
         <kind>archive</kind>
         <file>rts430x_lc_sd_eabi.lib</file>
         <name>args_main.c.obj</name>
      </input_file>
      <input_file id="fl-50">
         <path>C:\ti\ccs1120\ccs\tools\compiler\ti-cgt-msp430_21.6.0.LTS\lib\</path>
         <kind>archive</kind>
         <file>rts430x_lc_sd_eabi.lib</file>
         <name>memcpy.c.obj</name>
      </input_file>
      <input_file id="fl-51">
         <path>C:\ti\ccs1120\ccs\tools\compiler\ti-cgt-msp430_21.6.0.LTS\lib\</path>
         <kind>archive</kind>
         <file>rts430x_lc_sd_eabi.lib</file>
         <name>asr32.asm.obj</name>
      </input_file>
      <input_file id="fl-52">
         <path>C:\ti\ccs1120\ccs\tools\compiler\ti-cgt-msp430_21.6.0.LTS\lib\</path>
         <kind>archive</kind>
         <file>rts430x_lc_sd_eabi.lib</file>
         <name>cpy_util.asm.obj</name>
      </input_file>
      <input_file id="fl-53">
         <path>C:\ti\ccs1120\ccs\tools\compiler\ti-cgt-msp430_21.6.0.LTS\lib\</path>
         <kind>archive</kind>
         <file>rts430x_lc_sd_eabi.lib</file>
         <name>lsr32.asm.obj</name>
      </input_file>
      <input_file id="fl-54">
         <path>C:\ti\ccs1120\ccs\tools\compiler\ti-cgt-msp430_21.6.0.LTS\lib\</path>
         <kind>archive</kind>
         <file>rts430x_lc_sd_eabi.lib</file>
         <name>mult32.asm.obj</name>
      </input_file>
      <input_file id="fl-55">
         <path>C:\ti\ccs1120\ccs\tools\compiler\ti-cgt-msp430_21.6.0.LTS\lib\</path>
         <kind>archive</kind>
         <file>rts430x_lc_sd_eabi.lib</file>
         <name>exit_gvars.c.obj</name>
      </input_file>
      <input_file id="fl-56">
         <path>C:\ti\ccs1120\ccs\tools\compiler\ti-cgt-msp430_21.6.0.LTS\lib\</path>
         <kind>archive</kind>
         <file>rts430x_lc_sd_eabi.lib</file>
         <name>lsr64.c.obj</name>
      </input_file>
      <input_file id="fl-57">
         <path>C:\ti\ccs1120\ccs\tools\compiler\ti-cgt-msp430_21.6.0.LTS\lib\</path>
         <kind>archive</kind>
         <file>rts430x_lc_sd_eabi.lib</file>
         <name>addd.c.obj</name>
      </input_file>
      <input_file id="fl-58">
         <path>C:\ti\ccs1120\ccs\tools\compiler\ti-cgt-msp430_21.6.0.LTS\lib\</path>
         <kind>archive</kind>
         <file>rts430x_lc_sd_eabi.lib</file>
         <name>frcmpyd.c.obj</name>
      </input_file>
      <input_file id="fl-59">
         <path>C:\ti\ccs1120\ccs\tools\compiler\ti-cgt-msp430_21.6.0.LTS\lib\</path>
         <kind>archive</kind>
         <file>rts430x_lc_sd_eabi.lib</file>
         <name>mult3264.asm.obj</name>
      </input_file>
      <input_file id="fl-5a">
         <path>C:\ti\ccs1120\ccs\tools\compiler\ti-cgt-msp430_21.6.0.LTS\lib\</path>
         <kind>archive</kind>
         <file>rts430x_lc_sd_eabi.lib</file>
         <name>mult64.asm.obj</name>
      </input_file>
      <input_file id="fl-5b">
         <path>C:\ti\ccs1120\ccs\tools\compiler\ti-cgt-msp430_21.6.0.LTS\lib\</path>
         <kind>archive</kind>
         <file>rts430x_lc_sd_eabi.lib</file>
         <name>asr64.c.obj</name>
      </input_file>
      <input_file id="fl-5c">
         <path>C:\ti\ccs1120\ccs\tools\compiler\ti-cgt-msp430_21.6.0.LTS\lib\</path>
         <kind>archive</kind>
         <file>rts430x_lc_sd_eabi.lib</file>
         <name>lsl64.c.obj</name>
      </input_file>
      <input_file id="fl-5d">
         <path>C:\ti\ccs1120\ccs\tools\compiler\ti-cgt-msp430_21.6.0.LTS\lib\</path>
         <kind>archive</kind>
         <file>rts430x_lc_sd_eabi.lib</file>
         <name>mult1632.asm.obj</name>
      </input_file>
   </input_file_list>
   <object_component_list>
      <object_component id="oc-5e2">
         <name>.cinit..data.load</name>
         <load_address>0xc400</load_address>
         <run_address>0xc400</run_address>
         <size>0x14</size>
      </object_component>
      <object_component id="oc-5df">
         <name>__TI_handler_table</name>
         <load_address>0xc414</load_address>
         <run_address>0xc414</run_address>
         <size>0xc</size>
      </object_component>
      <object_component id="oc-5e1">
         <name>.cinit..bss.load</name>
         <load_address>0xc420</load_address>
         <run_address>0xc420</run_address>
         <size>0x6</size>
      </object_component>
      <object_component id="oc-5e0">
         <name>__TI_cinit_table</name>
         <load_address>0xc426</load_address>
         <run_address>0xc426</run_address>
         <size>0x10</size>
      </object_component>
      <object_component id="oc-577">
         <name>.binit</name>
         <load_address>0xc436</load_address>
         <run_address>0xc436</run_address>
         <size>0x0</size>
      </object_component>
      <object_component id="oc-441">
         <name>.text:__mspabi_addd</name>
         <load_address>0xc436</load_address>
         <run_address>0xc436</run_address>
         <size>0x72a</size>
         <input_file_ref idref="fl-57"/>
      </object_component>
      <object_component id="oc-455">
         <name>.text:__TI_frcdivd</name>
         <load_address>0xcb60</load_address>
         <run_address>0xcb60</run_address>
         <size>0x466</size>
         <input_file_ref idref="fl-4a"/>
      </object_component>
      <object_component id="oc-368">
         <name>.text:__mspabi_mpyd</name>
         <load_address>0xcfc6</load_address>
         <run_address>0xcfc6</run_address>
         <size>0x298</size>
         <input_file_ref idref="fl-4b"/>
      </object_component>
      <object_component id="oc-2f6">
         <name>.text:main</name>
         <load_address>0xd25e</load_address>
         <run_address>0xd25e</run_address>
         <size>0x286</size>
         <input_file_ref idref="fl-2"/>
      </object_component>
      <object_component id="oc-36f">
         <name>.text:__mspabi_divd</name>
         <load_address>0xd4e4</load_address>
         <run_address>0xd4e4</run_address>
         <size>0x220</size>
         <input_file_ref idref="fl-47"/>
      </object_component>
      <object_component id="oc-448">
         <name>.text:__TI_frcmpyd</name>
         <load_address>0xd704</load_address>
         <run_address>0xd704</run_address>
         <size>0x164</size>
         <input_file_ref idref="fl-58"/>
      </object_component>
      <object_component id="oc-33c">
         <name>.text:initializeConfig</name>
         <load_address>0xd868</load_address>
         <run_address>0xd868</run_address>
         <size>0x158</size>
         <input_file_ref idref="fl-2"/>
      </object_component>
      <object_component id="oc-68">
         <name>.text:decompress:lzss:__TI_decompress_lzss</name>
         <load_address>0xd9c0</load_address>
         <run_address>0xd9c0</run_address>
         <size>0xee</size>
         <input_file_ref idref="fl-46"/>
      </object_component>
      <object_component id="oc-27f">
         <name>.text:_isr:USCI_B0_ISR</name>
         <load_address>0xdaae</load_address>
         <run_address>0xdaae</run_address>
         <size>0xe6</size>
         <input_file_ref idref="fl-2"/>
      </object_component>
      <object_component id="oc-43a">
         <name>.text:__mspabi_fltuld</name>
         <load_address>0xdb94</load_address>
         <run_address>0xdb94</run_address>
         <size>0x80</size>
         <input_file_ref idref="fl-49"/>
      </object_component>
      <object_component id="oc-356">
         <name>.text:stc3x_measure_gas_concentration</name>
         <load_address>0xdc14</load_address>
         <run_address>0xdc14</run_address>
         <size>0x6c</size>
         <input_file_ref idref="fl-6"/>
      </object_component>
      <object_component id="oc-3c7">
         <name>.text:__TI_auto_init_nobinit_nopinit_hold_wdt:__TI_auto_init_nobinit_nopinit_hold_wdt</name>
         <load_address>0xdc80</load_address>
         <run_address>0xdc80</run_address>
         <size>0x6a</size>
         <input_file_ref idref="fl-3f"/>
      </object_component>
      <object_component id="oc-42d">
         <name>.text:sensirion_i2c_read_data_inplace</name>
         <load_address>0xdcea</load_address>
         <run_address>0xdcea</run_address>
         <size>0x66</size>
         <input_file_ref idref="fl-4"/>
      </object_component>
      <object_component id="oc-4f4">
         <name>.text:__mpyll</name>
         <load_address>0xdd50</load_address>
         <run_address>0xdd50</run_address>
         <size>0x5c</size>
         <input_file_ref idref="fl-3d"/>
      </object_component>
      <object_component id="oc-3f8">
         <name>.text:I2C_Master_WriteReg</name>
         <load_address>0xddac</load_address>
         <run_address>0xddac</run_address>
         <size>0x54</size>
         <input_file_ref idref="fl-2"/>
      </object_component>
      <object_component id="oc-4c1">
         <name>.text:sensirion_i2c_hal_write</name>
         <load_address>0xde00</load_address>
         <run_address>0xde00</run_address>
         <size>0x4e</size>
         <input_file_ref idref="fl-5"/>
      </object_component>
      <object_component id="oc-4cb">
         <name>.text:sensirion_i2c_hal_read</name>
         <load_address>0xde4e</load_address>
         <run_address>0xde4e</run_address>
         <size>0x4a</size>
         <input_file_ref idref="fl-5"/>
      </object_component>
      <object_component id="oc-342">
         <name>.text:stc3x_set_binary_gas</name>
         <load_address>0xde98</load_address>
         <run_address>0xde98</run_address>
         <size>0x44</size>
         <input_file_ref idref="fl-6"/>
      </object_component>
      <object_component id="oc-34e">
         <name>.text:stc3x_set_pressure</name>
         <load_address>0xdedc</load_address>
         <run_address>0xdedc</run_address>
         <size>0x44</size>
         <input_file_ref idref="fl-6"/>
      </object_component>
      <object_component id="oc-348">
         <name>.text:stc3x_set_relative_humidity</name>
         <load_address>0xdf20</load_address>
         <run_address>0xdf20</run_address>
         <size>0x44</size>
         <input_file_ref idref="fl-6"/>
      </object_component>
      <object_component id="oc-376">
         <name>.text:I2C_Master_ReadReg</name>
         <load_address>0xdf64</load_address>
         <run_address>0xdf64</run_address>
         <size>0x40</size>
         <input_file_ref idref="fl-2"/>
      </object_component>
      <object_component id="oc-26e">
         <name>.text:__memcpy_far</name>
         <load_address>0xdfa4</load_address>
         <run_address>0xdfa4</run_address>
         <size>0x40</size>
         <input_file_ref idref="fl-52"/>
      </object_component>
      <object_component id="oc-4e6">
         <name>.text:__mspabi_srall</name>
         <load_address>0xdfe4</load_address>
         <run_address>0xdfe4</run_address>
         <size>0x40</size>
         <input_file_ref idref="fl-5b"/>
      </object_component>
      <object_component id="oc-291">
         <name>.text:decompress:ZI:__TI_zero_init_nomemset:__TI_zero_init_nomemset</name>
         <load_address>0xe024</load_address>
         <run_address>0xe024</run_address>
         <size>0x3e</size>
         <input_file_ref idref="fl-40"/>
      </object_component>
      <object_component id="oc-50c">
         <name>.text:l_asr_const</name>
         <load_address>0xe062</load_address>
         <run_address>0xe062</run_address>
         <size>0x3e</size>
         <input_file_ref idref="fl-51"/>
      </object_component>
      <object_component id="oc-4da">
         <name>.text:l_lsl_const</name>
         <load_address>0xe0a0</load_address>
         <run_address>0xe0a0</run_address>
         <size>0x3e</size>
         <input_file_ref idref="fl-37"/>
      </object_component>
      <object_component id="oc-4df">
         <name>.text:l_lsr_const</name>
         <load_address>0xe0de</load_address>
         <run_address>0xe0de</run_address>
         <size>0x3e</size>
         <input_file_ref idref="fl-53"/>
      </object_component>
      <object_component id="oc-6e">
         <name>.text:decompress:none:__TI_decompress_none</name>
         <load_address>0xe11c</load_address>
         <run_address>0xe11c</run_address>
         <size>0x3c</size>
         <input_file_ref idref="fl-45"/>
      </object_component>
      <object_component id="oc-417">
         <name>.text:sensirion_i2c_add_uint16_t_to_buffer</name>
         <load_address>0xe158</load_address>
         <run_address>0xe158</run_address>
         <size>0x3c</size>
         <input_file_ref idref="fl-4"/>
      </object_component>
      <object_component id="oc-4ec">
         <name>.text:__mspabi_sllll</name>
         <load_address>0xe194</load_address>
         <run_address>0xe194</run_address>
         <size>0x3a</size>
         <input_file_ref idref="fl-5c"/>
      </object_component>
      <object_component id="oc-4fe">
         <name>.text:__mspabi_srlll</name>
         <load_address>0xe1ce</load_address>
         <run_address>0xe1ce</run_address>
         <size>0x3a</size>
         <input_file_ref idref="fl-56"/>
      </object_component>
      <object_component id="oc-32a">
         <name>.text:initClockTo16MHz</name>
         <load_address>0xe208</load_address>
         <run_address>0xe208</run_address>
         <size>0x38</size>
         <input_file_ref idref="fl-2"/>
      </object_component>
      <object_component id="oc-4ba">
         <name>.text:sensirion_i2c_generate_crc</name>
         <load_address>0xe240</load_address>
         <run_address>0xe240</run_address>
         <size>0x32</size>
         <input_file_ref idref="fl-4"/>
      </object_component>
      <object_component id="oc-362">
         <name>.text:__mspabi_subd</name>
         <load_address>0xe272</load_address>
         <run_address>0xe272</run_address>
         <size>0x2e</size>
         <input_file_ref idref="fl-4c"/>
      </object_component>
      <object_component id="oc-4f9">
         <name>.text:__mpyull</name>
         <load_address>0xe2a0</load_address>
         <run_address>0xe2a0</run_address>
         <size>0x2c</size>
         <input_file_ref idref="fl-3c"/>
      </object_component>
      <object_component id="oc-336">
         <name>.text:initI2C</name>
         <load_address>0xe2cc</load_address>
         <run_address>0xe2cc</run_address>
         <size>0x26</size>
         <input_file_ref idref="fl-2"/>
      </object_component>
      <object_component id="oc-507">
         <name>.text</name>
         <load_address>0xe2f2</load_address>
         <run_address>0xe2f2</run_address>
         <size>0x24</size>
         <input_file_ref idref="fl-3b"/>
      </object_component>
      <object_component id="oc-330">
         <name>.text:initGPIO</name>
         <load_address>0xe316</load_address>
         <run_address>0xe316</run_address>
         <size>0x22</size>
         <input_file_ref idref="fl-2"/>
      </object_component>
      <object_component id="oc-411">
         <name>.text:sensirion_i2c_add_command_to_buffer</name>
         <load_address>0xe338</load_address>
         <run_address>0xe338</run_address>
         <size>0x20</size>
         <input_file_ref idref="fl-4"/>
      </object_component>
      <object_component id="oc-37f">
         <name>.text:CopyArray</name>
         <load_address>0xe358</load_address>
         <run_address>0xe358</run_address>
         <size>0x1c</size>
         <input_file_ref idref="fl-5"/>
      </object_component>
      <object_component id="oc-2a3">
         <name>.text:_isr:_c_int00_noargs</name>
         <load_address>0xe374</load_address>
         <run_address>0xe374</run_address>
         <size>0x1c</size>
         <input_file_ref idref="fl-3e"/>
      </object_component>
      <object_component id="oc-467">
         <name>.text</name>
         <load_address>0xe390</load_address>
         <run_address>0xe390</run_address>
         <size>0x18</size>
         <input_file_ref idref="fl-39"/>
      </object_component>
      <object_component id="oc-433">
         <name>.text:sensirion_common_bytes_to_uint16_t</name>
         <load_address>0xe3a8</load_address>
         <run_address>0xe3a8</run_address>
         <size>0xe</size>
         <input_file_ref idref="fl-3"/>
      </object_component>
      <object_component id="oc-423">
         <name>.text:sensirion_i2c_hal_sleep_usec</name>
         <load_address>0xe3b6</load_address>
         <run_address>0xe3b6</run_address>
         <size>0xe</size>
         <input_file_ref idref="fl-5"/>
      </object_component>
      <object_component id="oc-38b">
         <name>.text:concatenate</name>
         <load_address>0xe3c4</load_address>
         <run_address>0xe3c4</run_address>
         <size>0xc</size>
         <input_file_ref idref="fl-2"/>
      </object_component>
      <object_component id="oc-391">
         <name>.text:convertCAP</name>
         <load_address>0xe3d0</load_address>
         <run_address>0xe3d0</run_address>
         <size>0xa</size>
         <input_file_ref idref="fl-2"/>
      </object_component>
      <object_component id="oc-28b">
         <name>.text:_isr:Timer0</name>
         <load_address>0xe3da</load_address>
         <run_address>0xe3da</run_address>
         <size>0x8</size>
         <input_file_ref idref="fl-2"/>
      </object_component>
      <object_component id="oc-285">
         <name>.text:_isr:Timer1</name>
         <load_address>0xe3e2</load_address>
         <run_address>0xe3e2</run_address>
         <size>0x8</size>
         <input_file_ref idref="fl-2"/>
      </object_component>
      <object_component id="oc-27a">
         <name>.text:_isr:__TI_ISR_TRAP</name>
         <load_address>0xe3ea</load_address>
         <run_address>0xe3ea</run_address>
         <size>0x8</size>
         <input_file_ref idref="fl-36"/>
      </object_component>
      <object_component id="oc-4d1">
         <name>.text:sensirion_i2c_check_crc</name>
         <load_address>0xe3f2</load_address>
         <run_address>0xe3f2</run_address>
         <size>0x8</size>
         <input_file_ref idref="fl-4"/>
      </object_component>
      <object_component id="oc-35c">
         <name>.text:__mspabi_fltud</name>
         <load_address>0xe3fa</load_address>
         <run_address>0xe3fa</run_address>
         <size>0x6</size>
         <input_file_ref idref="fl-48"/>
      </object_component>
      <object_component id="oc-3a3">
         <name>.text:abort</name>
         <load_address>0xe400</load_address>
         <run_address>0xe400</run_address>
         <size>0x6</size>
         <input_file_ref idref="fl-4d"/>
      </object_component>
      <object_component id="oc-39b">
         <name>.text:convertSOC</name>
         <load_address>0xe406</load_address>
         <run_address>0xe406</run_address>
         <size>0x6</size>
         <input_file_ref idref="fl-2"/>
      </object_component>
      <object_component id="oc-41d">
         <name>.text:sensirion_i2c_write_data</name>
         <load_address>0xe40c</load_address>
         <run_address>0xe40c</run_address>
         <size>0x6</size>
         <input_file_ref idref="fl-4"/>
      </object_component>
      <object_component id="oc-2f0">
         <name>.text:_system_pre_init</name>
         <load_address>0xe412</load_address>
         <run_address>0xe412</run_address>
         <size>0x4</size>
         <input_file_ref idref="fl-43"/>
      </object_component>
      <object_component id="oc-482">
         <name>.text:_system_post_cinit</name>
         <load_address>0xe416</load_address>
         <run_address>0xe416</run_address>
         <size>0x2</size>
         <input_file_ref idref="fl-44"/>
      </object_component>
      <object_component id="oc-397">
         <name>.common:resultCAP</name>
         <uninitialized>true</uninitialized>
         <run_address>0x2062</run_address>
         <size>0x2</size>
      </object_component>
      <object_component id="oc-3a1">
         <name>.common:resultSOC</name>
         <uninitialized>true</uninitialized>
         <run_address>0x2064</run_address>
         <size>0x2</size>
      </object_component>
      <object_component id="oc-354">
         <name>.common:gas_ticks</name>
         <uninitialized>true</uninitialized>
         <run_address>0x2060</run_address>
         <size>0x2</size>
      </object_component>
      <object_component id="oc-355">
         <name>.common:temperature_ticks</name>
         <uninitialized>true</uninitialized>
         <run_address>0x2066</run_address>
         <size>0x2</size>
      </object_component>
      <object_component id="oc-36e">
         <name>.common:gas</name>
         <uninitialized>true</uninitialized>
         <run_address>0x2050</run_address>
         <size>0x8</size>
      </object_component>
      <object_component id="oc-375">
         <name>.common:temperature</name>
         <uninitialized>true</uninitialized>
         <run_address>0x2058</run_address>
         <size>0x8</size>
      </object_component>
      <object_component id="oc-401">
         <name>.data:DesignCap</name>
         <load_address>0x2034</load_address>
         <run_address>0x2034</run_address>
         <size>0x2</size>
         <input_file_ref idref="fl-2"/>
      </object_component>
      <object_component id="oc-407">
         <name>.data:IchgTerm</name>
         <load_address>0x203a</load_address>
         <run_address>0x203a</run_address>
         <size>0x2</size>
         <input_file_ref idref="fl-2"/>
      </object_component>
      <object_component id="oc-40a">
         <name>.data:VEmpty</name>
         <load_address>0x2048</load_address>
         <run_address>0x2048</run_address>
         <size>0x2</size>
         <input_file_ref idref="fl-2"/>
      </object_component>
      <object_component id="oc-3f5">
         <name>.data:Write1</name>
         <load_address>0x204a</load_address>
         <run_address>0x204a</run_address>
         <size>0x2</size>
         <input_file_ref idref="fl-2"/>
      </object_component>
      <object_component id="oc-3fe">
         <name>.data:Write2</name>
         <load_address>0x204c</load_address>
         <run_address>0x204c</run_address>
         <size>0x2</size>
         <input_file_ref idref="fl-2"/>
      </object_component>
      <object_component id="oc-40d">
         <name>.data:Write3</name>
         <load_address>0x204e</load_address>
         <run_address>0x204e</run_address>
         <size>0x2</size>
         <input_file_ref idref="fl-2"/>
      </object_component>
      <object_component id="oc-3f2">
         <name>.data:HibCFG</name>
         <load_address>0x2038</load_address>
         <run_address>0x2038</run_address>
         <size>0x2</size>
         <input_file_ref idref="fl-2"/>
      </object_component>
      <object_component id="oc-3ef">
         <name>.data:ModelCFG</name>
         <load_address>0x203c</load_address>
         <run_address>0x203c</run_address>
         <size>0x2</size>
         <input_file_ref idref="fl-2"/>
      </object_component>
      <object_component id="oc-3ec">
         <name>.data:FSTAT</name>
         <load_address>0x2036</load_address>
         <run_address>0x2036</run_address>
         <size>0x2</size>
         <input_file_ref idref="fl-2"/>
      </object_component>
      <object_component id="oc-37c">
         <name>.data:Status</name>
         <load_address>0x2042</load_address>
         <run_address>0x2042</run_address>
         <size>0x2</size>
         <input_file_ref idref="fl-2"/>
      </object_component>
      <object_component id="oc-385">
         <name>.data:StatusPOR</name>
         <load_address>0x2044</load_address>
         <run_address>0x2044</run_address>
         <size>0x2</size>
         <input_file_ref idref="fl-2"/>
      </object_component>
      <object_component id="oc-398">
         <name>.data:RepSOC</name>
         <load_address>0x2040</load_address>
         <run_address>0x2040</run_address>
         <size>0x2</size>
         <input_file_ref idref="fl-2"/>
      </object_component>
      <object_component id="oc-388">
         <name>.data:RepCAP</name>
         <load_address>0x203e</load_address>
         <run_address>0x203e</run_address>
         <size>0x2</size>
         <input_file_ref idref="fl-2"/>
      </object_component>
      <object_component id="oc-404">
         <name>.data:Test</name>
         <load_address>0x2046</load_address>
         <run_address>0x2046</run_address>
         <size>0x2</size>
         <input_file_ref idref="fl-2"/>
      </object_component>
      <object_component id="oc-2d8">
         <name>.data</name>
         <load_address>0x2028</load_address>
         <run_address>0x2028</run_address>
         <size>0xc</size>
         <input_file_ref idref="fl-2"/>
      </object_component>
      <object_component id="oc-2de">
         <name>.data:ReceiveBuffer</name>
         <load_address>0x2000</load_address>
         <run_address>0x2000</run_address>
         <size>0x14</size>
         <input_file_ref idref="fl-2"/>
      </object_component>
      <object_component id="oc-2db">
         <name>.data:TransmitBuffer</name>
         <load_address>0x2014</load_address>
         <run_address>0x2014</run_address>
         <size>0x14</size>
         <input_file_ref idref="fl-2"/>
      </object_component>
      <object_component id="oc-25f">
         <name>.stack</name>
         <uninitialized>true</uninitialized>
         <run_address>0x2f60</run_address>
         <size>0x2</size>
         <input_file_ref idref="fl-3e"/>
      </object_component>
      <object_component id="oc-5e3">
         <name>.stack</name>
         <uninitialized>true</uninitialized>
         <run_address>0x2f60</run_address>
         <size>0x0</size>
      </object_component>
      <object_component id="oc-74">
         <name>.int41</name>
         <load_address>0xffda</load_address>
         <run_address>0xffda</run_address>
         <size>0x2</size>
         <input_file_ref idref="fl-27"/>
      </object_component>
      <object_component id="oc-75">
         <name>.int42</name>
         <load_address>0xffdc</load_address>
         <run_address>0xffdc</run_address>
         <size>0x2</size>
         <input_file_ref idref="fl-28"/>
      </object_component>
      <object_component id="oc-76">
         <name>.int43</name>
         <load_address>0xffde</load_address>
         <run_address>0xffde</run_address>
         <size>0x2</size>
         <input_file_ref idref="fl-29"/>
      </object_component>
      <object_component id="oc-77">
         <name>.int44</name>
         <load_address>0xffe0</load_address>
         <run_address>0xffe0</run_address>
         <size>0x2</size>
         <input_file_ref idref="fl-2"/>
      </object_component>
      <object_component id="oc-78">
         <name>.int45</name>
         <load_address>0xffe2</load_address>
         <run_address>0xffe2</run_address>
         <size>0x2</size>
         <input_file_ref idref="fl-2a"/>
      </object_component>
      <object_component id="oc-79">
         <name>.int46</name>
         <load_address>0xffe4</load_address>
         <run_address>0xffe4</run_address>
         <size>0x2</size>
         <input_file_ref idref="fl-2b"/>
      </object_component>
      <object_component id="oc-7a">
         <name>.int47</name>
         <load_address>0xffe6</load_address>
         <run_address>0xffe6</run_address>
         <size>0x2</size>
         <input_file_ref idref="fl-2c"/>
      </object_component>
      <object_component id="oc-7b">
         <name>.int48</name>
         <load_address>0xffe8</load_address>
         <run_address>0xffe8</run_address>
         <size>0x2</size>
         <input_file_ref idref="fl-2d"/>
      </object_component>
      <object_component id="oc-7c">
         <name>.int49</name>
         <load_address>0xffea</load_address>
         <run_address>0xffea</run_address>
         <size>0x2</size>
         <input_file_ref idref="fl-2e"/>
      </object_component>
      <object_component id="oc-7d">
         <name>.int50</name>
         <load_address>0xffec</load_address>
         <run_address>0xffec</run_address>
         <size>0x2</size>
         <input_file_ref idref="fl-2f"/>
      </object_component>
      <object_component id="oc-7e">
         <name>.int51</name>
         <load_address>0xffee</load_address>
         <run_address>0xffee</run_address>
         <size>0x2</size>
         <input_file_ref idref="fl-30"/>
      </object_component>
      <object_component id="oc-7f">
         <name>.int52</name>
         <load_address>0xfff0</load_address>
         <run_address>0xfff0</run_address>
         <size>0x2</size>
         <input_file_ref idref="fl-31"/>
      </object_component>
      <object_component id="oc-80">
         <name>.int53</name>
         <load_address>0xfff2</load_address>
         <run_address>0xfff2</run_address>
         <size>0x2</size>
         <input_file_ref idref="fl-32"/>
      </object_component>
      <object_component id="oc-81">
         <name>.int54</name>
         <load_address>0xfff4</load_address>
         <run_address>0xfff4</run_address>
         <size>0x2</size>
         <input_file_ref idref="fl-2"/>
      </object_component>
      <object_component id="oc-82">
         <name>.int55</name>
         <load_address>0xfff6</load_address>
         <run_address>0xfff6</run_address>
         <size>0x2</size>
         <input_file_ref idref="fl-33"/>
      </object_component>
      <object_component id="oc-83">
         <name>.int56</name>
         <load_address>0xfff8</load_address>
         <run_address>0xfff8</run_address>
         <size>0x2</size>
         <input_file_ref idref="fl-2"/>
      </object_component>
      <object_component id="oc-84">
         <name>.int57</name>
         <load_address>0xfffa</load_address>
         <run_address>0xfffa</run_address>
         <size>0x2</size>
         <input_file_ref idref="fl-34"/>
      </object_component>
      <object_component id="oc-85">
         <name>.int58</name>
         <load_address>0xfffc</load_address>
         <run_address>0xfffc</run_address>
         <size>0x2</size>
         <input_file_ref idref="fl-35"/>
      </object_component>
      <object_component id="oc-262">
         <name>.reset</name>
         <load_address>0xfffe</load_address>
         <run_address>0xfffe</run_address>
         <size>0x2</size>
         <input_file_ref idref="fl-3e"/>
      </object_component>
      <object_component id="oc-320">
         <name>.debug_info</name>
         <load_address>0x0</load_address>
         <run_address>0x0</run_address>
         <size>0x7dc</size>
         <input_file_ref idref="fl-2"/>
      </object_component>
      <object_component id="oc-402">
         <name>.debug_info</name>
         <load_address>0x7dc</load_address>
         <run_address>0x7dc</run_address>
         <size>0x10e</size>
         <input_file_ref idref="fl-2"/>
      </object_component>
      <object_component id="oc-408">
         <name>.debug_info</name>
         <load_address>0x8ea</load_address>
         <run_address>0x8ea</run_address>
         <size>0x10c</size>
         <input_file_ref idref="fl-2"/>
      </object_component>
      <object_component id="oc-40b">
         <name>.debug_info</name>
         <load_address>0x9f6</load_address>
         <run_address>0x9f6</run_address>
         <size>0x108</size>
         <input_file_ref idref="fl-2"/>
      </object_component>
      <object_component id="oc-3f6">
         <name>.debug_info</name>
         <load_address>0xafe</load_address>
         <run_address>0xafe</run_address>
         <size>0x108</size>
         <input_file_ref idref="fl-2"/>
      </object_component>
      <object_component id="oc-3ff">
         <name>.debug_info</name>
         <load_address>0xc06</load_address>
         <run_address>0xc06</run_address>
         <size>0x108</size>
         <input_file_ref idref="fl-2"/>
      </object_component>
      <object_component id="oc-40e">
         <name>.debug_info</name>
         <load_address>0xd0e</load_address>
         <run_address>0xd0e</run_address>
         <size>0x108</size>
         <input_file_ref idref="fl-2"/>
      </object_component>
      <object_component id="oc-3f3">
         <name>.debug_info</name>
         <load_address>0xe16</load_address>
         <run_address>0xe16</run_address>
         <size>0x108</size>
         <input_file_ref idref="fl-2"/>
      </object_component>
      <object_component id="oc-3f0">
         <name>.debug_info</name>
         <load_address>0xf1e</load_address>
         <run_address>0xf1e</run_address>
         <size>0x10c</size>
         <input_file_ref idref="fl-2"/>
      </object_component>
      <object_component id="oc-3ed">
         <name>.debug_info</name>
         <load_address>0x102a</load_address>
         <run_address>0x102a</run_address>
         <size>0x106</size>
         <input_file_ref idref="fl-2"/>
      </object_component>
      <object_component id="oc-37d">
         <name>.debug_info</name>
         <load_address>0x1130</load_address>
         <run_address>0x1130</run_address>
         <size>0x108</size>
         <input_file_ref idref="fl-2"/>
      </object_component>
      <object_component id="oc-386">
         <name>.debug_info</name>
         <load_address>0x1238</load_address>
         <run_address>0x1238</run_address>
         <size>0x10e</size>
         <input_file_ref idref="fl-2"/>
      </object_component>
      <object_component id="oc-399">
         <name>.debug_info</name>
         <load_address>0x1346</load_address>
         <run_address>0x1346</run_address>
         <size>0x108</size>
         <input_file_ref idref="fl-2"/>
      </object_component>
      <object_component id="oc-389">
         <name>.debug_info</name>
         <load_address>0x144e</load_address>
         <run_address>0x144e</run_address>
         <size>0x108</size>
         <input_file_ref idref="fl-2"/>
      </object_component>
      <object_component id="oc-405">
         <name>.debug_info</name>
         <load_address>0x1556</load_address>
         <run_address>0x1556</run_address>
         <size>0x104</size>
         <input_file_ref idref="fl-2"/>
      </object_component>
      <object_component id="oc-2d9">
         <name>.debug_info</name>
         <load_address>0x165a</load_address>
         <run_address>0x165a</run_address>
         <size>0x217</size>
         <input_file_ref idref="fl-2"/>
      </object_component>
      <object_component id="oc-2df">
         <name>.debug_info</name>
         <load_address>0x1871</load_address>
         <run_address>0x1871</run_address>
         <size>0x116</size>
         <input_file_ref idref="fl-2"/>
      </object_component>
      <object_component id="oc-2dc">
         <name>.debug_info</name>
         <load_address>0x1987</load_address>
         <run_address>0x1987</run_address>
         <size>0x118</size>
         <input_file_ref idref="fl-2"/>
      </object_component>
      <object_component id="oc-32b">
         <name>.debug_info</name>
         <load_address>0x1a9f</load_address>
         <run_address>0x1a9f</run_address>
         <size>0x160</size>
         <input_file_ref idref="fl-2"/>
      </object_component>
      <object_component id="oc-331">
         <name>.debug_info</name>
         <load_address>0x1bff</load_address>
         <run_address>0x1bff</run_address>
         <size>0x150</size>
         <input_file_ref idref="fl-2"/>
      </object_component>
      <object_component id="oc-337">
         <name>.debug_info</name>
         <load_address>0x1d4f</load_address>
         <run_address>0x1d4f</run_address>
         <size>0x14e</size>
         <input_file_ref idref="fl-2"/>
      </object_component>
      <object_component id="oc-377">
         <name>.debug_info</name>
         <load_address>0x1e9d</load_address>
         <run_address>0x1e9d</run_address>
         <size>0x1f2</size>
         <input_file_ref idref="fl-2"/>
      </object_component>
      <object_component id="oc-3f9">
         <name>.debug_info</name>
         <load_address>0x208f</load_address>
         <run_address>0x208f</run_address>
         <size>0x236</size>
         <input_file_ref idref="fl-2"/>
      </object_component>
      <object_component id="oc-33d">
         <name>.debug_info</name>
         <load_address>0x22c5</load_address>
         <run_address>0x22c5</run_address>
         <size>0x318</size>
         <input_file_ref idref="fl-2"/>
      </object_component>
      <object_component id="oc-392">
         <name>.debug_info</name>
         <load_address>0x25dd</load_address>
         <run_address>0x25dd</run_address>
         <size>0x180</size>
         <input_file_ref idref="fl-2"/>
      </object_component>
      <object_component id="oc-38c">
         <name>.debug_info</name>
         <load_address>0x275d</load_address>
         <run_address>0x275d</run_address>
         <size>0x19e</size>
         <input_file_ref idref="fl-2"/>
      </object_component>
      <object_component id="oc-39c">
         <name>.debug_info</name>
         <load_address>0x28fb</load_address>
         <run_address>0x28fb</run_address>
         <size>0x16c</size>
         <input_file_ref idref="fl-2"/>
      </object_component>
      <object_component id="oc-2f7">
         <name>.debug_info</name>
         <load_address>0x2a67</load_address>
         <run_address>0x2a67</run_address>
         <size>0x485</size>
         <input_file_ref idref="fl-2"/>
      </object_component>
      <object_component id="oc-280">
         <name>.debug_info</name>
         <load_address>0x2eec</load_address>
         <run_address>0x2eec</run_address>
         <size>0x16f</size>
         <input_file_ref idref="fl-2"/>
      </object_component>
      <object_component id="oc-286">
         <name>.debug_info</name>
         <load_address>0x305b</load_address>
         <run_address>0x305b</run_address>
         <size>0x150</size>
         <input_file_ref idref="fl-2"/>
      </object_component>
      <object_component id="oc-28c">
         <name>.debug_info</name>
         <load_address>0x31ab</load_address>
         <run_address>0x31ab</run_address>
         <size>0x150</size>
         <input_file_ref idref="fl-2"/>
      </object_component>
      <object_component id="oc-3e4">
         <name>.debug_info</name>
         <load_address>0x32fb</load_address>
         <run_address>0x32fb</run_address>
         <size>0x26b</size>
         <input_file_ref idref="fl-2"/>
      </object_component>
      <object_component id="oc-319">
         <name>.debug_info</name>
         <load_address>0x3566</load_address>
         <run_address>0x3566</run_address>
         <size>0xbc</size>
         <input_file_ref idref="fl-2"/>
      </object_component>
      <object_component id="oc-269">
         <name>.debug_info</name>
         <load_address>0x3622</load_address>
         <run_address>0x3622</run_address>
         <size>0x84</size>
         <input_file_ref idref="fl-2"/>
      </object_component>
      <object_component id="oc-324">
         <name>.debug_info</name>
         <load_address>0x36a6</load_address>
         <run_address>0x36a6</run_address>
         <size>0x282</size>
         <input_file_ref idref="fl-2"/>
      </object_component>
      <object_component id="oc-2e2">
         <name>.debug_info</name>
         <load_address>0x3928</load_address>
         <run_address>0x3928</run_address>
         <size>0xbb</size>
         <input_file_ref idref="fl-2"/>
      </object_component>
      <object_component id="oc-4d9">
         <name>.debug_info</name>
         <load_address>0x39e3</load_address>
         <run_address>0x39e3</run_address>
         <size>0x1c1</size>
         <input_file_ref idref="fl-3"/>
      </object_component>
      <object_component id="oc-436">
         <name>.debug_info</name>
         <load_address>0x3ba4</load_address>
         <run_address>0x3ba4</run_address>
         <size>0x1ab</size>
         <input_file_ref idref="fl-3"/>
      </object_component>
      <object_component id="oc-4b9">
         <name>.debug_info</name>
         <load_address>0x3d4f</load_address>
         <run_address>0x3d4f</run_address>
         <size>0x2ce</size>
         <input_file_ref idref="fl-4"/>
      </object_component>
      <object_component id="oc-41f">
         <name>.debug_info</name>
         <load_address>0x401d</load_address>
         <run_address>0x401d</run_address>
         <size>0x1d0</size>
         <input_file_ref idref="fl-4"/>
      </object_component>
      <object_component id="oc-4bc">
         <name>.debug_info</name>
         <load_address>0x41ed</load_address>
         <run_address>0x41ed</run_address>
         <size>0x1fb</size>
         <input_file_ref idref="fl-4"/>
      </object_component>
      <object_component id="oc-4d3">
         <name>.debug_info</name>
         <load_address>0x43e8</load_address>
         <run_address>0x43e8</run_address>
         <size>0x1c4</size>
         <input_file_ref idref="fl-4"/>
      </object_component>
      <object_component id="oc-42e">
         <name>.debug_info</name>
         <load_address>0x45ac</load_address>
         <run_address>0x45ac</run_address>
         <size>0x291</size>
         <input_file_ref idref="fl-4"/>
      </object_component>
      <object_component id="oc-418">
         <name>.debug_info</name>
         <load_address>0x483d</load_address>
         <run_address>0x483d</run_address>
         <size>0x217</size>
         <input_file_ref idref="fl-4"/>
      </object_component>
      <object_component id="oc-412">
         <name>.debug_info</name>
         <load_address>0x4a54</load_address>
         <run_address>0x4a54</run_address>
         <size>0x200</size>
         <input_file_ref idref="fl-4"/>
      </object_component>
      <object_component id="oc-461">
         <name>.debug_info</name>
         <load_address>0x4c54</load_address>
         <run_address>0x4c54</run_address>
         <size>0x364</size>
         <input_file_ref idref="fl-5"/>
      </object_component>
      <object_component id="oc-381">
         <name>.debug_info</name>
         <load_address>0x4fb8</load_address>
         <run_address>0x4fb8</run_address>
         <size>0x1df</size>
         <input_file_ref idref="fl-5"/>
      </object_component>
      <object_component id="oc-4c3">
         <name>.debug_info</name>
         <load_address>0x5197</load_address>
         <run_address>0x5197</run_address>
         <size>0x1f8</size>
         <input_file_ref idref="fl-5"/>
      </object_component>
      <object_component id="oc-424">
         <name>.debug_info</name>
         <load_address>0x538f</load_address>
         <run_address>0x538f</run_address>
         <size>0x196</size>
         <input_file_ref idref="fl-5"/>
      </object_component>
      <object_component id="oc-4cc">
         <name>.debug_info</name>
         <load_address>0x5525</load_address>
         <run_address>0x5525</run_address>
         <size>0x1e5</size>
         <input_file_ref idref="fl-5"/>
      </object_component>
      <object_component id="oc-517">
         <name>.debug_info</name>
         <load_address>0x570a</load_address>
         <run_address>0x570a</run_address>
         <size>0x8b</size>
         <input_file_ref idref="fl-5"/>
      </object_component>
      <object_component id="oc-42a">
         <name>.debug_info</name>
         <load_address>0x5795</load_address>
         <run_address>0x5795</run_address>
         <size>0x552</size>
         <input_file_ref idref="fl-6"/>
      </object_component>
      <object_component id="oc-349">
         <name>.debug_info</name>
         <load_address>0x5ce7</load_address>
         <run_address>0x5ce7</run_address>
         <size>0x2a5</size>
         <input_file_ref idref="fl-6"/>
      </object_component>
      <object_component id="oc-34f">
         <name>.debug_info</name>
         <load_address>0x5f8c</load_address>
         <run_address>0x5f8c</run_address>
         <size>0x27b</size>
         <input_file_ref idref="fl-6"/>
      </object_component>
      <object_component id="oc-343">
         <name>.debug_info</name>
         <load_address>0x6207</load_address>
         <run_address>0x6207</run_address>
         <size>0x263</size>
         <input_file_ref idref="fl-6"/>
      </object_component>
      <object_component id="oc-357">
         <name>.debug_info</name>
         <load_address>0x646a</load_address>
         <run_address>0x646a</run_address>
         <size>0x2f5</size>
         <input_file_ref idref="fl-6"/>
      </object_component>
      <object_component id="oc-27b">
         <name>.debug_info</name>
         <load_address>0x675f</load_address>
         <run_address>0x675f</run_address>
         <size>0x10f</size>
         <input_file_ref idref="fl-36"/>
      </object_component>
      <object_component id="oc-4db">
         <name>.debug_info</name>
         <load_address>0x686e</load_address>
         <run_address>0x686e</run_address>
         <size>0x126</size>
         <input_file_ref idref="fl-37"/>
      </object_component>
      <object_component id="oc-469">
         <name>.debug_info</name>
         <load_address>0x6994</load_address>
         <run_address>0x6994</run_address>
         <size>0x130</size>
         <input_file_ref idref="fl-39"/>
      </object_component>
      <object_component id="oc-508">
         <name>.debug_info</name>
         <load_address>0x6ac4</load_address>
         <run_address>0x6ac4</run_address>
         <size>0x130</size>
         <input_file_ref idref="fl-3b"/>
      </object_component>
      <object_component id="oc-4fb">
         <name>.debug_info</name>
         <load_address>0x6bf4</load_address>
         <run_address>0x6bf4</run_address>
         <size>0x136</size>
         <input_file_ref idref="fl-3c"/>
      </object_component>
      <object_component id="oc-4f7">
         <name>.debug_info</name>
         <load_address>0x6d2a</load_address>
         <run_address>0x6d2a</run_address>
         <size>0x132</size>
         <input_file_ref idref="fl-3d"/>
      </object_component>
      <object_component id="oc-260">
         <name>.debug_info</name>
         <load_address>0x6e5c</load_address>
         <run_address>0x6e5c</run_address>
         <size>0x100</size>
         <input_file_ref idref="fl-3e"/>
      </object_component>
      <object_component id="oc-2a4">
         <name>.debug_info</name>
         <load_address>0x6f5c</load_address>
         <run_address>0x6f5c</run_address>
         <size>0x17a</size>
         <input_file_ref idref="fl-3e"/>
      </object_component>
      <object_component id="oc-489">
         <name>.debug_info</name>
         <load_address>0x70d6</load_address>
         <run_address>0x70d6</run_address>
         <size>0x409</size>
         <input_file_ref idref="fl-3f"/>
      </object_component>
      <object_component id="oc-3ca">
         <name>.debug_info</name>
         <load_address>0x74df</load_address>
         <run_address>0x74df</run_address>
         <size>0x216</size>
         <input_file_ref idref="fl-3f"/>
      </object_component>
      <object_component id="oc-534">
         <name>.debug_info</name>
         <load_address>0x76f5</load_address>
         <run_address>0x76f5</run_address>
         <size>0x39</size>
         <input_file_ref idref="fl-3f"/>
      </object_component>
      <object_component id="oc-546">
         <name>.debug_info</name>
         <load_address>0x772e</load_address>
         <run_address>0x772e</run_address>
         <size>0x2c</size>
         <input_file_ref idref="fl-3f"/>
      </object_component>
      <object_component id="oc-494">
         <name>.debug_info</name>
         <load_address>0x775a</load_address>
         <run_address>0x775a</run_address>
         <size>0x2c</size>
         <input_file_ref idref="fl-3f"/>
      </object_component>
      <object_component id="oc-539">
         <name>.debug_info</name>
         <load_address>0x7786</load_address>
         <run_address>0x7786</run_address>
         <size>0xcd</size>
         <input_file_ref idref="fl-3f"/>
      </object_component>
      <object_component id="oc-293">
         <name>.debug_info</name>
         <load_address>0x7853</load_address>
         <run_address>0x7853</run_address>
         <size>0x1d3</size>
         <input_file_ref idref="fl-40"/>
      </object_component>
      <object_component id="oc-2ea">
         <name>.debug_info</name>
         <load_address>0x7a26</load_address>
         <run_address>0x7a26</run_address>
         <size>0x46</size>
         <input_file_ref idref="fl-40"/>
      </object_component>
      <object_component id="oc-2f3">
         <name>.debug_info</name>
         <load_address>0x7a6c</load_address>
         <run_address>0x7a6c</run_address>
         <size>0x153</size>
         <input_file_ref idref="fl-43"/>
      </object_component>
      <object_component id="oc-483">
         <name>.debug_info</name>
         <load_address>0x7bbf</load_address>
         <run_address>0x7bbf</run_address>
         <size>0x150</size>
         <input_file_ref idref="fl-44"/>
      </object_component>
      <object_component id="oc-279">
         <name>.debug_info</name>
         <load_address>0x7d0f</load_address>
         <run_address>0x7d0f</run_address>
         <size>0x1da</size>
         <input_file_ref idref="fl-45"/>
      </object_component>
      <object_component id="oc-72">
         <name>.debug_info</name>
         <load_address>0x7ee9</load_address>
         <run_address>0x7ee9</run_address>
         <size>0x1f2</size>
         <input_file_ref idref="fl-45"/>
      </object_component>
      <object_component id="oc-274">
         <name>.debug_info</name>
         <load_address>0x80db</load_address>
         <run_address>0x80db</run_address>
         <size>0x46</size>
         <input_file_ref idref="fl-45"/>
      </object_component>
      <object_component id="oc-6c">
         <name>.debug_info</name>
         <load_address>0x8121</load_address>
         <run_address>0x8121</run_address>
         <size>0x2b8</size>
         <input_file_ref idref="fl-46"/>
      </object_component>
      <object_component id="oc-312">
         <name>.debug_info</name>
         <load_address>0x83d9</load_address>
         <run_address>0x83d9</run_address>
         <size>0x46</size>
         <input_file_ref idref="fl-46"/>
      </object_component>
      <object_component id="oc-2cf">
         <name>.debug_info</name>
         <load_address>0x841f</load_address>
         <run_address>0x841f</run_address>
         <size>0x39</size>
         <input_file_ref idref="fl-46"/>
      </object_component>
      <object_component id="oc-264">
         <name>.debug_info</name>
         <load_address>0x8458</load_address>
         <run_address>0x8458</run_address>
         <size>0x60</size>
         <input_file_ref idref="fl-46"/>
      </object_component>
      <object_component id="oc-45c">
         <name>.debug_info</name>
         <load_address>0x84b8</load_address>
         <run_address>0x84b8</run_address>
         <size>0x19d</size>
         <input_file_ref idref="fl-47"/>
      </object_component>
      <object_component id="oc-370">
         <name>.debug_info</name>
         <load_address>0x8655</load_address>
         <run_address>0x8655</run_address>
         <size>0x252</size>
         <input_file_ref idref="fl-47"/>
      </object_component>
      <object_component id="oc-450">
         <name>.debug_info</name>
         <load_address>0x88a7</load_address>
         <run_address>0x88a7</run_address>
         <size>0x94</size>
         <input_file_ref idref="fl-47"/>
      </object_component>
      <object_component id="oc-35e">
         <name>.debug_info</name>
         <load_address>0x893b</load_address>
         <run_address>0x893b</run_address>
         <size>0x166</size>
         <input_file_ref idref="fl-48"/>
      </object_component>
      <object_component id="oc-4e5">
         <name>.debug_info</name>
         <load_address>0x8aa1</load_address>
         <run_address>0x8aa1</run_address>
         <size>0x166</size>
         <input_file_ref idref="fl-49"/>
      </object_component>
      <object_component id="oc-43c">
         <name>.debug_info</name>
         <load_address>0x8c07</load_address>
         <run_address>0x8c07</run_address>
         <size>0x1c1</size>
         <input_file_ref idref="fl-49"/>
      </object_component>
      <object_component id="oc-512">
         <name>.debug_info</name>
         <load_address>0x8dc8</load_address>
         <run_address>0x8dc8</run_address>
         <size>0x16d</size>
         <input_file_ref idref="fl-4a"/>
      </object_component>
      <object_component id="oc-457">
         <name>.debug_info</name>
         <load_address>0x8f35</load_address>
         <run_address>0x8f35</run_address>
         <size>0x5bd</size>
         <input_file_ref idref="fl-4a"/>
      </object_component>
      <object_component id="oc-44f">
         <name>.debug_info</name>
         <load_address>0x94f2</load_address>
         <run_address>0x94f2</run_address>
         <size>0x192</size>
         <input_file_ref idref="fl-4b"/>
      </object_component>
      <object_component id="oc-369">
         <name>.debug_info</name>
         <load_address>0x9684</load_address>
         <run_address>0x9684</run_address>
         <size>0x295</size>
         <input_file_ref idref="fl-4b"/>
      </object_component>
      <object_component id="oc-363">
         <name>.debug_info</name>
         <load_address>0x9919</load_address>
         <run_address>0x9919</run_address>
         <size>0x1a3</size>
         <input_file_ref idref="fl-4c"/>
      </object_component>
      <object_component id="oc-3a5">
         <name>.debug_info</name>
         <load_address>0x9abc</load_address>
         <run_address>0x9abc</run_address>
         <size>0x122</size>
         <input_file_ref idref="fl-4d"/>
      </object_component>
      <object_component id="oc-50e">
         <name>.debug_info</name>
         <load_address>0x9bde</load_address>
         <run_address>0x9bde</run_address>
         <size>0x126</size>
         <input_file_ref idref="fl-51"/>
      </object_component>
      <object_component id="oc-26f">
         <name>.debug_info</name>
         <load_address>0x9d04</load_address>
         <run_address>0x9d04</run_address>
         <size>0x121</size>
         <input_file_ref idref="fl-52"/>
      </object_component>
      <object_component id="oc-4e1">
         <name>.debug_info</name>
         <load_address>0x9e25</load_address>
         <run_address>0x9e25</run_address>
         <size>0x126</size>
         <input_file_ref idref="fl-53"/>
      </object_component>
      <object_component id="oc-4ff">
         <name>.debug_info</name>
         <load_address>0x9f4b</load_address>
         <run_address>0x9f4b</run_address>
         <size>0x188</size>
         <input_file_ref idref="fl-56"/>
      </object_component>
      <object_component id="oc-4f3">
         <name>.debug_info</name>
         <load_address>0xa0d3</load_address>
         <run_address>0xa0d3</run_address>
         <size>0x15f</size>
         <input_file_ref idref="fl-57"/>
      </object_component>
      <object_component id="oc-445">
         <name>.debug_info</name>
         <load_address>0xa232</load_address>
         <run_address>0xa232</run_address>
         <size>0x3a0</size>
         <input_file_ref idref="fl-57"/>
      </object_component>
      <object_component id="oc-449">
         <name>.debug_info</name>
         <load_address>0xa5d2</load_address>
         <run_address>0xa5d2</run_address>
         <size>0x244</size>
         <input_file_ref idref="fl-58"/>
      </object_component>
      <object_component id="oc-4e8">
         <name>.debug_info</name>
         <load_address>0xa816</load_address>
         <run_address>0xa816</run_address>
         <size>0x188</size>
         <input_file_ref idref="fl-5b"/>
      </object_component>
      <object_component id="oc-4ef">
         <name>.debug_info</name>
         <load_address>0xa99e</load_address>
         <run_address>0xa99e</run_address>
         <size>0x188</size>
         <input_file_ref idref="fl-5c"/>
      </object_component>
      <object_component id="oc-5e4">
         <name>.debug_info</name>
         <load_address>0xab26</load_address>
         <run_address>0xab26</run_address>
         <size>0xce</size>
      </object_component>
      <object_component id="oc-3e3">
         <name>.debug_line</name>
         <load_address>0x0</load_address>
         <run_address>0x0</run_address>
         <size>0xa2</size>
         <input_file_ref idref="fl-2"/>
      </object_component>
      <object_component id="oc-4af">
         <name>.debug_line</name>
         <load_address>0xa2</load_address>
         <run_address>0xa2</run_address>
         <size>0x3a</size>
         <input_file_ref idref="fl-2"/>
      </object_component>
      <object_component id="oc-4b3">
         <name>.debug_line</name>
         <load_address>0xdc</load_address>
         <run_address>0xdc</run_address>
         <size>0x3a</size>
         <input_file_ref idref="fl-2"/>
      </object_component>
      <object_component id="oc-4b5">
         <name>.debug_line</name>
         <load_address>0x116</load_address>
         <run_address>0x116</run_address>
         <size>0x3a</size>
         <input_file_ref idref="fl-2"/>
      </object_component>
      <object_component id="oc-4aa">
         <name>.debug_line</name>
         <load_address>0x150</load_address>
         <run_address>0x150</run_address>
         <size>0x3a</size>
         <input_file_ref idref="fl-2"/>
      </object_component>
      <object_component id="oc-4ad">
         <name>.debug_line</name>
         <load_address>0x18a</load_address>
         <run_address>0x18a</run_address>
         <size>0x3a</size>
         <input_file_ref idref="fl-2"/>
      </object_component>
      <object_component id="oc-4b7">
         <name>.debug_line</name>
         <load_address>0x1c4</load_address>
         <run_address>0x1c4</run_address>
         <size>0x3a</size>
         <input_file_ref idref="fl-2"/>
      </object_component>
      <object_component id="oc-4a8">
         <name>.debug_line</name>
         <load_address>0x1fe</load_address>
         <run_address>0x1fe</run_address>
         <size>0x3a</size>
         <input_file_ref idref="fl-2"/>
      </object_component>
      <object_component id="oc-4a6">
         <name>.debug_line</name>
         <load_address>0x238</load_address>
         <run_address>0x238</run_address>
         <size>0x3a</size>
         <input_file_ref idref="fl-2"/>
      </object_component>
      <object_component id="oc-4a4">
         <name>.debug_line</name>
         <load_address>0x272</load_address>
         <run_address>0x272</run_address>
         <size>0x3a</size>
         <input_file_ref idref="fl-2"/>
      </object_component>
      <object_component id="oc-45f">
         <name>.debug_line</name>
         <load_address>0x2ac</load_address>
         <run_address>0x2ac</run_address>
         <size>0x3a</size>
         <input_file_ref idref="fl-2"/>
      </object_component>
      <object_component id="oc-463">
         <name>.debug_line</name>
         <load_address>0x2e6</load_address>
         <run_address>0x2e6</run_address>
         <size>0x3a</size>
         <input_file_ref idref="fl-2"/>
      </object_component>
      <object_component id="oc-46e">
         <name>.debug_line</name>
         <load_address>0x320</load_address>
         <run_address>0x320</run_address>
         <size>0x3a</size>
         <input_file_ref idref="fl-2"/>
      </object_component>
      <object_component id="oc-465">
         <name>.debug_line</name>
         <load_address>0x35a</load_address>
         <run_address>0x35a</run_address>
         <size>0x3a</size>
         <input_file_ref idref="fl-2"/>
      </object_component>
      <object_component id="oc-4b1">
         <name>.debug_line</name>
         <load_address>0x394</load_address>
         <run_address>0x394</run_address>
         <size>0x3a</size>
         <input_file_ref idref="fl-2"/>
      </object_component>
      <object_component id="oc-318">
         <name>.debug_line</name>
         <load_address>0x3ce</load_address>
         <run_address>0x3ce</run_address>
         <size>0x3a</size>
         <input_file_ref idref="fl-2"/>
      </object_component>
      <object_component id="oc-323">
         <name>.debug_line</name>
         <load_address>0x408</load_address>
         <run_address>0x408</run_address>
         <size>0x3a</size>
         <input_file_ref idref="fl-2"/>
      </object_component>
      <object_component id="oc-31f">
         <name>.debug_line</name>
         <load_address>0x442</load_address>
         <run_address>0x442</run_address>
         <size>0x3a</size>
         <input_file_ref idref="fl-2"/>
      </object_component>
      <object_component id="oc-32e">
         <name>.debug_line</name>
         <load_address>0x47c</load_address>
         <run_address>0x47c</run_address>
         <size>0x59</size>
         <input_file_ref idref="fl-2"/>
      </object_component>
      <object_component id="oc-334">
         <name>.debug_line</name>
         <load_address>0x4d5</load_address>
         <run_address>0x4d5</run_address>
         <size>0x56</size>
         <input_file_ref idref="fl-2"/>
      </object_component>
      <object_component id="oc-33b">
         <name>.debug_line</name>
         <load_address>0x52b</load_address>
         <run_address>0x52b</run_address>
         <size>0x56</size>
         <input_file_ref idref="fl-2"/>
      </object_component>
      <object_component id="oc-37a">
         <name>.debug_line</name>
         <load_address>0x581</load_address>
         <run_address>0x581</run_address>
         <size>0x5c</size>
         <input_file_ref idref="fl-2"/>
      </object_component>
      <object_component id="oc-3fd">
         <name>.debug_line</name>
         <load_address>0x5dd</load_address>
         <run_address>0x5dd</run_address>
         <size>0x5d</size>
         <input_file_ref idref="fl-2"/>
      </object_component>
      <object_component id="oc-341">
         <name>.debug_line</name>
         <load_address>0x63a</load_address>
         <run_address>0x63a</run_address>
         <size>0x8e</size>
         <input_file_ref idref="fl-2"/>
      </object_component>
      <object_component id="oc-395">
         <name>.debug_line</name>
         <load_address>0x6c8</load_address>
         <run_address>0x6c8</run_address>
         <size>0x50</size>
         <input_file_ref idref="fl-2"/>
      </object_component>
      <object_component id="oc-38f">
         <name>.debug_line</name>
         <load_address>0x718</load_address>
         <run_address>0x718</run_address>
         <size>0x53</size>
         <input_file_ref idref="fl-2"/>
      </object_component>
      <object_component id="oc-39f">
         <name>.debug_line</name>
         <load_address>0x76b</load_address>
         <run_address>0x76b</run_address>
         <size>0x51</size>
         <input_file_ref idref="fl-2"/>
      </object_component>
      <object_component id="oc-2fa">
         <name>.debug_line</name>
         <load_address>0x7bc</load_address>
         <run_address>0x7bc</run_address>
         <size>0xe0</size>
         <input_file_ref idref="fl-2"/>
      </object_component>
      <object_component id="oc-284">
         <name>.debug_line</name>
         <load_address>0x89c</load_address>
         <run_address>0x89c</run_address>
         <size>0x98</size>
         <input_file_ref idref="fl-2"/>
      </object_component>
      <object_component id="oc-289">
         <name>.debug_line</name>
         <load_address>0x934</load_address>
         <run_address>0x934</run_address>
         <size>0x50</size>
         <input_file_ref idref="fl-2"/>
      </object_component>
      <object_component id="oc-290">
         <name>.debug_line</name>
         <load_address>0x984</load_address>
         <run_address>0x984</run_address>
         <size>0x50</size>
         <input_file_ref idref="fl-2"/>
      </object_component>
      <object_component id="oc-3e7">
         <name>.debug_line</name>
         <load_address>0x9d4</load_address>
         <run_address>0x9d4</run_address>
         <size>0x72</size>
         <input_file_ref idref="fl-2"/>
      </object_component>
      <object_component id="oc-31c">
         <name>.debug_line</name>
         <load_address>0xa46</load_address>
         <run_address>0xa46</run_address>
         <size>0x3a</size>
         <input_file_ref idref="fl-2"/>
      </object_component>
      <object_component id="oc-26c">
         <name>.debug_line</name>
         <load_address>0xa80</load_address>
         <run_address>0xa80</run_address>
         <size>0x20</size>
         <input_file_ref idref="fl-2"/>
      </object_component>
      <object_component id="oc-327">
         <name>.debug_line</name>
         <load_address>0xaa0</load_address>
         <run_address>0xaa0</run_address>
         <size>0x76</size>
         <input_file_ref idref="fl-2"/>
      </object_component>
      <object_component id="oc-2e5">
         <name>.debug_line</name>
         <load_address>0xb16</load_address>
         <run_address>0xb16</run_address>
         <size>0x73</size>
         <input_file_ref idref="fl-2"/>
      </object_component>
      <object_component id="oc-552">
         <name>.debug_line</name>
         <load_address>0xb89</load_address>
         <run_address>0xb89</run_address>
         <size>0x20</size>
         <input_file_ref idref="fl-3"/>
      </object_component>
      <object_component id="oc-435">
         <name>.debug_line</name>
         <load_address>0xba9</load_address>
         <run_address>0xba9</run_address>
         <size>0x4e</size>
         <input_file_ref idref="fl-3"/>
      </object_component>
      <object_component id="oc-54c">
         <name>.debug_line</name>
         <load_address>0xbf7</load_address>
         <run_address>0xbf7</run_address>
         <size>0x3a</size>
         <input_file_ref idref="fl-4"/>
      </object_component>
      <object_component id="oc-41e">
         <name>.debug_line</name>
         <load_address>0xc31</load_address>
         <run_address>0xc31</run_address>
         <size>0x4c</size>
         <input_file_ref idref="fl-4"/>
      </object_component>
      <object_component id="oc-4bb">
         <name>.debug_line</name>
         <load_address>0xc7d</load_address>
         <run_address>0xc7d</run_address>
         <size>0x62</size>
         <input_file_ref idref="fl-4"/>
      </object_component>
      <object_component id="oc-4d2">
         <name>.debug_line</name>
         <load_address>0xcdf</load_address>
         <run_address>0xcdf</run_address>
         <size>0x4c</size>
         <input_file_ref idref="fl-4"/>
      </object_component>
      <object_component id="oc-431">
         <name>.debug_line</name>
         <load_address>0xd2b</load_address>
         <run_address>0xd2b</run_address>
         <size>0x6e</size>
         <input_file_ref idref="fl-4"/>
      </object_component>
      <object_component id="oc-41c">
         <name>.debug_line</name>
         <load_address>0xd99</load_address>
         <run_address>0xd99</run_address>
         <size>0x4f</size>
         <input_file_ref idref="fl-4"/>
      </object_component>
      <object_component id="oc-416">
         <name>.debug_line</name>
         <load_address>0xde8</load_address>
         <run_address>0xde8</run_address>
         <size>0x4e</size>
         <input_file_ref idref="fl-4"/>
      </object_component>
      <object_component id="oc-516">
         <name>.debug_line</name>
         <load_address>0xe36</load_address>
         <run_address>0xe36</run_address>
         <size>0x76</size>
         <input_file_ref idref="fl-5"/>
      </object_component>
      <object_component id="oc-384">
         <name>.debug_line</name>
         <load_address>0xeac</load_address>
         <run_address>0xeac</run_address>
         <size>0x58</size>
         <input_file_ref idref="fl-5"/>
      </object_component>
      <object_component id="oc-4c2">
         <name>.debug_line</name>
         <load_address>0xf04</load_address>
         <run_address>0xf04</run_address>
         <size>0x5c</size>
         <input_file_ref idref="fl-5"/>
      </object_component>
      <object_component id="oc-427">
         <name>.debug_line</name>
         <load_address>0xf60</load_address>
[...]
         <name>convertCAP</name>
         <value>0xe3d0</value>
         <object_component_ref idref="oc-391"/>
      </symbol>
      <symbol id="sm-342">
         <name>Write3</name>
         <value>0x204e</value>
         <object_component_ref idref="oc-40d"/>
      </symbol>
      <symbol id="sm-343">
         <name>ModelCFG</name>
         <value>0x203c</value>
         <object_component_ref idref="oc-3ef"/>
      </symbol>
      <symbol id="sm-344">
         <name>initClockTo16MHz</name>
         <value>0xe208</value>
         <object_component_ref idref="oc-32a"/>
      </symbol>
      <symbol id="sm-345">
         <name>main</name>
         <value>0xd25e</value>
         <object_component_ref idref="oc-2f6"/>
      </symbol>
      <symbol id="sm-346">
         <name>TransmitRegAddr</name>
         <value>0x202a</value>
         <object_component_ref idref="oc-2d8"/>
      </symbol>
      <symbol id="sm-347">
         <name>TXByteCtr</name>
         <value>0x202d</value>
         <object_component_ref idref="oc-2d8"/>
      </symbol>
      <symbol id="sm-348">
         <name>I2C_Master_WriteReg</name>
         <value>0xddac</value>
         <object_component_ref idref="oc-3f8"/>
      </symbol>
      <symbol id="sm-349">
         <name>ReceiveIndex</name>
         <value>0x202c</value>
         <object_component_ref idref="oc-2d8"/>
      </symbol>
      <symbol id="sm-34a">
         <name>Test</name>
         <value>0x2046</value>
         <object_component_ref idref="oc-404"/>
      </symbol>
      <symbol id="sm-34b">
         <name>initI2C</name>
         <value>0xe2cc</value>
         <object_component_ref idref="oc-336"/>
      </symbol>
      <symbol id="sm-34c">
         <name>HibCFG</name>
         <value>0x2038</value>
         <object_component_ref idref="oc-3f2"/>
      </symbol>
      <symbol id="sm-34d">
         <name>Status</name>
         <value>0x2042</value>
         <object_component_ref idref="oc-37c"/>
      </symbol>
      <symbol id="sm-34e">
         <name>RepCAP</name>
         <value>0x203e</value>
         <object_component_ref idref="oc-388"/>
      </symbol>
      <symbol id="sm-34f">
         <name>VEmpty</name>
         <value>0x2048</value>
         <object_component_ref idref="oc-40a"/>
      </symbol>
      <symbol id="sm-350">
         <name>MainMode</name>
         <value>0x2032</value>
         <object_component_ref idref="oc-2d8"/>
      </symbol>
      <symbol id="sm-351">
         <name>convertSOC</name>
         <value>0xe406</value>
         <object_component_ref idref="oc-39b"/>
      </symbol>
      <symbol id="sm-352">
         <name>DesignCap</name>
         <value>0x2034</value>
         <object_component_ref idref="oc-401"/>
      </symbol>
      <symbol id="sm-353">
         <name>StatusPOR</name>
         <value>0x2044</value>
         <object_component_ref idref="oc-385"/>
      </symbol>
      <symbol id="sm-354">
         <name>RXByteCtr</name>
         <value>0x202b</value>
         <object_component_ref idref="oc-2d8"/>
      </symbol>
      <symbol id="sm-355">
         <name>Timer1</name>
         <value>0xe3e2</value>
         <object_component_ref idref="oc-285"/>
      </symbol>
      <symbol id="sm-356">
         <name>Timer0</name>
         <value>0xe3da</value>
         <object_component_ref idref="oc-28b"/>
      </symbol>
      <symbol id="sm-362">
         <name>sensirion_common_bytes_to_uint16_t</name>
         <value>0xe3a8</value>
         <object_component_ref idref="oc-433"/>
      </symbol>
      <symbol id="sm-39b">
         <name>sensirion_i2c_read_data_inplace</name>
         <value>0xdcea</value>
         <object_component_ref idref="oc-42d"/>
      </symbol>
      <symbol id="sm-39c">
         <name>sensirion_i2c_check_crc</name>
         <value>0xe3f2</value>
         <object_component_ref idref="oc-4d1"/>
      </symbol>
      <symbol id="sm-39d">
         <name>sensirion_i2c_add_uint16_t_to_buffer</name>
         <value>0xe158</value>
         <object_component_ref idref="oc-417"/>
      </symbol>
      <symbol id="sm-39e">
         <name>sensirion_i2c_generate_crc</name>
         <value>0xe240</value>
         <object_component_ref idref="oc-4ba"/>
      </symbol>
      <symbol id="sm-39f">
         <name>sensirion_i2c_write_data</name>
         <value>0xe40c</value>
         <object_component_ref idref="oc-41d"/>
      </symbol>
      <symbol id="sm-3a0">
         <name>sensirion_i2c_add_command_to_buffer</name>
         <value>0xe338</value>
         <object_component_ref idref="oc-411"/>
      </symbol>
      <symbol id="sm-3c9">
         <name>sensirion_i2c_hal_write</name>
         <value>0xde00</value>
         <object_component_ref idref="oc-4c1"/>
      </symbol>
      <symbol id="sm-3ca">
         <name>sensirion_i2c_hal_read</name>
         <value>0xde4e</value>
         <object_component_ref idref="oc-4cb"/>
      </symbol>
      <symbol id="sm-3cb">
         <name>CopyArray</name>
         <value>0xe358</value>
         <object_component_ref idref="oc-37f"/>
      </symbol>
      <symbol id="sm-3cc">
         <name>sensirion_i2c_hal_sleep_usec</name>
         <value>0xe3b6</value>
         <object_component_ref idref="oc-423"/>
      </symbol>
      <symbol id="sm-3f2">
         <name>stc3x_set_pressure</name>
         <value>0xdedc</value>
         <object_component_ref idref="oc-34e"/>
      </symbol>
      <symbol id="sm-3f3">
         <name>stc3x_set_relative_humidity</name>
         <value>0xdf20</value>
         <object_component_ref idref="oc-348"/>
      </symbol>
      <symbol id="sm-3f4">
         <name>stc3x_set_binary_gas</name>
         <value>0xde98</value>
         <object_component_ref idref="oc-342"/>
      </symbol>
      <symbol id="sm-3f5">
         <name>stc3x_measure_gas_concentration</name>
         <value>0xdc14</value>
         <object_component_ref idref="oc-356"/>
      </symbol>
      <symbol id="sm-3f8">
         <name>__TI_int41</name>
         <value>0xffda</value>
         <object_component_ref idref="oc-74"/>
      </symbol>
      <symbol id="sm-3fb">
         <name>__TI_int42</name>
         <value>0xffdc</value>
         <object_component_ref idref="oc-75"/>
      </symbol>
      <symbol id="sm-3fe">
         <name>__TI_int43</name>
         <value>0xffde</value>
         <object_component_ref idref="oc-76"/>
      </symbol>
      <symbol id="sm-401">
         <name>__TI_int45</name>
         <value>0xffe2</value>
         <object_component_ref idref="oc-78"/>
      </symbol>
      <symbol id="sm-404">
         <name>__TI_int46</name>
         <value>0xffe4</value>
         <object_component_ref idref="oc-79"/>
      </symbol>
      <symbol id="sm-407">
         <name>__TI_int47</name>
         <value>0xffe6</value>
         <object_component_ref idref="oc-7a"/>
      </symbol>
      <symbol id="sm-40a">
         <name>__TI_int48</name>
         <value>0xffe8</value>
         <object_component_ref idref="oc-7b"/>
      </symbol>
      <symbol id="sm-40d">
         <name>__TI_int49</name>
         <value>0xffea</value>
         <object_component_ref idref="oc-7c"/>
      </symbol>
      <symbol id="sm-410">
         <name>__TI_int50</name>
         <value>0xffec</value>
         <object_component_ref idref="oc-7d"/>
      </symbol>
      <symbol id="sm-413">
         <name>__TI_int51</name>
         <value>0xffee</value>
         <object_component_ref idref="oc-7e"/>
      </symbol>
      <symbol id="sm-416">
         <name>__TI_int52</name>
         <value>0xfff0</value>
         <object_component_ref idref="oc-7f"/>
      </symbol>
      <symbol id="sm-419">
         <name>__TI_int53</name>
         <value>0xfff2</value>
         <object_component_ref idref="oc-80"/>
      </symbol>
      <symbol id="sm-41c">
         <name>__TI_int55</name>
         <value>0xfff6</value>
         <object_component_ref idref="oc-82"/>
      </symbol>
      <symbol id="sm-41f">
         <name>__TI_int57</name>
         <value>0xfffa</value>
         <object_component_ref idref="oc-84"/>
      </symbol>
      <symbol id="sm-422">
         <name>__TI_int58</name>
         <value>0xfffc</value>
         <object_component_ref idref="oc-85"/>
      </symbol>
      <symbol id="sm-42a">
         <name>__TI_ISR_TRAP</name>
         <value>0xe3ea</value>
         <object_component_ref idref="oc-27a"/>
      </symbol>
      <symbol id="sm-432">
         <name>__mspabi_slll_9</name>
         <value>0xe0b8</value>
         <object_component_ref idref="oc-4da"/>
      </symbol>
      <symbol id="sm-433">
         <name>__mspabi_slll_8</name>
         <value>0xe0bc</value>
         <object_component_ref idref="oc-4da"/>
      </symbol>
      <symbol id="sm-434">
         <name>__mspabi_slll_7</name>
         <value>0xe0c0</value>
         <object_component_ref idref="oc-4da"/>
      </symbol>
      <symbol id="sm-435">
         <name>__mspabi_slll_6</name>
         <value>0xe0c4</value>
         <object_component_ref idref="oc-4da"/>
      </symbol>
      <symbol id="sm-436">
         <name>__mspabi_slll_5</name>
         <value>0xe0c8</value>
         <object_component_ref idref="oc-4da"/>
      </symbol>
      <symbol id="sm-437">
         <name>__mspabi_slll_4</name>
         <value>0xe0cc</value>
         <object_component_ref idref="oc-4da"/>
      </symbol>
      <symbol id="sm-438">
         <name>__mspabi_slll_3</name>
         <value>0xe0d0</value>
         <object_component_ref idref="oc-4da"/>
      </symbol>
      <symbol id="sm-439">
         <name>__mspabi_slll_2</name>
         <value>0xe0d4</value>
         <object_component_ref idref="oc-4da"/>
      </symbol>
      <symbol id="sm-43a">
         <name>__mspabi_slll_1</name>
         <value>0xe0d8</value>
         <object_component_ref idref="oc-4da"/>
      </symbol>
      <symbol id="sm-43b">
         <name>__mspabi_slll_15</name>
         <value>0xe0a0</value>
         <object_component_ref idref="oc-4da"/>
      </symbol>
      <symbol id="sm-43c">
         <name>__mspabi_slll_14</name>
         <value>0xe0a4</value>
         <object_component_ref idref="oc-4da"/>
      </symbol>
      <symbol id="sm-43d">
         <name>__mspabi_slll_13</name>
         <value>0xe0a8</value>
         <object_component_ref idref="oc-4da"/>
      </symbol>
      <symbol id="sm-43e">
         <name>__mspabi_slll_12</name>
         <value>0xe0ac</value>
         <object_component_ref idref="oc-4da"/>
      </symbol>
      <symbol id="sm-43f">
         <name>__mspabi_slll_11</name>
         <value>0xe0b0</value>
         <object_component_ref idref="oc-4da"/>
      </symbol>
      <symbol id="sm-440">
         <name>__mspabi_slll_10</name>
         <value>0xe0b4</value>
         <object_component_ref idref="oc-4da"/>
      </symbol>
      <symbol id="sm-449">
         <name>__mspabi_mpyi_f5hw</name>
         <value>0xe390</value>
         <object_component_ref idref="oc-467"/>
      </symbol>
      <symbol id="sm-452">
         <name>__mspabi_mpyl_f5hw</name>
         <value>0xe2f2</value>
         <object_component_ref idref="oc-507"/>
      </symbol>
      <symbol id="sm-45a">
         <name>__mspabi_mpyull_f5hw</name>
         <value>0xe2a0</value>
         <object_component_ref idref="oc-4f9"/>
      </symbol>
      <symbol id="sm-462">
         <name>__mspabi_mpyll_f5hw</name>
         <value>0xdd50</value>
         <object_component_ref idref="oc-4f4"/>
      </symbol>
      <symbol id="sm-472">
         <name>_stack</name>
         <value>0x2f60</value>
         <object_component_ref idref="oc-25f"/>
      </symbol>
      <symbol id="sm-473">
         <name>_c_int00_noargs</name>
         <value>0xe374</value>
         <object_component_ref idref="oc-2a3"/>
      </symbol>
      <symbol id="sm-474">
         <name>_reset_vector</name>
         <value>0xfffe</value>
         <object_component_ref idref="oc-262"/>
      </symbol>
      <symbol id="sm-496">
         <name>__TI_auto_init_nobinit_nopinit_hold_wdt</name>
         <value>0xdc80</value>
         <object_component_ref idref="oc-3c7"/>
      </symbol>
      <symbol id="sm-4a6">
         <name>__TI_zero_init_nomemset</name>
         <value>0xe024</value>
         <object_component_ref idref="oc-291"/>
      </symbol>
      <symbol id="sm-4b1">
         <name>_system_pre_init</name>
         <value>0xe412</value>
         <object_component_ref idref="oc-2f0"/>
      </symbol>
      <symbol id="sm-4ba">
         <name>_system_post_cinit</name>
         <value>0xe416</value>
         <object_component_ref idref="oc-482"/>
      </symbol>
      <symbol id="sm-4cb">
         <name>__TI_decompress_none</name>
         <value>0xe11c</value>
         <object_component_ref idref="oc-6e"/>
      </symbol>
      <symbol id="sm-4ec">
         <name>__TI_decompress_lzss</name>
         <value>0xd9c0</value>
         <object_component_ref idref="oc-68"/>
      </symbol>
      <symbol id="sm-512">
         <name>__mspabi_divd</name>
         <value>0xd4e4</value>
         <object_component_ref idref="oc-36f"/>
      </symbol>
      <symbol id="sm-51b">
         <name>__mspabi_fltud</name>
         <value>0xe3fa</value>
         <object_component_ref idref="oc-35c"/>
      </symbol>
      <symbol id="sm-530">
         <name>__mspabi_fltuld</name>
         <value>0xdb94</value>
         <object_component_ref idref="oc-43a"/>
      </symbol>
      <symbol id="sm-54b">
         <name>__TI_frcdivd</name>
         <value>0xcb60</value>
         <object_component_ref idref="oc-455"/>
      </symbol>
      <symbol id="sm-571">
         <name>__mspabi_mpyd</name>
         <value>0xcfc6</value>
         <object_component_ref idref="oc-368"/>
      </symbol>
      <symbol id="sm-57a">
         <name>__mspabi_subd</name>
         <value>0xe272</value>
         <object_component_ref idref="oc-362"/>
      </symbol>
      <symbol id="sm-584">
         <name>C$$EXIT</name>
         <value>0xe400</value>
         <object_component_ref idref="oc-3a3"/>
      </symbol>
      <symbol id="sm-585">
         <name>abort</name>
         <value>0xe400</value>
         <object_component_ref idref="oc-3a3"/>
      </symbol>
      <symbol id="sm-590">
         <name>__mspabi_sral_15</name>
         <value>0xe062</value>
         <object_component_ref idref="oc-50c"/>
      </symbol>
      <symbol id="sm-591">
         <name>__mspabi_sral_14</name>
         <value>0xe066</value>
         <object_component_ref idref="oc-50c"/>
      </symbol>
      <symbol id="sm-592">
         <name>__mspabi_sral_13</name>
         <value>0xe06a</value>
         <object_component_ref idref="oc-50c"/>
      </symbol>
      <symbol id="sm-593">
         <name>__mspabi_sral_12</name>
         <value>0xe06e</value>
         <object_component_ref idref="oc-50c"/>
      </symbol>
      <symbol id="sm-594">
         <name>__mspabi_sral_11</name>
         <value>0xe072</value>
         <object_component_ref idref="oc-50c"/>
      </symbol>
      <symbol id="sm-595">
         <name>__mspabi_sral_10</name>
         <value>0xe076</value>
         <object_component_ref idref="oc-50c"/>
      </symbol>
      <symbol id="sm-596">
         <name>__mspabi_sral_8</name>
         <value>0xe07e</value>
         <object_component_ref idref="oc-50c"/>
      </symbol>
      <symbol id="sm-597">
         <name>__mspabi_sral_9</name>
         <value>0xe07a</value>
         <object_component_ref idref="oc-50c"/>
      </symbol>
      <symbol id="sm-598">
         <name>__mspabi_sral_6</name>
         <value>0xe086</value>
         <object_component_ref idref="oc-50c"/>
      </symbol>
      <symbol id="sm-599">
         <name>__mspabi_sral_7</name>
         <value>0xe082</value>
         <object_component_ref idref="oc-50c"/>
      </symbol>
      <symbol id="sm-59a">
         <name>__mspabi_sral_4</name>
         <value>0xe08e</value>
         <object_component_ref idref="oc-50c"/>
      </symbol>
      <symbol id="sm-59b">
         <name>__mspabi_sral_5</name>
         <value>0xe08a</value>
         <object_component_ref idref="oc-50c"/>
      </symbol>
      <symbol id="sm-59c">
         <name>__mspabi_sral_2</name>
         <value>0xe096</value>
         <object_component_ref idref="oc-50c"/>
      </symbol>
      <symbol id="sm-59d">
         <name>__mspabi_sral_3</name>
         <value>0xe092</value>
         <object_component_ref idref="oc-50c"/>
      </symbol>
      <symbol id="sm-59e">
         <name>__mspabi_sral_1</name>
         <value>0xe09a</value>
         <object_component_ref idref="oc-50c"/>
      </symbol>
      <symbol id="sm-5a9">
         <name>__memcpy_far</name>
         <value>0xdfa4</value>
         <object_component_ref idref="oc-26e"/>
      </symbol>
      <symbol id="sm-5b1">
         <name>__mspabi_srll_8</name>
         <value>0xe0fa</value>
         <object_component_ref idref="oc-4df"/>
      </symbol>
      <symbol id="sm-5b2">
         <name>__mspabi_srll_9</name>
         <value>0xe0f6</value>
         <object_component_ref idref="oc-4df"/>
      </symbol>
      <symbol id="sm-5b3">
         <name>__mspabi_srll_6</name>
         <value>0xe102</value>
         <object_component_ref idref="oc-4df"/>
      </symbol>
      <symbol id="sm-5b4">
         <name>__mspabi_srll_7</name>
         <value>0xe0fe</value>
         <object_component_ref idref="oc-4df"/>
      </symbol>
      <symbol id="sm-5b5">
         <name>__mspabi_srll_4</name>
         <value>0xe10a</value>
         <object_component_ref idref="oc-4df"/>
      </symbol>
      <symbol id="sm-5b6">
         <name>__mspabi_srll_5</name>
         <value>0xe106</value>
         <object_component_ref idref="oc-4df"/>
      </symbol>
      <symbol id="sm-5b7">
         <name>__mspabi_srll_2</name>
         <value>0xe112</value>
         <object_component_ref idref="oc-4df"/>
      </symbol>
      <symbol id="sm-5b8">
         <name>__mspabi_srll_3</name>
         <value>0xe10e</value>
         <object_component_ref idref="oc-4df"/>
      </symbol>
      <symbol id="sm-5b9">
         <name>__mspabi_srll_1</name>
         <value>0xe116</value>
         <object_component_ref idref="oc-4df"/>
      </symbol>
      <symbol id="sm-5ba">
         <name>__mspabi_srll_15</name>
         <value>0xe0de</value>
         <object_component_ref idref="oc-4df"/>
      </symbol>
      <symbol id="sm-5bb">
         <name>__mspabi_srll_14</name>
         <value>0xe0e2</value>
         <object_component_ref idref="oc-4df"/>
      </symbol>
      <symbol id="sm-5bc">
         <name>__mspabi_srll_13</name>
         <value>0xe0e6</value>
         <object_component_ref idref="oc-4df"/>
      </symbol>
      <symbol id="sm-5bd">
         <name>__mspabi_srll_12</name>
         <value>0xe0ea</value>
         <object_component_ref idref="oc-4df"/>
      </symbol>
      <symbol id="sm-5be">
         <name>__mspabi_srll_11</name>
         <value>0xe0ee</value>
         <object_component_ref idref="oc-4df"/>
      </symbol>
      <symbol id="sm-5bf">
         <name>__mspabi_srll_10</name>
         <value>0xe0f2</value>
         <object_component_ref idref="oc-4df"/>
      </symbol>
      <symbol id="sm-5ce">
         <name>__mspabi_srlll</name>
         <value>0xe1ce</value>
         <object_component_ref idref="oc-4fe"/>
      </symbol>
      <symbol id="sm-608">
         <name>__mspabi_addd</name>
         <value>0xc436</value>
         <object_component_ref idref="oc-441"/>
      </symbol>
      <symbol id="sm-613">
         <name>__TI_frcmpyd</name>
         <value>0xd704</value>
         <object_component_ref idref="oc-448"/>
      </symbol>
      <symbol id="sm-622">
         <name>__mspabi_srall</name>
         <value>0xdfe4</value>
         <object_component_ref idref="oc-4e6"/>
      </symbol>
      <symbol id="sm-62f">
         <name>__mspabi_sllll</name>
         <value>0xe194</value>
         <object_component_ref idref="oc-4ec"/>
      </symbol>
   </symbol_table>
   <title>Link successful</title>
</link_info>
