******************************************************************************
                  MSP430 Linker PC v21.6.0                     
******************************************************************************
>> Linked Thu Aug 18 10:08:59 2022

OUTPUT FILE NAME:   <I2C_new.out>
ENTRY POINT SYMBOL: "_c_int00_noargs"  address: 0000e028


MEMORY CONFIGURATION

         name            origin    length      used     unused   attr    fill
----------------------  --------  ---------  --------  --------  ----  --------
  SFR                   00000000   00000010  00000000  00000010  RWIX
  PERIPHERALS_8BIT      00000010   000000f0  00000000  000000f0  RWIX
  PERIPHERALS_16BIT     00000100   00000100  00000000  00000100  RWIX
  INFOA                 00001800   00000200  00000000  00000200  RWIX
  RAM                   00002000   00001000  0000058a  00000a76  RWIX
  FRAM                  0000c400   00003b80  00001d6e  00001e12  RWIX
  JTAGSIGNATURE         0000ff80   00000004  00000004  00000000  RWIX  ffff 
  BSLSIGNATURE          0000ff84   00000004  00000004  00000000  RWIX  ffff 
  INT00                 0000ff88   00000002  00000000  00000002  RWIX
  INT01                 0000ff8a   00000002  00000000  00000002  RWIX
  INT02                 0000ff8c   00000002  00000000  00000002  RWIX
  INT03                 0000ff8e   00000002  00000000  00000002  RWIX
  INT04                 0000ff90   00000002  00000000  00000002  RWIX
  INT05                 0000ff92   00000002  00000000  00000002  RWIX
  INT06                 0000ff94   00000002  00000000  00000002  RWIX
  INT07                 0000ff96   00000002  00000000  00000002  RWIX
  INT08                 0000ff98   00000002  00000000  00000002  RWIX
  INT09                 0000ff9a   00000002  00000000  00000002  RWIX
  INT10                 0000ff9c   00000002  00000000  00000002  RWIX
  INT11                 0000ff9e   00000002  00000000  00000002  RWIX
  INT12                 0000ffa0   00000002  00000000  00000002  RWIX
  INT13                 0000ffa2   00000002  00000000  00000002  RWIX
  INT14                 0000ffa4   00000002  00000000  00000002  RWIX
  INT15                 0000ffa6   00000002  00000000  00000002  RWIX
  INT16                 0000ffa8   00000002  00000000  00000002  RWIX
  INT17                 0000ffaa   00000002  00000000  00000002  RWIX
  INT18                 0000ffac   00000002  00000000  00000002  RWIX
  INT19                 0000ffae   00000002  00000000  00000002  RWIX
  INT20                 0000ffb0   00000002  00000000  00000002  RWIX
  INT21                 0000ffb2   00000002  00000000  00000002  RWIX
  INT22                 0000ffb4   00000002  00000000  00000002  RWIX
  INT23                 0000ffb6   00000002  00000000  00000002  RWIX
  INT24                 0000ffb8   00000002  00000000  00000002  RWIX
  INT25                 0000ffba   00000002  00000000  00000002  RWIX
  INT26                 0000ffbc   00000002  00000000  00000002  RWIX
  INT27                 0000ffbe   00000002  00000000  00000002  RWIX
  INT28                 0000ffc0   00000002  00000000  00000002  RWIX
  INT29                 0000ffc2   00000002  00000000  00000002  RWIX
  INT30                 0000ffc4   00000002  00000000  00000002  RWIX
  INT31                 0000ffc6   00000002  00000000  00000002  RWIX
  INT32                 0000ffc8   00000002  00000000  00000002  RWIX
  INT33                 0000ffca   00000002  00000000  00000002  RWIX
  INT34                 0000ffcc   00000002  00000000  00000002  RWIX
  INT35                 0000ffce   00000002  00000000  00000002  RWIX
  INT36                 0000ffd0   00000002  00000000  00000002  RWIX
  INT37                 0000ffd2   00000002  00000000  00000002  RWIX
  INT38                 0000ffd4   00000002  00000000  00000002  RWIX
  INT39                 0000ffd6   00000002  00000000  00000002  RWIX
  INT40                 0000ffd8   00000002  00000000  00000002  RWIX
  INT41                 0000ffda   00000002  00000002  00000000  RWIX
  INT42                 0000ffdc   00000002  00000002  00000000  RWIX
  INT43                 0000ffde   00000002  00000002  00000000  RWIX
  INT44                 0000ffe0   00000002  00000002  00000000  RWIX
  INT45                 0000ffe2   00000002  00000002  00000000  RWIX
  INT46                 0000ffe4   00000002  00000002  00000000  RWIX
  INT47                 0000ffe6   00000002  00000002  00000000  RWIX
  INT48                 0000ffe8   00000002  00000002  00000000  RWIX
  INT49                 0000ffea   00000002  00000002  00000000  RWIX
  INT50                 0000ffec   00000002  00000002  00000000  RWIX
  INT51                 0000ffee   00000002  00000002  00000000  RWIX
  INT52                 0000fff0   00000002  00000002  00000000  RWIX
  INT53                 0000fff2   00000002  00000002  00000000  RWIX
  INT54                 0000fff4   00000002  00000002  00000000  RWIX
  INT55                 0000fff6   00000002  00000002  00000000  RWIX
  INT56                 0000fff8   00000002  00000002  00000000  RWIX
  INT57                 0000fffa   00000002  00000002  00000000  RWIX
  INT58                 0000fffc   00000002  00000002  00000000  RWIX
  RESET                 0000fffe   00000002  00000002  00000000  RWIX


SECTION ALLOCATION MAP

 output                                  attributes/
section   page    origin      length       input sections
--------  ----  ----------  ----------   ----------------
.sysmem    0    00002000    000001e0     UNINITIALIZED
                  00002000    00000008     rts430x_lc_sd_eabi.lib : memory.c.obj (.sysmem)
                  00002008    000001d8     --HOLE--

.data      0    000021e0    0000013e     UNINITIALIZED
                  000021e0    00000078     rts430x_lc_sd_eabi.lib : host_device.c.obj (.data:_device)
                  00002258    00000078                            : defs.c.obj (.data:_ftable)
                  000022d0    00000028                            : host_device.c.obj (.data:_stream)
                  000022f8    0000000a     I2C_main.obj (.data)
                  00002302    00000004     rts430x_lc_sd_eabi.lib : exit_gvars.c.obj (.data:__TI_cleanup_ptr)
                  00002306    00000004                            : exit_gvars.c.obj (.data:__TI_dtors_ptr)
                  0000230a    00000004                            : _lock.c.obj (.data:_lock)
                  0000230e    00000004                            : _lock.c.obj (.data:_unlock)
                  00002312    00000002     I2C_main.obj (.data:ReceiveBuffer)
                  00002314    00000002     I2C_main.obj (.data:TransmitBuffer)
                  00002316    00000002     I2C_main.obj (.data:i2c_write_reg_2B)
                  00002318    00000002     rts430x_lc_sd_eabi.lib : defs.c.obj (.data)
                  0000231a    00000002                            : exit.c.obj (.data)
                  0000231c    00000002                            : memory.c.obj (.data)

.TI.persistent 
*          0    0000c400    00000000     UNINITIALIZED

.cinit     0    0000c400    00000168     
                  0000c400    00000144     (.cinit..data.load) [load image]
                  0000c546    0000000c     (__TI_handler_table)
                  0000c552    00000006     (.cinit..bss.load) [load image, compression = zero_init]
                  0000c558    00000010     (__TI_cinit_table)

.pinit     0    0000c568    00000000     UNINITIALIZED

.binit     0    0000c568    00000000     

.init_array 
*          0    0000c568    00000000     UNINITIALIZED

.mspabi.exidx 
*          0    0000c568    00000000     UNINITIALIZED

.mspabi.extab 
*          0    0000c568    00000000     UNINITIALIZED

.const     0    0000c568    00000038     
                  0000c568    00000026     rts430x_lc_sd_eabi.lib : _printfi.c.obj (.const:.string)
                  0000c58e    00000012     I2C_main.obj (.const:.string)

.text      0    0000c5a0    00001bce     
                  0000c5a0    00000298     rts430x_lc_sd_eabi.lib : mpyd.c.obj (.text:__mspabi_mpyd)
                  0000c838    00000164                            : frcmpyd.c.obj (.text:__TI_frcmpyd)
                  0000c99c    0000010e                            : _printfi.c.obj (.text:__TI_printfi_minimal:_setfield___TI_printfi_minimal)
                  0000caaa    000000f0                            : memory.c.obj (.text:aligned_alloc)
                  0000cb9a    000000ee                            : copy_decompress_lzss.c.obj (.text:decompress:lzss:__TI_decompress_lzss)
                  0000cc88    000000e6     I2C_main.obj (.text:_isr:USCI_B0_ISR)
                  0000cd6e    000000e2     rts430x_lc_sd_eabi.lib : _printfi.c.obj (.text:__TI_printfi_minimal:__TI_printfi_minimal)
                  0000ce50    000000de                            : fputs.c.obj (.text:fputs)
                  0000cf2e    000000d2                            : memory.c.obj (.text:free)
                  0000d000    000000cc                            : setvbuf.c.obj (.text:setvbuf)
                  0000d0cc    000000c4                            : _printfi.c.obj (.text:__TI_printfi_minimal:_pproc_diouxp___TI_printfi_minimal)
                  0000d190    0000009e                            : fltlid.c.obj (.text:__mspabi_fltlid)
                  0000d22e    0000008c                            : fputc.c.obj (.text:fputc)
                  0000d2ba    00000082                            : hostlseek.c.obj (.text:HOSTlseek)
                  0000d33c    00000080                            : fltuld.c.obj (.text:__mspabi_fltuld)
                  0000d3bc    0000007c     I2C_main.obj (.text:main)
                  0000d438    0000007a     rts430x_lc_sd_eabi.lib : _io_perm.c.obj (.text:__TI_wrt_ok)
                  0000d4b2    0000006a                            : hostrename.c.obj (.text:HOSTrename)
                  0000d51c    0000006a                            : autoinit.c.obj (.text:__TI_auto_init_nobinit_nopinit_hold_wdt:__TI_auto_init_nobinit_nopinit_hold_wdt)
                  0000d586    0000006a                            : fseek.c.obj (.text:fseeko)
                  0000d5f0    00000068                            : fclose.c.obj (.text:__TI_closefile)
                  0000d658    00000068                            : memory.c.obj (.text:split)
                  0000d6c0    00000066                            : fixdli.c.obj (.text:__mspabi_fixdli)
                  0000d726    00000064                            : hostopen.c.obj (.text:HOSTopen)
                  0000d78a    00000062                            : fflush.c.obj (.text:__TI_doflush)
                  0000d7ec    00000060                            : hostwrite.c.obj (.text:HOSTwrite)
                  0000d84c    0000005e                            : hostread.c.obj (.text:HOSTread)
                  0000d8aa    0000005c                            : mult64_f5hw.asm.obj (.text:__mpyll)
                  0000d906    00000056     I2C_main.obj (.text:convert)
                  0000d95c    00000054     rts430x_lc_sd_eabi.lib : getdevice.c.obj (.text:getdevice)
                  0000d9b0    00000052     I2C_main.obj (.text:I2C_Master_WriteReg)
                  0000da02    0000004e     I2C_main.obj (.text:I2C_Master_ReadReg)
                  0000da50    0000004a     rts430x_lc_sd_eabi.lib : close.c.obj (.text:close)
                  0000da9a    00000048                            : exit.c.obj (.text:exit)
                  0000dae2    00000046                            : hostclose.c.obj (.text:HOSTclose)
                  0000db28    00000042                            : hostunlink.c.obj (.text:HOSTunlink)
                  0000db6a    00000040                            : cpy_util.asm.obj (.text:__memcpy_far)
                  0000dbaa    00000040                            : printf.c.obj (.text:printf)
                  0000dbea    0000003e                            : copy_zero_init.c.obj (.text:decompress:ZI:__TI_zero_init_nomemset:__TI_zero_init_nomemset)
                  0000dc28    0000003e                            : lsl32.asm.obj (.text:l_lsl_const)
                  0000dc66    0000003e                            : lsr32.asm.obj (.text:l_lsr_const)
                  0000dca4    0000003c                            : copy_decompress_none.c.obj (.text:decompress:none:__TI_decompress_none)
                  0000dce0    0000003a                            : lsl64.c.obj (.text:__mspabi_sllll)
                  0000dd1a    0000003a                            : lsr64.c.obj (.text:__mspabi_srlll)
                  0000dd54    00000038     I2C_main.obj (.text:initClockTo16MHz)
                  0000dd8c    00000038     I2C_main.obj (.text:pow)
                  0000ddc4    00000032     rts430x_lc_sd_eabi.lib : fopen.c.obj (.text:__TI_cleanup)
                  0000ddf6    0000002e                            : trgmsg.c.obj (.text:__TI_writemsg)
                  0000de24    0000002e                            : getdevice.c.obj (.text:finddevice)
                  0000de52    0000002c                            : trgmsg.c.obj (.text:__TI_readmsg)
                  0000de7e    0000002c                            : mult3264_f5hw.asm.obj (.text:__mpyull)
                  0000deaa    0000002c                            : strncpy.c.obj (.text:strncpy)
                  0000ded6    0000002a     I2C_main.obj (.text:initGPIO)
                  0000df00    0000002a     rts430x_lc_sd_eabi.lib : unlink.c.obj (.text:unlink)
                  0000df2a    00000028                            : fixdi.c.obj (.text:__mspabi_fixdi)
                  0000df52    00000028                            : memory.c.obj (.text:free_list_insert)
                  0000df7a    00000026     I2C_main.obj (.text:initI2C)
                  0000dfa0    00000026     rts430x_lc_sd_eabi.lib : lseek.c.obj (.text:lseek)
                  0000dfc6    00000024                            : write.c.obj (.text:write)
                  0000dfea    00000022                            : memccpy.c.obj (.text:memccpy)
                  0000e00c    0000001c     I2C_main.obj (.text:CopyArray)
                  0000e028    0000001c     rts430x_lc_sd_eabi.lib : boot.c.obj (.text:_isr:_c_int00_noargs)
                  0000e044    0000001c                            : memory.c.obj (.text:free_list_remove)
                  0000e060    0000001a                            : strchr.c.obj (.text:strchr)
                  0000e07a    00000018                            : mult16_f5hw.asm.obj (.text)
                  0000e092    00000018                            : strcmp.c.obj (.text:strcmp)
                  0000e0aa    00000016                            : div16u.asm.obj (.text)
                  0000e0c0    00000014                            : memchr.c.obj (.text:memchr)
                  0000e0d4    00000014                            : memset.c.obj (.text:memset)
                  0000e0e8    00000012                            : memcpy.c.obj (.text:memcpy)
                  0000e0fa    00000010                            : lsr32.asm.obj (.text:l_lsr)
                  0000e10a    00000010                            : strcpy.c.obj (.text:strcpy)
                  0000e11a    0000000e                            : strlen.c.obj (.text:strlen)
                  0000e128    0000000c                            : fltid.c.obj (.text:__mspabi_fltid)
                  0000e134    0000000c     I2C_main.obj (.text:concatenate)
                  0000e140    00000008     rts430x_lc_sd_eabi.lib : isr_trap.asm.obj (.text:_isr:__TI_ISR_TRAP)
                  0000e148    00000008                            : memory.c.obj (.text:malloc)
                  0000e150    00000006                            : fltud.c.obj (.text:__mspabi_fltud)
                  0000e156    00000006                            : printf.c.obj (.text:_outc)
                  0000e15c    00000006                            : exit.c.obj (.text:abort)
                  0000e162    00000004                            : printf.c.obj (.text:_outs)
                  0000e166    00000004                            : pre_init.c.obj (.text:_system_pre_init)
                  0000e16a    00000002                            : _lock.c.obj (.text:_nop)
                  0000e16c    00000002                            : startup.c.obj (.text:_system_post_cinit)

.bss       0    0000243e    000000ac     UNINITIALIZED
                  0000243e    000000a0     (.common:__TI_tmpnams)
                  000024de    00000008     (.common:parmbuf)
                  000024e6    00000002     rts430x_lc_sd_eabi.lib : memory.c.obj (.bss)
                  000024e8    00000002     (.common:i2c_read_reg_2B)

.cio       0    0000231e    00000120     UNINITIALIZED
                  0000231e    00000120     rts430x_lc_sd_eabi.lib : trgmsg.c.obj (.cio)

.stack     0    00002f60    000000a0     UNINITIALIZED
                  00002f60    00000002     rts430x_lc_sd_eabi.lib : boot.c.obj (.stack)
                  00002f62    0000009e     --HOLE--

PORT2      0    0000ffda    00000002     
                  0000ffda    00000002     rts430x_lc_sd_eabi.lib : int41.asm.obj (.int41)

PORT1      0    0000ffdc    00000002     
                  0000ffdc    00000002     rts430x_lc_sd_eabi.lib : int42.asm.obj (.int42)

ADC        0    0000ffde    00000002     
                  0000ffde    00000002     rts430x_lc_sd_eabi.lib : int43.asm.obj (.int43)

USCI_B0    0    0000ffe0    00000002     
                  0000ffe0    00000002     I2C_main.obj (.int44)

USCI_A1    0    0000ffe2    00000002     
                  0000ffe2    00000002     rts430x_lc_sd_eabi.lib : int45.asm.obj (.int45)

USCI_A0    0    0000ffe4    00000002     
                  0000ffe4    00000002     rts430x_lc_sd_eabi.lib : int46.asm.obj (.int46)

WDT        0    0000ffe6    00000002     
                  0000ffe6    00000002     rts430x_lc_sd_eabi.lib : int47.asm.obj (.int47)

RTC        0    0000ffe8    00000002     
                  0000ffe8    00000002     rts430x_lc_sd_eabi.lib : int48.asm.obj (.int48)

TIMER3_A1 
*          0    0000ffea    00000002     
                  0000ffea    00000002     rts430x_lc_sd_eabi.lib : int49.asm.obj (.int49)

TIMER3_A0 
*          0    0000ffec    00000002     
                  0000ffec    00000002     rts430x_lc_sd_eabi.lib : int50.asm.obj (.int50)

TIMER2_A1 
*          0    0000ffee    00000002     
                  0000ffee    00000002     rts430x_lc_sd_eabi.lib : int51.asm.obj (.int51)

TIMER2_A0 
*          0    0000fff0    00000002     
                  0000fff0    00000002     rts430x_lc_sd_eabi.lib : int52.asm.obj (.int52)

TIMER1_A1 
*          0    0000fff2    00000002     
                  0000fff2    00000002     rts430x_lc_sd_eabi.lib : int53.asm.obj (.int53)

TIMER1_A0 
*          0    0000fff4    00000002     
                  0000fff4    00000002     rts430x_lc_sd_eabi.lib : int54.asm.obj (.int54)

TIMER0_A1 
*          0    0000fff6    00000002     
                  0000fff6    00000002     rts430x_lc_sd_eabi.lib : int55.asm.obj (.int55)

TIMER0_A0 
*          0    0000fff8    00000002     
                  0000fff8    00000002     rts430x_lc_sd_eabi.lib : int56.asm.obj (.int56)

UNMI       0    0000fffa    00000002     
                  0000fffa    00000002     rts430x_lc_sd_eabi.lib : int57.asm.obj (.int57)

SYSNMI     0    0000fffc    00000002     
                  0000fffc    00000002     rts430x_lc_sd_eabi.lib : int58.asm.obj (.int58)

.reset     0    0000fffe    00000002     
                  0000fffe    00000002     rts430x_lc_sd_eabi.lib : boot.c.obj (.reset)

$fill000   0    0000ff80    00000004     
                  0000ff80    00000004     --HOLE-- [fill = ffff]

$fill001   0    0000ff84    00000004     
                  0000ff84    00000004     --HOLE-- [fill = ffff]

MODULE SUMMARY

       Module                       code   ro data   rw data
       ------                       ----   -------   -------
    .\
       I2C_main.obj                 832    20        18     
    +--+----------------------------+------+---------+---------+
       Total:                       832    20        18     
                                                            
    C:\ti\ccs1120\ccs\tools\compiler\ti-cgt-msp430_21.6.0.LTS\lib\rts430x_lc_sd_eabi.lib
       _printfi.c.obj               692    38        0      
       mpyd.c.obj                   664    0         0      
       memory.c.obj                 630    0         4      
       trgmsg.c.obj                 90     0         288    
       frcmpyd.c.obj                356    0         0      
       defs.c.obj                   0      0         282    
       copy_decompress_lzss.c.obj   238    0         0      
       fputs.c.obj                  222    0         0      
       setvbuf.c.obj                204    0         0      
       host_device.c.obj            0      0         160    
       fltlid.c.obj                 158    0         0      
       fputc.c.obj                  140    0         0      
       getdevice.c.obj              130    0         0      
       hostlseek.c.obj              130    0         0      
       fltuld.c.obj                 128    0         0      
       _io_perm.c.obj               122    0         0      
       hostopen.c.obj               100    0         8      
       autoinit.c.obj               106    0         0      
       fseek.c.obj                  106    0         0      
       hostrename.c.obj             106    0         0      
       fclose.c.obj                 104    0         0      
       fixdli.c.obj                 102    0         0      
       fflush.c.obj                 98     0         0      
       hostwrite.c.obj              96     0         0      
       hostread.c.obj               94     0         0      
       mult64_f5hw.asm.obj          92     0         0      
       exit.c.obj                   78     0         2      
       lsr32.asm.obj                78     0         0      
       close.c.obj                  74     0         0      
       printf.c.obj                 74     0         0      
       hostclose.c.obj              70     0         0      
       hostunlink.c.obj             66     0         0      
       cpy_util.asm.obj             64     0         0      
       copy_zero_init.c.obj         62     0         0      
       lsl32.asm.obj                62     0         0      
       copy_decompress_none.c.obj   60     0         0      
       lsl64.c.obj                  58     0         0      
       lsr64.c.obj                  58     0         0      
       fopen.c.obj                  50     0         0      
       mult3264_f5hw.asm.obj        44     0         0      
       strncpy.c.obj                44     0         0      
       unlink.c.obj                 42     0         0      
       fixdi.c.obj                  40     0         0      
       lseek.c.obj                  38     0         0      
       write.c.obj                  36     0         0      
       memccpy.c.obj                34     0         0      
       boot.c.obj                   28     2         0      
       strchr.c.obj                 26     0         0      
       mult16_f5hw.asm.obj          24     0         0      
       strcmp.c.obj                 24     0         0      
       div16u.asm.obj               22     0         0      
       memchr.c.obj                 20     0         0      
       memset.c.obj                 20     0         0      
       memcpy.c.obj                 18     0         0      
       strcpy.c.obj                 16     0         0      
       strlen.c.obj                 14     0         0      
       fltid.c.obj                  12     0         0      
       _lock.c.obj                  2      0         8      
       exit_gvars.c.obj             0      0         8      
       isr_trap.asm.obj             8      0         0      
       fltud.c.obj                  6      0         0      
       pre_init.c.obj               4      0         0      
       int41.asm.obj                0      2         0      
       int42.asm.obj                0      2         0      
       int43.asm.obj                0      2         0      
       int45.asm.obj                0      2         0      
       int46.asm.obj                0      2         0      
       int47.asm.obj                0      2         0      
       int48.asm.obj                0      2         0      
       int49.asm.obj                0      2         0      
       int50.asm.obj                0      2         0      
       int51.asm.obj                0      2         0      
       int52.asm.obj                0      2         0      
       int53.asm.obj                0      2         0      
       int54.asm.obj                0      2         0      
       int55.asm.obj                0      2         0      
       int56.asm.obj                0      2         0      
       int57.asm.obj                0      2         0      
       int58.asm.obj                0      2         0      
       startup.c.obj                2      0         0      
    +--+----------------------------+------+---------+---------+
       Total:                       6286   74        760    
                                                            
       Heap:                        0      0         480    
       Stack:                       0      0         160    
       Linker Generated:            0      358       0      
    +--+----------------------------+------+---------+---------+
       Grand Total:                 7118   452       1418   


LINKER GENERATED COPY TABLES

__TI_cinit_table @ 0000c558 records: 2, size/record: 8, table size: 16
	.data: load addr=0000c400, load size=00000144 bytes, run addr=000021e0, run size=0000013e bytes, compression=copy
	.bss: load addr=0000c552, load size=00000006 bytes, run addr=0000243e, run size=000000ac bytes, compression=zero_init


LINKER GENERATED HANDLER TABLE

__TI_handler_table @ 0000c546 records: 3, size/record: 4, table size: 12
	index: 0, handler: __TI_zero_init
	index: 1, handler: __TI_decompress_lzss
	index: 2, handler: __TI_decompress_none


GLOBAL SYMBOLS: SORTED ALPHABETICALLY BY Name 

address   name                                   
-------   ----                                   
00000700  ADCCTL0                                
00000701  ADCCTL0_H                              
00000700  ADCCTL0_L                              
00000702  ADCCTL1                                
00000703  ADCCTL1_H                              
00000702  ADCCTL1_L                              
00000704  ADCCTL2                                
00000705  ADCCTL2_H                              
00000704  ADCCTL2_L                              
00000708  ADCHI                                  
00000709  ADCHI_H                                
00000708  ADCHI_L                                
0000071a  ADCIE                                  
0000071b  ADCIE_H                                
0000071a  ADCIE_L                                
0000071c  ADCIFG                                 
0000071d  ADCIFG_H                               
0000071c  ADCIFG_L                               
0000071e  ADCIV                                  
0000071f  ADCIV_H                                
0000071e  ADCIV_L                                
00000706  ADCLO                                  
00000707  ADCLO_H                                
00000706  ADCLO_L                                
0000070a  ADCMCTL0                               
0000070b  ADCMCTL0_H                             
0000070a  ADCMCTL0_L                             
00000712  ADCMEM0                                
00000713  ADCMEM0_H                              
00000712  ADCMEM0_L                              
00000660  BAKMEM0                                
00000661  BAKMEM0_H                              
00000660  BAKMEM0_L                              
00000662  BAKMEM1                                
00000674  BAKMEM10                               
00000675  BAKMEM10_H                             
00000674  BAKMEM10_L                             
00000676  BAKMEM11                               
00000677  BAKMEM11_H                             
00000676  BAKMEM11_L                             
00000678  BAKMEM12                               
00000679  BAKMEM12_H                             
00000678  BAKMEM12_L                             
0000067a  BAKMEM13                               
0000067b  BAKMEM13_H                             
0000067a  BAKMEM13_L                             
0000067c  BAKMEM14                               
0000067d  BAKMEM14_H                             
0000067c  BAKMEM14_L                             
0000067e  BAKMEM15                               
0000067f  BAKMEM15_H                             
0000067e  BAKMEM15_L                             
00000663  BAKMEM1_H                              
00000662  BAKMEM1_L                              
00000664  BAKMEM2                                
00000665  BAKMEM2_H                              
00000664  BAKMEM2_L                              
00000666  BAKMEM3                                
00000667  BAKMEM3_H                              
00000666  BAKMEM3_L                              
00000668  BAKMEM4                                
00000669  BAKMEM4_H                              
00000668  BAKMEM4_L                              
0000066a  BAKMEM5                                
0000066b  BAKMEM5_H                              
0000066a  BAKMEM5_L                              
0000066c  BAKMEM6                                
0000066d  BAKMEM6_H                              
0000066c  BAKMEM6_L                              
0000066e  BAKMEM7                                
0000066f  BAKMEM7_H                              
0000066e  BAKMEM7_L                              
00000670  BAKMEM8                                
00000671  BAKMEM8_H                              
00000670  BAKMEM8_L                              
00000672  BAKMEM9                                
00000673  BAKMEM9_H                              
00000672  BAKMEM9_L                              
0000e15c  C$$EXIT                                
0000de20  C$$IO$$                                
000001c0  CRCDI                                  
000001c2  CRCDIRB                                
000001c3  CRCDIRB_H                              
000001c2  CRCDIRB_L                              
000001c1  CRCDI_H                                
000001c0  CRCDI_L                                
000001c4  CRCINIRES                              
000001c5  CRCINIRES_H                            
000001c4  CRCINIRES_L                            
000001c6  CRCRESR                                
000001c7  CRCRESR_H                              
000001c6  CRCRESR_L                              
00000180  CSCTL0                                 
00000181  CSCTL0_H                               
00000180  CSCTL0_L                               
00000182  CSCTL1                                 
00000183  CSCTL1_H                               
00000182  CSCTL1_L                               
00000184  CSCTL2                                 
00000185  CSCTL2_H                               
00000184  CSCTL2_L                               
00000186  CSCTL3                                 
00000187  CSCTL3_H                               
00000186  CSCTL3_L                               
00000188  CSCTL4                                 
00000189  CSCTL4_H                               
00000188  CSCTL4_L                               
0000018a  CSCTL5                                 
0000018b  CSCTL5_H                               
0000018a  CSCTL5_L                               
0000018c  CSCTL6                                 
0000018d  CSCTL6_H                               
0000018c  CSCTL6_L                               
0000018e  CSCTL7                                 
0000018f  CSCTL7_H                               
0000018e  CSCTL7_L                               
00000190  CSCTL8                                 
00000191  CSCTL8_H                               
00000190  CSCTL8_L                               
0000e00c  CopyArray                              
000001a0  FRCTL0                                 
000001a1  FRCTL0_H                               
000001a0  FRCTL0_L                               
000001a4  GCCTL0                                 
000001a5  GCCTL0_H                               
000001a4  GCCTL0_L                               
000001a6  GCCTL1                                 
000001a7  GCCTL1_H                               
000001a6  GCCTL1_L                               
0000dae2  HOSTclose                              
0000d2ba  HOSTlseek                              
0000d726  HOSTopen                               
0000d84c  HOSTread                               
0000d4b2  HOSTrename                             
0000db28  HOSTunlink                             
0000d7ec  HOSTwrite                              
0000da02  I2C_Master_ReadReg                     
0000d9b0  I2C_Master_WriteReg                    
000004c4  MAC                                    
000004da  MAC32H                                 
000004db  MAC32H_H                               
000004da  MAC32H_L                               
000004d8  MAC32L                                 
000004d9  MAC32L_H                               
000004d8  MAC32L_L                               
000004c6  MACS                                   
000004de  MACS32H                                
000004df  MACS32H_H                              
000004de  MACS32H_L                              
000004dc  MACS32L                                
000004dd  MACS32L_H                              
000004dc  MACS32L_L                              
000004c7  MACS_H                                 
000004c6  MACS_L                                 
000004c5  MAC_H                                  
000004c4  MAC_L                                  
000004c0  MPY                                    
000004ec  MPY32CTL0                              
000004ed  MPY32CTL0_H                            
000004ec  MPY32CTL0_L                            
000004d2  MPY32H                                 
000004d3  MPY32H_H                               
000004d2  MPY32H_L                               
000004d0  MPY32L                                 
000004d1  MPY32L_H                               
000004d0  MPY32L_L                               
000004c2  MPYS                                   
000004d6  MPYS32H                                
000004d7  MPYS32H_H                              
000004d6  MPYS32H_L                              
000004d4  MPYS32L                                
000004d5  MPYS32L_H                              
000004d4  MPYS32L_L                              
000004c3  MPYS_H                                 
000004c2  MPYS_L                                 
000004c1  MPY_H                                  
000004c0  MPY_L                                  
000022f8  MasterMode                             
000004c8  OP2                                    
000004e2  OP2H                                   
000004e3  OP2H_H                                 
000004e2  OP2H_L                                 
000004e0  OP2L                                   
000004e1  OP2L_H                                 
000004e0  OP2L_L                                 
000004c9  OP2_H                                  
000004c8  OP2_L                                  
0000020e  P1IV                                   
0000021e  P2IV                                   
00000204  PADIR                                  
00000205  PADIR_H                                
00000204  PADIR_L                                
0000021a  PAIE                                   
00000218  PAIES                                  
00000219  PAIES_H                                
00000218  PAIES_L                                
0000021b  PAIE_H                                 
0000021a  PAIE_L                                 
0000021c  PAIFG                                  
0000021d  PAIFG_H                                
0000021c  PAIFG_L                                
00000200  PAIN                                   
00000201  PAIN_H                                 
00000200  PAIN_L                                 
00000202  PAOUT                                  
00000203  PAOUT_H                                
00000202  PAOUT_L                                
00000206  PAREN                                  
00000207  PAREN_H                                
00000206  PAREN_L                                
0000020a  PASEL0                                 
0000020b  PASEL0_H                               
0000020a  PASEL0_L                               
0000020c  PASEL1                                 
0000020d  PASEL1_H                               
0000020c  PASEL1_L                               
00000224  PBDIR                                  
00000225  PBDIR_H                                
00000224  PBDIR_L                                
00000220  PBIN                                   
00000221  PBIN_H                                 
00000220  PBIN_L                                 
00000222  PBOUT                                  
00000223  PBOUT_H                                
00000222  PBOUT_L                                
00000226  PBREN                                  
00000227  PBREN_H                                
00000226  PBREN_L                                
0000022a  PBSEL0                                 
0000022b  PBSEL0_H                               
0000022a  PBSEL0_L                               
0000022c  PBSEL1                                 
0000022d  PBSEL1_H                               
0000022c  PBSEL1_L                               
00000130  PM5CTL0                                
00000131  PM5CTL0_H                              
00000130  PM5CTL0_L                              
00000120  PMMCTL0                                
00000121  PMMCTL0_H                              
00000120  PMMCTL0_L                              
00000122  PMMCTL1                                
00000123  PMMCTL1_H                              
00000122  PMMCTL1_L                              
00000124  PMMCTL2                                
00000125  PMMCTL2_H                              
00000124  PMMCTL2_L                              
0000012e  PMMIE                                  
0000012f  PMMIE_H                                
0000012e  PMMIE_L                                
0000012a  PMMIFG                                 
0000012b  PMMIFG_H                               
0000012a  PMMIFG_L                               
000004e4  RES0                                   
000004e5  RES0_H                                 
000004e4  RES0_L                                 
000004e6  RES1                                   
000004e7  RES1_H                                 
000004e6  RES1_L                                 
000004e8  RES2                                   
000004e9  RES2_H                                 
000004e8  RES2_L                                 
000004ea  RES3                                   
000004eb  RES3_H                                 
000004ea  RES3_L                                 
000004cc  RESHI                                  
000004cd  RESHI_H                                
000004cc  RESHI_L                                
000004ca  RESLO                                  
000004cb  RESLO_H                                
000004ca  RESLO_L                                
0000030c  RTCCNT                                 
0000030d  RTCCNT_H                               
0000030c  RTCCNT_L                               
00000300  RTCCTL                                 
00000301  RTCCTL_H                               
00000300  RTCCTL_L                               
00000304  RTCIV                                  
00000305  RTCIV_H                                
00000304  RTCIV_L                                
00000308  RTCMOD                                 
00000309  RTCMOD_H                               
00000308  RTCMOD_L                               
000022fb  RXByteCtr                              
00002312  ReceiveBuffer                          
000022fc  ReceiveIndex                           
00000100  SFRIE1                                 
00000101  SFRIE1_H                               
00000100  SFRIE1_L                               
00000102  SFRIFG1                                
00000103  SFRIFG1_H                              
00000102  SFRIFG1_L                              
00000104  SFRRPCR                                
00000105  SFRRPCR_H                              
00000104  SFRRPCR_L                              
000004ce  SUMEXT                                 
000004cf  SUMEXT_H                               
000004ce  SUMEXT_L                               
00000158  SYSBERRIV                              
00000159  SYSBERRIV_H                            
00000158  SYSBERRIV_L                            
00000142  SYSBSLC                                
00000143  SYSBSLC_H                              
00000142  SYSBSLC_L                              
00000160  SYSCFG0                                
00000161  SYSCFG0_H                              
00000160  SYSCFG0_L                              
00000162  SYSCFG1                                
00000163  SYSCFG1_H                              
00000162  SYSCFG1_L                              
00000164  SYSCFG2                                
00000165  SYSCFG2_H                              
00000164  SYSCFG2_L                              
00000140  SYSCTL                                 
00000141  SYSCTL_H                               
00000140  SYSCTL_L                               
00000146  SYSJMBC                                
00000147  SYSJMBC_H                              
00000146  SYSJMBC_L                              
00000148  SYSJMBI0                               
00000149  SYSJMBI0_H                             
00000148  SYSJMBI0_L                             
0000014a  SYSJMBI1                               
0000014b  SYSJMBI1_H                             
0000014a  SYSJMBI1_L                             
0000014c  SYSJMBO0                               
0000014d  SYSJMBO0_H                             
0000014c  SYSJMBO0_L                             
0000014e  SYSJMBO1                               
0000014f  SYSJMBO1_H                             
0000014e  SYSJMBO1_L                             
0000015e  SYSRSTIV                               
0000015f  SYSRSTIV_H                             
0000015e  SYSRSTIV_L                             
0000015c  SYSSNIV                                
0000015d  SYSSNIV_H                              
0000015c  SYSSNIV_L                              
0000015a  SYSUNIV                                
0000015b  SYSUNIV_H                              
0000015a  SYSUNIV_L                              
00000392  TA0CCR0                                
00000394  TA0CCR1                                
00000396  TA0CCR2                                
00000382  TA0CCTL0                               
00000384  TA0CCTL1                               
00000386  TA0CCTL2                               
00000380  TA0CTL                                 
000003a0  TA0EX0                                 
000003ae  TA0IV                                  
00000390  TA0R                                   
000003d2  TA1CCR0                                
000003d4  TA1CCR1                                
000003d6  TA1CCR2                                
000003c2  TA1CCTL0                               
000003c4  TA1CCTL1                               
000003c6  TA1CCTL2                               
000003c0  TA1CTL                                 
000003e0  TA1EX0                                 
000003ee  TA1IV                                  
000003d0  TA1R                                   
00000412  TA2CCR0                                
00000414  TA2CCR1                                
00000402  TA2CCTL0                               
00000404  TA2CCTL1                               
00000400  TA2CTL                                 
00000420  TA2EX0                                 
0000042e  TA2IV                                  
00000410  TA2R                                   
00000452  TA3CCR0                                
00000454  TA3CCR1                                
00000442  TA3CCTL0                               
00000444  TA3CCTL1                               
00000440  TA3CTL                                 
00000460  TA3EX0                                 
0000046e  TA3IV                                  
00000450  TA3R                                   
000022fd  TXByteCtr                              
00002314  TransmitBuffer                         
000022fe  TransmitIndex                          
000022fa  TransmitRegAddr                        
00000510  UCA0ABCTL                              
00000506  UCA0BRW                                
00000507  UCA0BRW_H                              
00000506  UCA0BRW_L                              
00000500  UCA0CTLW0                              
00000501  UCA0CTLW0_H                            
00000500  UCA0CTLW0_L                            
00000502  UCA0CTLW1                              
00000503  UCA0CTLW1_H                            
00000502  UCA0CTLW1_L                            
0000051a  UCA0IE                                 
0000051b  UCA0IE_H                               
0000051a  UCA0IE_L                               
0000051c  UCA0IFG                                
0000051d  UCA0IFG_H                              
0000051c  UCA0IFG_L                              
00000512  UCA0IRCTL                              
00000513  UCA0IRCTL_H                            
00000512  UCA0IRCTL_L                            
0000051e  UCA0IV                                 
00000508  UCA0MCTLW                              
00000509  UCA0MCTLW_H                            
00000508  UCA0MCTLW_L                            
0000050c  UCA0RXBUF                              
0000050d  UCA0RXBUF_H                            
0000050c  UCA0RXBUF_L                            
0000050a  UCA0STATW                              
0000050e  UCA0TXBUF                              
0000050f  UCA0TXBUF_H                            
0000050e  UCA0TXBUF_L                            
00000530  UCA1ABCTL                              
00000526  UCA1BRW                                
00000527  UCA1BRW_H                              
00000526  UCA1BRW_L                              
00000520  UCA1CTLW0                              
00000521  UCA1CTLW0_H                            
00000520  UCA1CTLW0_L                            
00000522  UCA1CTLW1                              
00000523  UCA1CTLW1_H                            
00000522  UCA1CTLW1_L                            
0000053a  UCA1IE                                 
0000053b  UCA1IE_H                               
0000053a  UCA1IE_L                               
0000053c  UCA1IFG                                
0000053d  UCA1IFG_H                              
0000053c  UCA1IFG_L                              
00000532  UCA1IRCTL                              
00000533  UCA1IRCTL_H                            
00000532  UCA1IRCTL_L                            
0000053e  UCA1IV                                 
00000528  UCA1MCTLW                              
00000529  UCA1MCTLW_H                            
00000528  UCA1MCTLW_L                            
0000052c  UCA1RXBUF                              
0000052d  UCA1RXBUF_H                            
0000052c  UCA1RXBUF_L                            
0000052a  UCA1STATW                              
0000052e  UCA1TXBUF                              
0000052f  UCA1TXBUF_H                            
0000052e  UCA1TXBUF_L                            
0000055e  UCB0ADDMASK                            
0000055f  UCB0ADDMASK_H                          
0000055e  UCB0ADDMASK_L                          
0000055c  UCB0ADDRX                              
0000055d  UCB0ADDRX_H                            
0000055c  UCB0ADDRX_L                            
00000546  UCB0BRW                                
00000547  UCB0BRW_H                              
00000546  UCB0BRW_L                              
00000540  UCB0CTLW0                              
00000541  UCB0CTLW0_H                            
00000540  UCB0CTLW0_L                            
00000542  UCB0CTLW1                              
00000543  UCB0CTLW1_H                            
00000542  UCB0CTLW1_L                            
00000554  UCB0I2COA0                             
00000555  UCB0I2COA0_H                           
00000554  UCB0I2COA0_L                           
00000556  UCB0I2COA1                             
00000557  UCB0I2COA1_H                           
00000556  UCB0I2COA1_L                           
00000558  UCB0I2COA2                             
00000559  UCB0I2COA2_H                           
00000558  UCB0I2COA2_L                           
0000055a  UCB0I2COA3                             
0000055b  UCB0I2COA3_H                           
0000055a  UCB0I2COA3_L                           
00000560  UCB0I2CSA                              
00000561  UCB0I2CSA_H                            
00000560  UCB0I2CSA_L                            
0000056a  UCB0IE                                 
0000056b  UCB0IE_H                               
0000056a  UCB0IE_L                               
0000056c  UCB0IFG                                
0000056d  UCB0IFG_H                              
0000056c  UCB0IFG_L                              
0000056e  UCB0IV                                 
0000054c  UCB0RXBUF                              
0000054d  UCB0RXBUF_H                            
0000054c  UCB0RXBUF_L                            
00000548  UCB0STATW                              
00000549  UCB0STATW_H                            
00000548  UCB0STATW_L                            
0000054a  UCB0TBCNT                              
0000054b  UCB0TBCNT_H                            
0000054a  UCB0TBCNT_L                            
0000054e  UCB0TXBUF                              
0000054f  UCB0TXBUF_H                            
0000054e  UCB0TXBUF_L                            
0000cc88  USCI_B0_ISR                            
000001cc  WDTCTL                                 
000001cd  WDTCTL_H                               
000001cc  WDTCTL_L                               
0000231e  _CIOBUF_                               
00003000  __STACK_END                            
000000a0  __STACK_SIZE                           
000001e0  __SYSMEM_SIZE                          
0000c558  __TI_CINIT_Base                        
0000c568  __TI_CINIT_Limit                       
0000c568  __TI_CINIT_Warm                        
0000c546  __TI_Handler_Table_Base                
0000c552  __TI_Handler_Table_Limit               
0000e140  __TI_ISR_TRAP                          
0000d51c  __TI_auto_init_nobinit_nopinit_hold_wdt
0000ddc4  __TI_cleanup                           
00002302  __TI_cleanup_ptr                       
0000d5f0  __TI_closefile                         
0000cb9a  __TI_decompress_lzss                   
0000dca4  __TI_decompress_none                   
0000d78a  __TI_doflush                           
00002306  __TI_dtors_ptr                         
0000231a  __TI_enable_exit_profile_output        
0000c838  __TI_frcmpyd                           
00002318  __TI_ft_end                            
0000ffda  __TI_int41                             
0000ffdc  __TI_int42                             
0000ffde  __TI_int43                             
0000ffe0  __TI_int44                             
0000ffe2  __TI_int45                             
0000ffe4  __TI_int46                             
0000ffe6  __TI_int47                             
0000ffe8  __TI_int48                             
0000ffea  __TI_int49                             
0000ffec  __TI_int50                             
0000ffee  __TI_int51                             
0000fff0  __TI_int52                             
0000fff2  __TI_int53                             
0000fff4  __TI_int54                             
0000fff6  __TI_int55                             
0000fff8  __TI_int56                             
0000fffa  __TI_int57                             
0000fffc  __TI_int58                             
ffffffff  __TI_pprof_out_hndl                    
0000cd6e  __TI_printfi_minimal                   
ffffffff  __TI_prof_data_size                    
ffffffff  __TI_prof_data_start                   
0000de52  __TI_readmsg                           
0000243e  __TI_tmpnams                           
0000ddf6  __TI_writemsg                          
0000d438  __TI_wrt_ok                            
0000dbea  __TI_zero_init_nomemset                
ffffffff  __c_args__                             
0000db6a  __memcpy_far                           
0000e0aa  __mspabi_divu                          
0000df2a  __mspabi_fixdi                         
0000d6c0  __mspabi_fixdli                        
0000e128  __mspabi_fltid                         
0000d190  __mspabi_fltlid                        
0000e150  __mspabi_fltud                         
0000d33c  __mspabi_fltuld                        
0000c5a0  __mspabi_mpyd                          
0000e07a  __mspabi_mpyi_f5hw                     
0000d8aa  __mspabi_mpyll_f5hw                    
0000de7e  __mspabi_mpyull_f5hw                   
0000e0aa  __mspabi_remu                          
0000dc60  __mspabi_slll_1                        
0000dc3c  __mspabi_slll_10                       
0000dc38  __mspabi_slll_11                       
0000dc34  __mspabi_slll_12                       
0000dc30  __mspabi_slll_13                       
0000dc2c  __mspabi_slll_14                       
0000dc28  __mspabi_slll_15                       
0000dc5c  __mspabi_slll_2                        
0000dc58  __mspabi_slll_3                        
0000dc54  __mspabi_slll_4                        
0000dc50  __mspabi_slll_5                        
0000dc4c  __mspabi_slll_6                        
0000dc48  __mspabi_slll_7                        
0000dc44  __mspabi_slll_8                        
0000dc40  __mspabi_slll_9                        
0000dce0  __mspabi_sllll                         
0000e0fa  __mspabi_srll                          
0000dc9e  __mspabi_srll_1                        
0000dc7a  __mspabi_srll_10                       
0000dc76  __mspabi_srll_11                       
0000dc72  __mspabi_srll_12                       
0000dc6e  __mspabi_srll_13                       
0000dc6a  __mspabi_srll_14                       
0000dc66  __mspabi_srll_15                       
0000dc9a  __mspabi_srll_2                        
0000dc96  __mspabi_srll_3                        
0000dc92  __mspabi_srll_4                        
0000dc8e  __mspabi_srll_5                        
0000dc8a  __mspabi_srll_6                        
0000dc86  __mspabi_srll_7                        
0000dc82  __mspabi_srll_8                        
0000dc7e  __mspabi_srll_9                        
0000dd1a  __mspabi_srlll                         
0000e028  _c_int00_noargs                        
000021e0  _device                                
00002258  _ftable                                
0000230a  _lock                                  
0000e16a  _nop                                   
0000fffe  _reset_vector                          
00002f60  _stack                                 
000022d0  _stream                                
00002000  _sys_memory                            
0000e16c  _system_post_cinit                     
0000e166  _system_pre_init                       
0000230e  _unlock                                
0000e15c  abort                                  
0000caaa  aligned_alloc                          
0000da50  close                                  
0000e134  concatenate                            
0000d906  convert                                
0000da9a  exit                                   
0000de24  finddevice                             
0000d22e  fputc                                  
0000ce50  fputs                                  
0000cf2e  free                                   
0000d586  fseek                                  
0000d586  fseeko                                 
0000d95c  getdevice                              
000024e8  i2c_read_reg_2B                        
00002316  i2c_write_reg_2B                       
0000dd54  initClockTo16MHz                       
0000ded6  initGPIO                               
0000df7a  initI2C                                
0000dfa0  lseek                                  
0000d3bc  main                                   
0000e148  malloc                                 
0000caaa  memalign                               
0000dfea  memccpy                                
0000e0c0  memchr                                 
0000e0e8  memcpy                                 
0000e0d4  memset                                 
000024de  parmbuf                                
0000dd8c  pow                                    
0000dbaa  printf                                 
0000d22e  putc                                   
0000df00  remove                                 
00002300  result                                 
0000d000  setvbuf                                
0000e060  strchr                                 
0000e092  strcmp                                 
0000e10a  strcpy                                 
0000e11a  strlen                                 
0000deaa  strncpy                                
0000df00  unlink                                 
0000dfc6  write                                  


GLOBAL SYMBOLS: SORTED BY Symbol Address 

address   name                                   
-------   ----                                   
000000a0  __STACK_SIZE                           
00000100  SFRIE1                                 
00000100  SFRIE1_L                               
00000101  SFRIE1_H                               
00000102  SFRIFG1                                
00000102  SFRIFG1_L                              
00000103  SFRIFG1_H                              
00000104  SFRRPCR                                
00000104  SFRRPCR_L                              
00000105  SFRRPCR_H                              
00000120  PMMCTL0                                
00000120  PMMCTL0_L                              
00000121  PMMCTL0_H                              
00000122  PMMCTL1                                
00000122  PMMCTL1_L                              
00000123  PMMCTL1_H                              
00000124  PMMCTL2                                
00000124  PMMCTL2_L                              
00000125  PMMCTL2_H                              
0000012a  PMMIFG                                 
0000012a  PMMIFG_L                               
0000012b  PMMIFG_H                               
0000012e  PMMIE                                  
0000012e  PMMIE_L                                
0000012f  PMMIE_H                                
00000130  PM5CTL0                                
00000130  PM5CTL0_L                              
00000131  PM5CTL0_H                              
00000140  SYSCTL                                 
00000140  SYSCTL_L                               
00000141  SYSCTL_H                               
00000142  SYSBSLC                                
00000142  SYSBSLC_L                              
00000143  SYSBSLC_H                              
00000146  SYSJMBC                                
00000146  SYSJMBC_L                              
00000147  SYSJMBC_H                              
00000148  SYSJMBI0                               
00000148  SYSJMBI0_L                             
00000149  SYSJMBI0_H                             
0000014a  SYSJMBI1                               
0000014a  SYSJMBI1_L                             
0000014b  SYSJMBI1_H                             
0000014c  SYSJMBO0                               
0000014c  SYSJMBO0_L                             
0000014d  SYSJMBO0_H                             
0000014e  SYSJMBO1                               
0000014e  SYSJMBO1_L                             
0000014f  SYSJMBO1_H                             
00000158  SYSBERRIV                              
00000158  SYSBERRIV_L                            
00000159  SYSBERRIV_H                            
0000015a  SYSUNIV                                
0000015a  SYSUNIV_L                              
0000015b  SYSUNIV_H                              
0000015c  SYSSNIV                                
0000015c  SYSSNIV_L                              
0000015d  SYSSNIV_H                              
0000015e  SYSRSTIV                               
0000015e  SYSRSTIV_L                             
0000015f  SYSRSTIV_H                             
00000160  SYSCFG0                                
00000160  SYSCFG0_L                              
00000161  SYSCFG0_H                              
00000162  SYSCFG1                                
00000162  SYSCFG1_L                              
00000163  SYSCFG1_H                              
00000164  SYSCFG2                                
00000164  SYSCFG2_L                              
00000165  SYSCFG2_H                              
00000180  CSCTL0                                 
00000180  CSCTL0_L                               
00000181  CSCTL0_H                               
00000182  CSCTL1                                 
00000182  CSCTL1_L                               
00000183  CSCTL1_H                               
00000184  CSCTL2                                 
00000184  CSCTL2_L                               
00000185  CSCTL2_H                               
00000186  CSCTL3                                 
00000186  CSCTL3_L                               
00000187  CSCTL3_H                               
00000188  CSCTL4                                 
00000188  CSCTL4_L                               
00000189  CSCTL4_H                               
0000018a  CSCTL5                                 
0000018a  CSCTL5_L                               
0000018b  CSCTL5_H                               
0000018c  CSCTL6                                 
0000018c  CSCTL6_L                               
0000018d  CSCTL6_H                               
0000018e  CSCTL7                                 
0000018e  CSCTL7_L                               
0000018f  CSCTL7_H                               
00000190  CSCTL8                                 
00000190  CSCTL8_L                               
00000191  CSCTL8_H                               
000001a0  FRCTL0                                 
000001a0  FRCTL0_L                               
000001a1  FRCTL0_H                               
000001a4  GCCTL0                                 
000001a4  GCCTL0_L                               
000001a5  GCCTL0_H                               
000001a6  GCCTL1                                 
000001a6  GCCTL1_L                               
000001a7  GCCTL1_H                               
000001c0  CRCDI                                  
000001c0  CRCDI_L                                
000001c1  CRCDI_H                                
000001c2  CRCDIRB                                
000001c2  CRCDIRB_L                              
000001c3  CRCDIRB_H                              
000001c4  CRCINIRES                              
000001c4  CRCINIRES_L                            
000001c5  CRCINIRES_H                            
000001c6  CRCRESR                                
000001c6  CRCRESR_L                              
000001c7  CRCRESR_H                              
000001cc  WDTCTL                                 
000001cc  WDTCTL_L                               
000001cd  WDTCTL_H                               
000001e0  __SYSMEM_SIZE                          
00000200  PAIN                                   
00000200  PAIN_L                                 
00000201  PAIN_H                                 
00000202  PAOUT                                  
00000202  PAOUT_L                                
00000203  PAOUT_H                                
00000204  PADIR                                  
00000204  PADIR_L                                
00000205  PADIR_H                                
00000206  PAREN                                  
00000206  PAREN_L                                
00000207  PAREN_H                                
0000020a  PASEL0                                 
0000020a  PASEL0_L                               
0000020b  PASEL0_H                               
0000020c  PASEL1                                 
0000020c  PASEL1_L                               
0000020d  PASEL1_H                               
0000020e  P1IV                                   
00000218  PAIES                                  
00000218  PAIES_L                                
00000219  PAIES_H                                
0000021a  PAIE                                   
0000021a  PAIE_L                                 
0000021b  PAIE_H                                 
0000021c  PAIFG                                  
0000021c  PAIFG_L                                
0000021d  PAIFG_H                                
0000021e  P2IV                                   
00000220  PBIN                                   
00000220  PBIN_L                                 
00000221  PBIN_H                                 
00000222  PBOUT                                  
00000222  PBOUT_L                                
00000223  PBOUT_H                                
00000224  PBDIR                                  
00000224  PBDIR_L                                
00000225  PBDIR_H                                
00000226  PBREN                                  
00000226  PBREN_L                                
00000227  PBREN_H                                
0000022a  PBSEL0                                 
0000022a  PBSEL0_L                               
0000022b  PBSEL0_H                               
0000022c  PBSEL1                                 
0000022c  PBSEL1_L                               
0000022d  PBSEL1_H                               
00000300  RTCCTL                                 
00000300  RTCCTL_L                               
00000301  RTCCTL_H                               
00000304  RTCIV                                  
00000304  RTCIV_L                                
00000305  RTCIV_H                                
00000308  RTCMOD                                 
00000308  RTCMOD_L                               
00000309  RTCMOD_H                               
0000030c  RTCCNT                                 
0000030c  RTCCNT_L                               
0000030d  RTCCNT_H                               
00000380  TA0CTL                                 
00000382  TA0CCTL0                               
00000384  TA0CCTL1                               
00000386  TA0CCTL2                               
00000390  TA0R                                   
00000392  TA0CCR0                                
00000394  TA0CCR1                                
00000396  TA0CCR2                                
000003a0  TA0EX0                                 
000003ae  TA0IV                                  
000003c0  TA1CTL                                 
000003c2  TA1CCTL0                               
000003c4  TA1CCTL1                               
000003c6  TA1CCTL2                               
000003d0  TA1R                                   
000003d2  TA1CCR0                                
000003d4  TA1CCR1                                
000003d6  TA1CCR2                                
000003e0  TA1EX0                                 
000003ee  TA1IV                                  
00000400  TA2CTL                                 
00000402  TA2CCTL0                               
00000404  TA2CCTL1                               
00000410  TA2R                                   
00000412  TA2CCR0                                
00000414  TA2CCR1                                
00000420  TA2EX0                                 
0000042e  TA2IV                                  
00000440  TA3CTL                                 
00000442  TA3CCTL0                               
00000444  TA3CCTL1                               
00000450  TA3R                                   
00000452  TA3CCR0                                
00000454  TA3CCR1                                
00000460  TA3EX0                                 
0000046e  TA3IV                                  
000004c0  MPY                                    
000004c0  MPY_L                                  
000004c1  MPY_H                                  
000004c2  MPYS                                   
000004c2  MPYS_L                                 
000004c3  MPYS_H                                 
000004c4  MAC                                    
000004c4  MAC_L                                  
000004c5  MAC_H                                  
000004c6  MACS                                   
000004c6  MACS_L                                 
000004c7  MACS_H                                 
000004c8  OP2                                    
000004c8  OP2_L                                  
000004c9  OP2_H                                  
000004ca  RESLO                                  
000004ca  RESLO_L                                
000004cb  RESLO_H                                
000004cc  RESHI                                  
000004cc  RESHI_L                                
000004cd  RESHI_H                                
000004ce  SUMEXT                                 
000004ce  SUMEXT_L                               
000004cf  SUMEXT_H                               
000004d0  MPY32L                                 
000004d0  MPY32L_L                               
000004d1  MPY32L_H                               
000004d2  MPY32H                                 
000004d2  MPY32H_L                               
000004d3  MPY32H_H                               
000004d4  MPYS32L                                
000004d4  MPYS32L_L                              
000004d5  MPYS32L_H                              
000004d6  MPYS32H                                
000004d6  MPYS32H_L                              
000004d7  MPYS32H_H                              
000004d8  MAC32L                                 
000004d8  MAC32L_L                               
000004d9  MAC32L_H                               
000004da  MAC32H                                 
000004da  MAC32H_L                               
000004db  MAC32H_H                               
000004dc  MACS32L                                
000004dc  MACS32L_L                              
000004dd  MACS32L_H                              
000004de  MACS32H                                
000004de  MACS32H_L                              
000004df  MACS32H_H                              
000004e0  OP2L                                   
000004e0  OP2L_L                                 
000004e1  OP2L_H                                 
000004e2  OP2H                                   
000004e2  OP2H_L                                 
000004e3  OP2H_H                                 
000004e4  RES0                                   
000004e4  RES0_L                                 
000004e5  RES0_H                                 
000004e6  RES1                                   
000004e6  RES1_L                                 
000004e7  RES1_H                                 
000004e8  RES2                                   
000004e8  RES2_L                                 
000004e9  RES2_H                                 
000004ea  RES3                                   
000004ea  RES3_L                                 
000004eb  RES3_H                                 
000004ec  MPY32CTL0                              
000004ec  MPY32CTL0_L                            
000004ed  MPY32CTL0_H                            
00000500  UCA0CTLW0                              
00000500  UCA0CTLW0_L                            
00000501  UCA0CTLW0_H                            
00000502  UCA0CTLW1                              
00000502  UCA0CTLW1_L                            
00000503  UCA0CTLW1_H                            
00000506  UCA0BRW                                
00000506  UCA0BRW_L                              
00000507  UCA0BRW_H                              
00000508  UCA0MCTLW                              
00000508  UCA0MCTLW_L                            
00000509  UCA0MCTLW_H                            
0000050a  UCA0STATW                              
0000050c  UCA0RXBUF                              
0000050c  UCA0RXBUF_L                            
0000050d  UCA0RXBUF_H                            
0000050e  UCA0TXBUF                              
0000050e  UCA0TXBUF_L                            
0000050f  UCA0TXBUF_H                            
00000510  UCA0ABCTL                              
00000512  UCA0IRCTL                              
00000512  UCA0IRCTL_L                            
00000513  UCA0IRCTL_H                            
0000051a  UCA0IE                                 
0000051a  UCA0IE_L                               
0000051b  UCA0IE_H                               
0000051c  UCA0IFG                                
0000051c  UCA0IFG_L                              
0000051d  UCA0IFG_H                              
0000051e  UCA0IV                                 
00000520  UCA1CTLW0                              
00000520  UCA1CTLW0_L                            
00000521  UCA1CTLW0_H                            
00000522  UCA1CTLW1                              
00000522  UCA1CTLW1_L                            
00000523  UCA1CTLW1_H                            
00000526  UCA1BRW                                
00000526  UCA1BRW_L                              
00000527  UCA1BRW_H                              
00000528  UCA1MCTLW                              
00000528  UCA1MCTLW_L                            
00000529  UCA1MCTLW_H                            
0000052a  UCA1STATW                              
0000052c  UCA1RXBUF                              
0000052c  UCA1RXBUF_L                            
0000052d  UCA1RXBUF_H                            
0000052e  UCA1TXBUF                              
0000052e  UCA1TXBUF_L                            
0000052f  UCA1TXBUF_H                            
00000530  UCA1ABCTL                              
00000532  UCA1IRCTL                              
00000532  UCA1IRCTL_L                            
00000533  UCA1IRCTL_H                            
0000053a  UCA1IE                                 
0000053a  UCA1IE_L                               
0000053b  UCA1IE_H                               
0000053c  UCA1IFG                                
0000053c  UCA1IFG_L                              
0000053d  UCA1IFG_H                              
0000053e  UCA1IV                                 
00000540  UCB0CTLW0                              
00000540  UCB0CTLW0_L                            
00000541  UCB0CTLW0_H                            
00000542  UCB0CTLW1                              
00000542  UCB0CTLW1_L                            
00000543  UCB0CTLW1_H                            
00000546  UCB0BRW                                
00000546  UCB0BRW_L                              
00000547  UCB0BRW_H                              
00000548  UCB0STATW                              
00000548  UCB0STATW_L                            
00000549  UCB0STATW_H                            
0000054a  UCB0TBCNT                              
0000054a  UCB0TBCNT_L                            
0000054b  UCB0TBCNT_H                            
0000054c  UCB0RXBUF                              
0000054c  UCB0RXBUF_L                            
0000054d  UCB0RXBUF_H                            
0000054e  UCB0TXBUF                              
0000054e  UCB0TXBUF_L                            
0000054f  UCB0TXBUF_H                            
00000554  UCB0I2COA0                             
00000554  UCB0I2COA0_L                           
00000555  UCB0I2COA0_H                           
00000556  UCB0I2COA1                             
00000556  UCB0I2COA1_L                           
00000557  UCB0I2COA1_H                           
00000558  UCB0I2COA2                             
00000558  UCB0I2COA2_L                           
00000559  UCB0I2COA2_H                           
0000055a  UCB0I2COA3                             
0000055a  UCB0I2COA3_L                           
0000055b  UCB0I2COA3_H                           
0000055c  UCB0ADDRX                              
0000055c  UCB0ADDRX_L                            
0000055d  UCB0ADDRX_H                            
0000055e  UCB0ADDMASK                            
0000055e  UCB0ADDMASK_L                          
0000055f  UCB0ADDMASK_H                          
00000560  UCB0I2CSA                              
00000560  UCB0I2CSA_L                            
00000561  UCB0I2CSA_H                            
0000056a  UCB0IE                                 
0000056a  UCB0IE_L                               
0000056b  UCB0IE_H                               
0000056c  UCB0IFG                                
0000056c  UCB0IFG_L                              
0000056d  UCB0IFG_H                              
0000056e  UCB0IV                                 
00000660  BAKMEM0                                
00000660  BAKMEM0_L                              
00000661  BAKMEM0_H                              
00000662  BAKMEM1                                
00000662  BAKMEM1_L                              
00000663  BAKMEM1_H                              
00000664  BAKMEM2                                
00000664  BAKMEM2_L                              
00000665  BAKMEM2_H                              
00000666  BAKMEM3                                
00000666  BAKMEM3_L                              
00000667  BAKMEM3_H                              
00000668  BAKMEM4                                
00000668  BAKMEM4_L                              
00000669  BAKMEM4_H                              
0000066a  BAKMEM5                                
0000066a  BAKMEM5_L                              
0000066b  BAKMEM5_H                              
0000066c  BAKMEM6                                
0000066c  BAKMEM6_L                              
0000066d  BAKMEM6_H                              
0000066e  BAKMEM7                                
0000066e  BAKMEM7_L                              
0000066f  BAKMEM7_H                              
00000670  BAKMEM8                                
00000670  BAKMEM8_L                              
00000671  BAKMEM8_H                              
00000672  BAKMEM9                                
00000672  BAKMEM9_L                              
00000673  BAKMEM9_H                              
00000674  BAKMEM10                               
00000674  BAKMEM10_L                             
00000675  BAKMEM10_H                             
00000676  BAKMEM11                               
00000676  BAKMEM11_L                             
00000677  BAKMEM11_H                             
00000678  BAKMEM12                               
00000678  BAKMEM12_L                             
00000679  BAKMEM12_H                             
0000067a  BAKMEM13                               
0000067a  BAKMEM13_L                             
0000067b  BAKMEM13_H                             
0000067c  BAKMEM14                               
0000067c  BAKMEM14_L                             
0000067d  BAKMEM14_H                             
0000067e  BAKMEM15                               
0000067e  BAKMEM15_L                             
0000067f  BAKMEM15_H                             
00000700  ADCCTL0                                
00000700  ADCCTL0_L                              
00000701  ADCCTL0_H                              
00000702  ADCCTL1                                
00000702  ADCCTL1_L                              
00000703  ADCCTL1_H                              
00000704  ADCCTL2                                
00000704  ADCCTL2_L                              
00000705  ADCCTL2_H                              
00000706  ADCLO                                  
00000706  ADCLO_L                                
00000707  ADCLO_H                                
00000708  ADCHI                                  
00000708  ADCHI_L                                
00000709  ADCHI_H                                
0000070a  ADCMCTL0                               
0000070a  ADCMCTL0_L                             
0000070b  ADCMCTL0_H                             
00000712  ADCMEM0                                
00000712  ADCMEM0_L                              
00000713  ADCMEM0_H                              
0000071a  ADCIE                                  
0000071a  ADCIE_L                                
0000071b  ADCIE_H                                
0000071c  ADCIFG                                 
0000071c  ADCIFG_L                               
0000071d  ADCIFG_H                               
0000071e  ADCIV                                  
0000071e  ADCIV_L                                
0000071f  ADCIV_H                                
00002000  _sys_memory                            
000021e0  _device                                
00002258  _ftable                                
000022d0  _stream                                
000022f8  MasterMode                             
000022fa  TransmitRegAddr                        
000022fb  RXByteCtr                              
000022fc  ReceiveIndex                           
000022fd  TXByteCtr                              
000022fe  TransmitIndex                          
00002300  result                                 
00002302  __TI_cleanup_ptr                       
00002306  __TI_dtors_ptr                         
0000230a  _lock                                  
0000230e  _unlock                                
00002312  ReceiveBuffer                          
00002314  TransmitBuffer                         
00002316  i2c_write_reg_2B                       
00002318  __TI_ft_end                            
0000231a  __TI_enable_exit_profile_output        
0000231e  _CIOBUF_                               
0000243e  __TI_tmpnams                           
000024de  parmbuf                                
000024e8  i2c_read_reg_2B                        
00002f60  _stack                                 
00003000  __STACK_END                            
0000c546  __TI_Handler_Table_Base                
0000c552  __TI_Handler_Table_Limit               
0000c558  __TI_CINIT_Base                        
0000c568  __TI_CINIT_Limit                       
0000c568  __TI_CINIT_Warm                        
0000c5a0  __mspabi_mpyd                          
0000c838  __TI_frcmpyd                           
0000caaa  aligned_alloc                          
0000caaa  memalign                               
0000cb9a  __TI_decompress_lzss                   
0000cc88  USCI_B0_ISR                            
0000cd6e  __TI_printfi_minimal                   
0000ce50  fputs                                  
0000cf2e  free                                   
0000d000  setvbuf                                
0000d190  __mspabi_fltlid                        
0000d22e  fputc                                  
0000d22e  putc                                   
0000d2ba  HOSTlseek                              
0000d33c  __mspabi_fltuld                        
0000d3bc  main                                   
0000d438  __TI_wrt_ok                            
0000d4b2  HOSTrename                             
0000d51c  __TI_auto_init_nobinit_nopinit_hold_wdt
0000d586  fseek                                  
0000d586  fseeko                                 
0000d5f0  __TI_closefile                         
0000d6c0  __mspabi_fixdli                        
0000d726  HOSTopen                               
0000d78a  __TI_doflush                           
0000d7ec  HOSTwrite                              
0000d84c  HOSTread                               
0000d8aa  __mspabi_mpyll_f5hw                    
0000d906  convert                                
0000d95c  getdevice                              
0000d9b0  I2C_Master_WriteReg                    
0000da02  I2C_Master_ReadReg                     
0000da50  close                                  
0000da9a  exit                                   
0000dae2  HOSTclose                              
0000db28  HOSTunlink                             
0000db6a  __memcpy_far                           
0000dbaa  printf                                 
0000dbea  __TI_zero_init_nomemset                
0000dc28  __mspabi_slll_15                       
0000dc2c  __mspabi_slll_14                       
0000dc30  __mspabi_slll_13                       
0000dc34  __mspabi_slll_12                       
0000dc38  __mspabi_slll_11                       
0000dc3c  __mspabi_slll_10                       
0000dc40  __mspabi_slll_9                        
0000dc44  __mspabi_slll_8                        
0000dc48  __mspabi_slll_7                        
0000dc4c  __mspabi_slll_6                        
0000dc50  __mspabi_slll_5                        
0000dc54  __mspabi_slll_4                        
0000dc58  __mspabi_slll_3                        
0000dc5c  __mspabi_slll_2                        
0000dc60  __mspabi_slll_1                        
0000dc66  __mspabi_srll_15                       
0000dc6a  __mspabi_srll_14                       
0000dc6e  __mspabi_srll_13                       
0000dc72  __mspabi_srll_12                       
0000dc76  __mspabi_srll_11                       
0000dc7a  __mspabi_srll_10                       
0000dc7e  __mspabi_srll_9                        
0000dc82  __mspabi_srll_8                        
0000dc86  __mspabi_srll_7                        
0000dc8a  __mspabi_srll_6                        
0000dc8e  __mspabi_srll_5                        
0000dc92  __mspabi_srll_4                        
0000dc96  __mspabi_srll_3                        
0000dc9a  __mspabi_srll_2                        
0000dc9e  __mspabi_srll_1                        
0000dca4  __TI_decompress_none                   
0000dce0  __mspabi_sllll                         
0000dd1a  __mspabi_srlll                         
0000dd54  initClockTo16MHz                       
0000dd8c  pow                                    
0000ddc4  __TI_cleanup                           
0000ddf6  __TI_writemsg                          
0000de20  C$$IO$$                                
0000de24  finddevice                             
0000de52  __TI_readmsg                           
0000de7e  __mspabi_mpyull_f5hw                   
0000deaa  strncpy                                
0000ded6  initGPIO                               
0000df00  remove                                 
0000df00  unlink                                 
0000df2a  __mspabi_fixdi                         
0000df7a  initI2C                                
0000dfa0  lseek                                  
0000dfc6  write                                  
0000dfea  memccpy                                
0000e00c  CopyArray                              
0000e028  _c_int00_noargs                        
0000e060  strchr                                 
0000e07a  __mspabi_mpyi_f5hw                     
0000e092  strcmp                                 
0000e0aa  __mspabi_divu                          
0000e0aa  __mspabi_remu                          
0000e0c0  memchr                                 
0000e0d4  memset                                 
0000e0e8  memcpy                                 
0000e0fa  __mspabi_srll                          
0000e10a  strcpy                                 
0000e11a  strlen                                 
0000e128  __mspabi_fltid                         
0000e134  concatenate                            
0000e140  __TI_ISR_TRAP                          
0000e148  malloc                                 
0000e150  __mspabi_fltud                         
0000e15c  C$$EXIT                                
0000e15c  abort                                  
0000e166  _system_pre_init                       
0000e16a  _nop                                   
0000e16c  _system_post_cinit                     
0000ffda  __TI_int41                             
0000ffdc  __TI_int42                             
0000ffde  __TI_int43                             
0000ffe0  __TI_int44                             
0000ffe2  __TI_int45                             
0000ffe4  __TI_int46                             
0000ffe6  __TI_int47                             
0000ffe8  __TI_int48                             
0000ffea  __TI_int49                             
0000ffec  __TI_int50                             
0000ffee  __TI_int51                             
0000fff0  __TI_int52                             
0000fff2  __TI_int53                             
0000fff4  __TI_int54                             
0000fff6  __TI_int55                             
0000fff8  __TI_int56                             
0000fffa  __TI_int57                             
0000fffc  __TI_int58                             
0000fffe  _reset_vector                          
ffffffff  __TI_pprof_out_hndl                    
ffffffff  __TI_prof_data_size                    
ffffffff  __TI_prof_data_start                   
ffffffff  __c_args__                             

[639 symbols]
